Archive member included to satisfy reference by file (symbol)

/usr/lib/gcc/avr/5.4.0/../../../avr/lib/avr6/libscanf_flt.a(vfscanf_flt.o)
                              (vfscanf)
/usr/lib/gcc/avr/5.4.0/../../../avr/lib/avr6/libprintf_flt.a(vfprintf_flt.o)
                              (vfprintf)
/usr/lib/gcc/avr/5.4.0/avr6/libgcc.a(_udivmodhi4.o)
                              build/portmanager.o (__udivmodhi4)
/usr/lib/gcc/avr/5.4.0/avr6/libgcc.a(_udivmodsi4.o)
                              build/serial.o (__udivmodsi4)
/usr/lib/gcc/avr/5.4.0/avr6/libgcc.a(_exit.o)
                              /usr/lib/gcc/avr/5.4.0/../../../avr/lib/avr6/crtatmega2560.o (exit)
/usr/lib/gcc/avr/5.4.0/avr6/libgcc.a(_copy_data.o)
                              build/dht11.o (__do_copy_data)
/usr/lib/gcc/avr/5.4.0/avr6/libgcc.a(_clear_bss.o)
                              build/dht11.o (__do_clear_bss)
/usr/lib/gcc/avr/5.4.0/avr6/libgcc.a(_ctors.o)
                              build/interrupt.o (__do_global_ctors)
/usr/lib/gcc/avr/5.4.0/avr6/libgcc.a(_tablejump2.o)
                              /usr/lib/gcc/avr/5.4.0/avr6/libgcc.a(_ctors.o) (__tablejump2__)
/usr/lib/gcc/avr/5.4.0/../../../avr/lib/avr6/libm.a(addsf3.o)
                              build/portmanager.o (__subsf3)
/usr/lib/gcc/avr/5.4.0/../../../avr/lib/avr6/libm.a(addsf3x.o)
                              /usr/lib/gcc/avr/5.4.0/../../../avr/lib/avr6/libm.a(addsf3.o) (__addsf3x)
/usr/lib/gcc/avr/5.4.0/../../../avr/lib/avr6/libm.a(atan2.o)
                              build/hmc5883.o (atan2)
/usr/lib/gcc/avr/5.4.0/../../../avr/lib/avr6/libm.a(atan.o)
                              /usr/lib/gcc/avr/5.4.0/../../../avr/lib/avr6/libm.a(atan2.o) (atan)
/usr/lib/gcc/avr/5.4.0/../../../avr/lib/avr6/libm.a(divsf3.o)
                              build/hmc5883.o (__divsf3)
/usr/lib/gcc/avr/5.4.0/../../../avr/lib/avr6/libm.a(divsf3x.o)
                              /usr/lib/gcc/avr/5.4.0/../../../avr/lib/avr6/libm.a(divsf3.o) (__divsf3x)
/usr/lib/gcc/avr/5.4.0/../../../avr/lib/avr6/libm.a(fixunssfsi.o)
                              build/portmanager.o (__fixunssfsi)
/usr/lib/gcc/avr/5.4.0/../../../avr/lib/avr6/libm.a(floatsisf.o)
                              /usr/lib/gcc/avr/5.4.0/../../../avr/lib/avr6/libscanf_flt.a(vfscanf_flt.o) (__floatunsisf)
/usr/lib/gcc/avr/5.4.0/../../../avr/lib/avr6/libm.a(fp_inf.o)
                              /usr/lib/gcc/avr/5.4.0/../../../avr/lib/avr6/libm.a(addsf3x.o) (__fp_inf)
/usr/lib/gcc/avr/5.4.0/../../../avr/lib/avr6/libm.a(fp_nan.o)
                              /usr/lib/gcc/avr/5.4.0/../../../avr/lib/avr6/libm.a(addsf3x.o) (__fp_nan)
/usr/lib/gcc/avr/5.4.0/../../../avr/lib/avr6/libm.a(fp_powser.o)
                              /usr/lib/gcc/avr/5.4.0/../../../avr/lib/avr6/libm.a(atan.o) (__fp_powser)
/usr/lib/gcc/avr/5.4.0/../../../avr/lib/avr6/libm.a(fp_pscA.o)
                              /usr/lib/gcc/avr/5.4.0/../../../avr/lib/avr6/libm.a(addsf3x.o) (__fp_pscA)
/usr/lib/gcc/avr/5.4.0/../../../avr/lib/avr6/libm.a(fp_pscB.o)
                              /usr/lib/gcc/avr/5.4.0/../../../avr/lib/avr6/libm.a(addsf3x.o) (__fp_pscB)
/usr/lib/gcc/avr/5.4.0/../../../avr/lib/avr6/libm.a(fp_round.o)
                              /usr/lib/gcc/avr/5.4.0/../../../avr/lib/avr6/libm.a(addsf3.o) (__fp_round)
/usr/lib/gcc/avr/5.4.0/../../../avr/lib/avr6/libm.a(fp_split3.o)
                              /usr/lib/gcc/avr/5.4.0/../../../avr/lib/avr6/libm.a(addsf3x.o) (__fp_split3)
/usr/lib/gcc/avr/5.4.0/../../../avr/lib/avr6/libm.a(fp_zero.o)
                              /usr/lib/gcc/avr/5.4.0/../../../avr/lib/avr6/libm.a(addsf3x.o) (__fp_zero)
/usr/lib/gcc/avr/5.4.0/../../../avr/lib/avr6/libm.a(inverse.o)
                              /usr/lib/gcc/avr/5.4.0/../../../avr/lib/avr6/libm.a(atan.o) (inverse)
/usr/lib/gcc/avr/5.4.0/../../../avr/lib/avr6/libm.a(mulsf3.o)
                              /usr/lib/gcc/avr/5.4.0/../../../avr/lib/avr6/libscanf_flt.a(vfscanf_flt.o) (__mulsf3)
/usr/lib/gcc/avr/5.4.0/../../../avr/lib/avr6/libm.a(mulsf3x.o)
                              /usr/lib/gcc/avr/5.4.0/../../../avr/lib/avr6/libm.a(atan.o) (__mulsf3x)
/usr/lib/gcc/avr/5.4.0/../../../avr/lib/avr6/libm.a(square.o)
                              /usr/lib/gcc/avr/5.4.0/../../../avr/lib/avr6/libm.a(atan.o) (square)
/usr/lib/gcc/avr/5.4.0/../../../avr/lib/avr6/libc.a(malloc.o)
                              build/cppfix.o (malloc)
/usr/lib/gcc/avr/5.4.0/../../../avr/lib/avr6/libc.a(realloc.o)
                              build/i2cmaster.o (realloc)
/usr/lib/gcc/avr/5.4.0/../../../avr/lib/avr6/libc.a(ftoa_engine.o)
                              /usr/lib/gcc/avr/5.4.0/../../../avr/lib/avr6/libprintf_flt.a(vfprintf_flt.o) (__ftoa_engine)
/usr/lib/gcc/avr/5.4.0/../../../avr/lib/avr6/libc.a(isspace.o)
                              /usr/lib/gcc/avr/5.4.0/../../../avr/lib/avr6/libscanf_flt.a(vfscanf_flt.o) (isspace)
/usr/lib/gcc/avr/5.4.0/../../../avr/lib/avr6/libc.a(tolower.o)
                              /usr/lib/gcc/avr/5.4.0/../../../avr/lib/avr6/libscanf_flt.a(vfscanf_flt.o) (tolower)
/usr/lib/gcc/avr/5.4.0/../../../avr/lib/avr6/libc.a(strchr_P.o)
                              /usr/lib/gcc/avr/5.4.0/../../../avr/lib/avr6/libscanf_flt.a(vfscanf_flt.o) (strchr_P)
/usr/lib/gcc/avr/5.4.0/../../../avr/lib/avr6/libc.a(strnlen_P.o)
                              /usr/lib/gcc/avr/5.4.0/../../../avr/lib/avr6/libprintf_flt.a(vfprintf_flt.o) (strnlen_P)
/usr/lib/gcc/avr/5.4.0/../../../avr/lib/avr6/libc.a(memcpy.o)
                              /usr/lib/gcc/avr/5.4.0/../../../avr/lib/avr6/libc.a(realloc.o) (memcpy)
/usr/lib/gcc/avr/5.4.0/../../../avr/lib/avr6/libc.a(memset.o)
                              build/serial.o (memset)
/usr/lib/gcc/avr/5.4.0/../../../avr/lib/avr6/libc.a(strnlen.o)
                              /usr/lib/gcc/avr/5.4.0/../../../avr/lib/avr6/libprintf_flt.a(vfprintf_flt.o) (strnlen)
/usr/lib/gcc/avr/5.4.0/../../../avr/lib/avr6/libc.a(fgetc.o)
                              /usr/lib/gcc/avr/5.4.0/../../../avr/lib/avr6/libscanf_flt.a(vfscanf_flt.o) (fgetc)
/usr/lib/gcc/avr/5.4.0/../../../avr/lib/avr6/libc.a(fputc.o)
                              /usr/lib/gcc/avr/5.4.0/../../../avr/lib/avr6/libprintf_flt.a(vfprintf_flt.o) (fputc)
/usr/lib/gcc/avr/5.4.0/../../../avr/lib/avr6/libc.a(vsprintf.o)
                              build/serial.o (vsprintf)
/usr/lib/gcc/avr/5.4.0/../../../avr/lib/avr6/libc.a(ungetc.o)
                              /usr/lib/gcc/avr/5.4.0/../../../avr/lib/avr6/libscanf_flt.a(vfscanf_flt.o) (ungetc)
/usr/lib/gcc/avr/5.4.0/../../../avr/lib/avr6/libc.a(ultoa_invert.o)
                              /usr/lib/gcc/avr/5.4.0/../../../avr/lib/avr6/libprintf_flt.a(vfprintf_flt.o) (__ultoa_invert)
/usr/lib/gcc/avr/5.4.0/../../../avr/lib/avr6/libc.a(cty_isfalse.o)
                              /usr/lib/gcc/avr/5.4.0/../../../avr/lib/avr6/libc.a(isspace.o) (__ctype_isfalse)

Allocating common symbols
Common symbol       size              file

__brkval            0x2               /usr/lib/gcc/avr/5.4.0/../../../avr/lib/avr6/libc.a(malloc.o)
__flp               0x2               /usr/lib/gcc/avr/5.4.0/../../../avr/lib/avr6/libc.a(malloc.o)

Discarded input sections

 .group         0x0000000000000000        0x8 build/dht11.o
 .group         0x0000000000000000        0x8 build/dht11.o
 .group         0x0000000000000000        0x8 build/serial.o
 .bss._ZZN13SerialManager11getInstanceE10SerialPortE8instance
                0x0000000000000000        0x8 build/serial.o

Memory Configuration

Name             Origin             Length             Attributes
text             0x0000000000000000 0x0000000000100000 xr
data             0x0000000000800200 0x000000000000fe00 rw !x
eeprom           0x0000000000810000 0x0000000000010000 rw !x
fuse             0x0000000000820000 0x0000000000000003 rw !x
lock             0x0000000000830000 0x0000000000000400 rw !x
signature        0x0000000000840000 0x0000000000000400 rw !x
user_signatures  0x0000000000850000 0x0000000000000400 rw !x
*default*        0x0000000000000000 0xffffffffffffffff

Linker script and memory map

Address of section .data set to 0x800200
LOAD /usr/lib/gcc/avr/5.4.0/../../../avr/lib/avr6/crtatmega2560.o
LOAD /usr/lib/gcc/avr/5.4.0/../../../avr/lib/avr6/libscanf_flt.a
LOAD /usr/lib/gcc/avr/5.4.0/../../../avr/lib/avr6/libprintf_flt.a
LOAD build/cppfix.o
LOAD build/dht11.o
LOAD build/hmc5883.o
LOAD build/i2cmaster.o
LOAD build/i2cslave.o
LOAD build/interrupt.o
LOAD build/main.o
LOAD build/mpu6050.o
LOAD build/portmanager.o
LOAD build/serial.o
LOAD build/spimaster.o
LOAD build/spislave.o
LOAD build/timer.o
LOAD /usr/lib/gcc/avr/5.4.0/avr6/libgcc.a
LOAD /usr/lib/gcc/avr/5.4.0/../../../avr/lib/avr6/libm.a
START GROUP
LOAD /usr/lib/gcc/avr/5.4.0/avr6/libgcc.a
LOAD /usr/lib/gcc/avr/5.4.0/../../../avr/lib/avr6/libm.a
LOAD /usr/lib/gcc/avr/5.4.0/../../../avr/lib/avr6/libc.a
LOAD /usr/lib/gcc/avr/5.4.0/../../../avr/lib/avr6/libatmega2560.a
END GROUP
                0x0000000000100000                __TEXT_REGION_LENGTH__ = DEFINED (__TEXT_REGION_LENGTH__)?__TEXT_REGION_LENGTH__:0x100000
                0x000000000000fe00                __DATA_REGION_LENGTH__ = DEFINED (__DATA_REGION_LENGTH__)?__DATA_REGION_LENGTH__:0xfe00
                0x0000000000010000                __EEPROM_REGION_LENGTH__ = DEFINED (__EEPROM_REGION_LENGTH__)?__EEPROM_REGION_LENGTH__:0x10000
                [0x0000000000000003]                __FUSE_REGION_LENGTH__ = DEFINED (__FUSE_REGION_LENGTH__)?__FUSE_REGION_LENGTH__:0x400
                0x0000000000000400                __LOCK_REGION_LENGTH__ = DEFINED (__LOCK_REGION_LENGTH__)?__LOCK_REGION_LENGTH__:0x400
                0x0000000000000400                __SIGNATURE_REGION_LENGTH__ = DEFINED (__SIGNATURE_REGION_LENGTH__)?__SIGNATURE_REGION_LENGTH__:0x400
                0x0000000000000400                __USER_SIGNATURE_REGION_LENGTH__ = DEFINED (__USER_SIGNATURE_REGION_LENGTH__)?__USER_SIGNATURE_REGION_LENGTH__:0x400

.hash
 *(.hash)

.dynsym
 *(.dynsym)

.dynstr
 *(.dynstr)

.gnu.version
 *(.gnu.version)

.gnu.version_d
 *(.gnu.version_d)

.gnu.version_r
 *(.gnu.version_r)

.rel.init
 *(.rel.init)

.rela.init
 *(.rela.init)

.rel.text
 *(.rel.text)
 *(.rel.text.*)
 *(.rel.gnu.linkonce.t*)

.rela.text
 *(.rela.text)
 *(.rela.text.*)
 *(.rela.gnu.linkonce.t*)

.rel.fini
 *(.rel.fini)

.rela.fini
 *(.rela.fini)

.rel.rodata
 *(.rel.rodata)
 *(.rel.rodata.*)
 *(.rel.gnu.linkonce.r*)

.rela.rodata
 *(.rela.rodata)
 *(.rela.rodata.*)
 *(.rela.gnu.linkonce.r*)

.rel.data
 *(.rel.data)
 *(.rel.data.*)
 *(.rel.gnu.linkonce.d*)

.rela.data
 *(.rela.data)
 *(.rela.data.*)
 *(.rela.gnu.linkonce.d*)

.rel.ctors
 *(.rel.ctors)

.rela.ctors
 *(.rela.ctors)

.rel.dtors
 *(.rel.dtors)

.rela.dtors
 *(.rela.dtors)

.rel.got
 *(.rel.got)

.rela.got
 *(.rela.got)

.rel.bss
 *(.rel.bss)

.rela.bss
 *(.rela.bss)

.rel.plt
 *(.rel.plt)

.rela.plt
 *(.rela.plt)

.text           0x0000000000000000     0x5a96
 *(.vectors)
 .vectors       0x0000000000000000       0xe4 /usr/lib/gcc/avr/5.4.0/../../../avr/lib/avr6/crtatmega2560.o
                0x0000000000000000                __vectors
                0x0000000000000000                __vector_default
 *(.vectors)
 *(.progmem.gcc*)
 .progmem.gcc_fplib
                0x00000000000000e4       0x2d /usr/lib/gcc/avr/5.4.0/../../../avr/lib/avr6/libm.a(atan.o)
                0x0000000000000112                . = ALIGN (0x2)
 *fill*         0x0000000000000111        0x1 
                0x0000000000000112                __trampolines_start = .
 *(.trampolines)
 .trampolines   0x0000000000000112        0x8 linker stubs
 *(.trampolines*)
                0x000000000000011a                __trampolines_end = .
 *libprintf_flt.a:*(.progmem.data)
 .progmem.data  0x000000000000011a        0x8 /usr/lib/gcc/avr/5.4.0/../../../avr/lib/avr6/libprintf_flt.a(vfprintf_flt.o)
 *libc.a:*(.progmem.data)
 .progmem.data  0x0000000000000122       0xfa /usr/lib/gcc/avr/5.4.0/../../../avr/lib/avr6/libc.a(ftoa_engine.o)
 *(.progmem*)
 .progmem.data  0x000000000000021c       0x4d /usr/lib/gcc/avr/5.4.0/../../../avr/lib/avr6/libscanf_flt.a(vfscanf_flt.o)
 .progmem.data  0x0000000000000269      0x15e build/interrupt.o
 .progmem.data  0x00000000000003c7      0x15e build/portmanager.o
                0x0000000000000526                . = ALIGN (0x2)
 *fill*         0x0000000000000525        0x1 
 *(.jumptables)
 *(.jumptables*)
 *(.lowtext)
 *(.lowtext*)
                0x0000000000000526                __ctors_start = .
 *(.ctors)
 .ctors         0x0000000000000526        0x2 build/interrupt.o
 .ctors         0x0000000000000528        0x2 build/timer.o
                0x000000000000052a                __ctors_end = .
                0x000000000000052a                __dtors_start = .
 *(.dtors)
                0x000000000000052a                __dtors_end = .
 SORT(*)(.ctors)
 SORT(*)(.dtors)
 *(.init0)
 .init0         0x000000000000052a        0x0 /usr/lib/gcc/avr/5.4.0/../../../avr/lib/avr6/crtatmega2560.o
                0x000000000000052a                __init
 *(.init0)
 *(.init1)
 *(.init1)
 *(.init2)
 .init2         0x000000000000052a       0x10 /usr/lib/gcc/avr/5.4.0/../../../avr/lib/avr6/crtatmega2560.o
 *(.init2)
 *(.init3)
 *(.init3)
 *(.init4)
 .init4         0x000000000000053a       0x1a /usr/lib/gcc/avr/5.4.0/avr6/libgcc.a(_copy_data.o)
                0x000000000000053a                __do_copy_data
 .init4         0x0000000000000554       0x10 /usr/lib/gcc/avr/5.4.0/avr6/libgcc.a(_clear_bss.o)
                0x0000000000000554                __do_clear_bss
 *(.init4)
 *(.init5)
 *(.init5)
 *(.init6)
 .init6         0x0000000000000564       0x20 /usr/lib/gcc/avr/5.4.0/avr6/libgcc.a(_ctors.o)
                0x0000000000000564                __do_global_ctors
 *(.init6)
 *(.init7)
 *(.init7)
 *(.init8)
 *(.init8)
 *(.init9)
 .init9         0x0000000000000584        0x8 /usr/lib/gcc/avr/5.4.0/../../../avr/lib/avr6/crtatmega2560.o
 *(.init9)
 *(.text)
 .text          0x000000000000058c        0x4 /usr/lib/gcc/avr/5.4.0/../../../avr/lib/avr6/crtatmega2560.o
                0x000000000000058c                __vector_38
                0x000000000000058c                __vector_22
                0x000000000000058c                __vector_28
                0x000000000000058c                __vector_12
                0x000000000000058c                __vector_55
                0x000000000000058c                __vector_46
                0x000000000000058c                __bad_interrupt
                0x000000000000058c                __vector_31
                0x000000000000058c                __vector_35
                0x000000000000058c                __vector_30
                0x000000000000058c                __vector_17
                0x000000000000058c                __vector_19
                0x000000000000058c                __vector_56
                0x000000000000058c                __vector_49
                0x000000000000058c                __vector_41
                0x000000000000058c                __vector_27
                0x000000000000058c                __vector_52
                0x000000000000058c                __vector_37
                0x000000000000058c                __vector_21
                0x000000000000058c                __vector_15
                0x000000000000058c                __vector_29
                0x000000000000058c                __vector_40
                0x000000000000058c                __vector_26
                0x000000000000058c                __vector_48
                0x000000000000058c                __vector_14
                0x000000000000058c                __vector_53
                0x000000000000058c                __vector_50
                0x000000000000058c                __vector_16
                0x000000000000058c                __vector_18
                0x000000000000058c                __vector_20
 .text          0x0000000000000590        0x0 /usr/lib/gcc/avr/5.4.0/../../../avr/lib/avr6/libscanf_flt.a(vfscanf_flt.o)
 .text          0x0000000000000590        0x0 /usr/lib/gcc/avr/5.4.0/../../../avr/lib/avr6/libprintf_flt.a(vfprintf_flt.o)
 .text          0x0000000000000590       0x26 build/cppfix.o
                0x0000000000000590                __cxa_guard_acquire
                0x00000000000005a2                __cxa_guard_release
                0x00000000000005aa                __cxa_guard_abort
                0x00000000000005ac                __cxa_pure_virtual
                0x00000000000005ae                _Znwj
                0x00000000000005b2                _ZdlPv
 .text          0x00000000000005b6      0x398 build/dht11.o
                0x00000000000005b6                _ZN5Dht11C2E3Pin
                0x00000000000005b6                _ZN5Dht11C1E3Pin
                0x00000000000005de                _ZN5Dht11C1Eh
                0x00000000000005de                _ZN5Dht11C2Eh
                0x000000000000063c                _ZN5Dht11C2E7dht11_t
                0x000000000000063c                _ZN5Dht11C1E7dht11_t
                0x0000000000000664                _ZN5Dht1114getTemperatureEv
                0x000000000000066a                _ZN5Dht1111getHumidityEv
                0x0000000000000670                _ZN5Dht1114startContitionEv
                0x0000000000000706                _ZN5Dht117getDataEv
                0x0000000000000934                _ZN5Dht118checkCrcEv
 .text          0x000000000000094e      0x24e build/hmc5883.o
                0x000000000000094e                _ZN7Hmc5883C1Ehh
                0x000000000000094e                _ZN7Hmc5883C2Ehh
                0x0000000000000986                _ZN7Hmc58834initEv
                0x0000000000000a28                _ZN7Hmc58839setSampleE14SAMPLE_MEASURE
                0x0000000000000a72                _ZN7Hmc58839getSampleEv
                0x0000000000000a78                _ZN7Hmc588310setOutRateEv
                0x0000000000000a7a                _ZN7Hmc588310getOutRateEv
                0x0000000000000a80                _ZN7Hmc58837setGainEv
                0x0000000000000a82                _ZN7Hmc58837getGainEv
                0x0000000000000a88                _ZN7Hmc58839setOpModeEv
                0x0000000000000a8a                _ZN7Hmc58839getOpModeEv
                0x0000000000000a92                _ZN7Hmc588314setMeasureModeEv
                0x0000000000000a94                _ZN7Hmc588314getMeasureModeEv
                0x0000000000000a9a                _ZN7Hmc588310getHeadingEv
                0x0000000000000b6e                _ZN7Hmc58837getDataEv
 .text          0x0000000000000b9c      0x412 build/i2cmaster.o
                0x0000000000000b9c                _ZN9I2CMasterC1Ev
                0x0000000000000b9c                _ZN9I2CMasterC2Ev
                0x0000000000000b9e                _ZN9I2CMaster6enableE5F_SCL
                0x0000000000000ba4                _ZN9I2CMaster7disableEv
                0x0000000000000baa                _ZN9I2CMaster5startEh
                0x0000000000000bee                _ZN9I2CMaster4stopEv
                0x0000000000000bf6                _ZN9I2CMaster4sendEh
                0x0000000000000c18                _ZN9I2CMaster4sendEPhj
                0x0000000000000c4c                _ZN9I2CMaster4sendEhPhj
                0x0000000000000cac                _ZN9I2CMaster8writeRegEhhPhj
                0x0000000000000d16                _ZN9I2CMaster4scanEv
                0x0000000000000d8a                _ZN9I2CMaster12scanMultipleEv
                0x0000000000000e5c                _ZN9I2CMaster12read_sendAckEv
                0x0000000000000e70                _ZN9I2CMaster13read_sendNackEv
                0x0000000000000e84                _ZN9I2CMaster7receiveEh
                0x0000000000000eaa                _ZN9I2CMaster7receiveEhPhj
                0x0000000000000f24                _ZN9I2CMaster7readRegEhhPhj
 .text          0x0000000000000fae       0xbe build/i2cslave.o
                0x0000000000000fae                _Z16I2C_setCallbacksPFvhEPFvvE
                0x0000000000000fc0                _Z8I2C_inith
                0x0000000000000fd2                _Z8I2C_stopv
                0x0000000000000fe0                __vector_39
 .text          0x000000000000106c      0xa20 build/interrupt.o
                0x000000000000106c                _ZN9Interrupt9searchPinEhP9PCINT_PINP10HW_INT_PIN
                0x00000000000011a8                _ZN9Interrupt15attachInterruptEh8INT_EDGEPFvhE
                0x000000000000132c                _ZN9Interrupt15deatchInterruptEh
                0x0000000000001414                _Z17call_int_callbackPFvhE8INT_EDGEPVhhhh
                0x00000000000014e0                __vector_9
                0x00000000000015de                __vector_10
                0x00000000000016d4                __vector_11
                0x00000000000017f6                __vector_1
                0x000000000000185e                __vector_2
                0x00000000000018c6                __vector_3
                0x000000000000192e                __vector_4
                0x0000000000001996                __vector_5
                0x00000000000019fc                __vector_6
                0x0000000000001a64                __vector_8
                0x0000000000001a78                __vector_7
 .text          0x0000000000001a8c      0x608 build/main.o
                0x0000000000001a8c                _Z7vgaInitv
                0x0000000000001b4e                _Z6setBufv
                0x0000000000001b76                __vector_32
                0x0000000000001bba                __vector_33
                0x0000000000001bce                __vector_13
                0x0000000000001be2                __vector_34
                0x0000000000001cea                __vector_42
                0x0000000000001e52                __vector_45
                0x0000000000001ea2                __vector_43
                0x0000000000001eda                __vector_44
                0x0000000000001f12                __vector_47
 .text          0x0000000000002094      0x3b0 build/mpu6050.o
                0x0000000000002094                _ZN7Mpu6050C1E7slave_t
                0x0000000000002094                _ZN7Mpu6050C2E7slave_t
                0x00000000000020d2                _ZN7Mpu6050C1Ehh
                0x00000000000020d2                _ZN7Mpu6050C2Ehh
                0x0000000000002112                _ZN7Mpu60506wakeUpEv
                0x0000000000002138                _ZN7Mpu60505sleepEv
                0x0000000000002168                _ZN7Mpu605010getRawDataEv
                0x0000000000002218                _ZN7Mpu605012getDataFixedE10TEMP_UNITS
                0x00000000000023dc                _ZN7Mpu605013setAccelRangeE11ACCEL_RANGE
                0x000000000000240a                _ZN7Mpu605013getAccelRangeEv
                0x0000000000002410                _ZN7Mpu605012setGyroRangeE10GYRO_RANGE
                0x000000000000243e                _ZN7Mpu605012getGyroRangeEv
 .text          0x0000000000002444      0x634 build/portmanager.o
                0x0000000000002444                _ZN3PinD1Ev
                0x0000000000002444                _ZN3PinD2Ev
                0x0000000000002446                _ZN3Pin2onEv
                0x000000000000246c                _ZN3Pin8setStateEb
                0x0000000000002498                _ZN3Pin3offEv
                0x00000000000024c2                _ZN3Pin6toggleEv
                0x00000000000024e8                _ZN3Pin12setDirectionE4DDRx
                0x000000000000252a                _ZN3PinC1Eh4DDRx
                0x000000000000252a                _ZN3PinC2Eh4DDRx
                0x00000000000026d6                _ZN3Pin6setPWMEmh
                0x00000000000027f6                _ZN3Pin7setDutyEh
                0x00000000000028a8                _ZN3Pin7setFreqEj
                0x0000000000002956                _ZN3Pin11digitalReadEv
                0x000000000000297a                _ZN3Pin10analogReadE6_ADMUX17_ADCSRA_PRESCALER19_ADCSRB_AUTOTRIGGER
                0x00000000000029d8                _ZN3Pin10getPinDataEv
                0x00000000000029da                _ZN3Pin12getPinNumberEv
                0x00000000000029e0                _ZN3Pin6getPWMEv
                0x0000000000002a3e                _ZN3Pin14getRegisterBitEv
                0x0000000000002a44                _ZN3Pin11getPINxAddrEv
                0x0000000000002a4c                _ZN3Pin14calculateTicksEm
 .text          0x0000000000002a78      0x6f4 build/serial.o
                0x0000000000002a78                _ZN6Serial4initE4UART14SerialPriority
                0x0000000000002b3a                _ZN6Serial5flushEv
                0x0000000000002b62                _ZN6Serial16setRxISRCallBackEb
                0x0000000000002b82                _ZN6Serial13setEchoServerEb
                0x0000000000002b8a                _ZN6Serial10insertDataEh
                0x0000000000002be2                _ZN6Serial11incReadDataEh
                0x0000000000002bf6                _ZN6Serial11enableShellEb
                0x0000000000002c10                _ZN6Serial16registerCallbackEPFvvE
                0x0000000000002c1c                _ZN6Serial10rxCallBackEv
                0x0000000000002c2e                _ZN6Serial14shellIsEnabledEv
                0x0000000000002c38                _ZN6Serial16bufferIsReadableEv
                0x0000000000002c58                _ZN6Serial11isAvailableEv
                0x0000000000002c6c                _ZN6Serial13echoIsEnabledEv
                0x0000000000002c74                _ZN6Serial7receiveEv
                0x0000000000002c96                _ZN6Serial9readUntilEPcc
                0x0000000000002cee                _ZN6Serial8readDataEv
                0x0000000000002d40                _ZN6Serial11getPriorityEv
                0x0000000000002d4a                _ZN6Serial5printEPKc
                0x0000000000002d84                _ZN6Serial6printfEPKcz
                0x0000000000002dda                _ZN6Serial5clearEv
                0x0000000000002df4                __vector_25
                0x0000000000002ed2                __vector_36
                0x0000000000002fb0                __vector_51
                0x000000000000308e                __vector_54
 .text          0x000000000000316c      0x362 build/spimaster.o
                0x000000000000316c                _ZN9MasterSPI6enableEv
                0x0000000000003174                _ZN9MasterSPI7disableEv
                0x000000000000317c                _ZN9MasterSPI8setClockE10SPI_CLKSEL
                0x00000000000031a6                _ZN9MasterSPI8getClockEv
                0x00000000000031ac                _ZN9MasterSPI12setDataOrderE8SPI_DORD
                0x00000000000031c8                _ZN9MasterSPI12getDataOrderEv
                0x00000000000031ce                _ZN9MasterSPI16setClockPolarityE8SPI_CPOL
                0x00000000000031ea                _ZN9MasterSPI16getClockPolarityEv
                0x00000000000031f0                _ZN9MasterSPI13setClockPhaseE8SPI_CPHA
                0x000000000000320c                _ZN9MasterSPIC1E11masterSPI_t13mSPIsetting_t
                0x000000000000320c                _ZN9MasterSPIC2E11masterSPI_t13mSPIsetting_t
                0x0000000000003356                _ZN9MasterSPI13getClockPhaseEv
                0x000000000000335c                _ZN9MasterSPI11enableSlaveEh
                0x0000000000003384                _ZN9MasterSPI12disableSlaveEh
                0x00000000000033ac                _ZN9MasterSPI4sendEh
                0x00000000000033b6                _ZN9MasterSPI4sendEPhj
                0x00000000000033f8                _ZN9MasterSPI7receiveEv
                0x0000000000003402                _ZN9MasterSPI7receiveEPhj
                0x000000000000344c                _ZN9MasterSPI11sendReceiveEh
                0x0000000000003458                _ZN9MasterSPI11sendReceiveEPhS0_j
                0x00000000000034b4                _ZN9MasterSPI12slaveIsValidEh
 .text          0x00000000000034ce      0x448 build/spislave.o
                0x00000000000034ce                _ZN8SlaveSPIC2Ev
                0x00000000000034ce                _ZN8SlaveSPIC1Ev
                0x00000000000034de                _ZN8SlaveSPIC1E10slaveSPI_t8SPI_DORD10SPI_CLKSEL8SPI_CPOL8SPI_CPHA
                0x00000000000034de                _ZN8SlaveSPIC2E10slaveSPI_t8SPI_DORD10SPI_CLKSEL8SPI_CPOL8SPI_CPHA
                0x00000000000035ce                _ZN8SlaveSPI11getInstanceE10slaveSPI_t
                0x000000000000368a                _ZN8SlaveSPI6setISREb
                0x000000000000369e                _ZN8SlaveSPI4sendEh
                0x00000000000036a8                _ZN8SlaveSPI4sendEPhj
                0x00000000000036ea                _ZN8SlaveSPI7receiveEv
                0x00000000000036f4                _ZN8SlaveSPI7receiveEPhj
                0x000000000000373e                _ZN8SlaveSPI13busIsWritableEv
                0x000000000000377c                _ZN8SlaveSPI16registerCallbackEPFvhE
                0x0000000000003790                _ZN8SlaveSPI8callbackEh
                0x00000000000037a4                _ZN8SlaveSPI10insertDataEh
                0x00000000000037fc                _ZN8SlaveSPI8readDataEv
                0x000000000000384e                _ZN8SlaveSPI16bufferIsReadableEv
                0x000000000000386e                __vector_24
 .text          0x0000000000003916       0xb0 build/timer.o
                0x0000000000003916                _ZN5Timer4initEv
                0x000000000000392e                _ZN5Timer5startEv
                0x0000000000003952                _ZN5Timer4stopEv
                0x000000000000395a                _ZN5Timer3nowEv
                0x000000000000396c                __vector_23
 .text          0x00000000000039c6        0x0 /usr/lib/gcc/avr/5.4.0/avr6/libgcc.a(_udivmodhi4.o)
 .text          0x00000000000039c6        0x0 /usr/lib/gcc/avr/5.4.0/avr6/libgcc.a(_udivmodsi4.o)
 .text          0x00000000000039c6        0x0 /usr/lib/gcc/avr/5.4.0/avr6/libgcc.a(_exit.o)
 .text          0x00000000000039c6        0x0 /usr/lib/gcc/avr/5.4.0/avr6/libgcc.a(_copy_data.o)
 .text          0x00000000000039c6        0x0 /usr/lib/gcc/avr/5.4.0/avr6/libgcc.a(_clear_bss.o)
 .text          0x00000000000039c6        0x0 /usr/lib/gcc/avr/5.4.0/avr6/libgcc.a(_ctors.o)
 .text          0x00000000000039c6        0x0 /usr/lib/gcc/avr/5.4.0/avr6/libgcc.a(_tablejump2.o)
 .text          0x00000000000039c6        0x0 /usr/lib/gcc/avr/5.4.0/../../../avr/lib/avr6/libm.a(addsf3.o)
 .text          0x00000000000039c6        0x0 /usr/lib/gcc/avr/5.4.0/../../../avr/lib/avr6/libm.a(addsf3x.o)
 .text          0x00000000000039c6        0x0 /usr/lib/gcc/avr/5.4.0/../../../avr/lib/avr6/libm.a(atan2.o)
 .text          0x00000000000039c6        0x0 /usr/lib/gcc/avr/5.4.0/../../../avr/lib/avr6/libm.a(atan.o)
 .text          0x00000000000039c6        0x0 /usr/lib/gcc/avr/5.4.0/../../../avr/lib/avr6/libm.a(divsf3.o)
 .text          0x00000000000039c6        0x0 /usr/lib/gcc/avr/5.4.0/../../../avr/lib/avr6/libm.a(divsf3x.o)
 .text          0x00000000000039c6        0x0 /usr/lib/gcc/avr/5.4.0/../../../avr/lib/avr6/libm.a(fixunssfsi.o)
 .text          0x00000000000039c6        0x0 /usr/lib/gcc/avr/5.4.0/../../../avr/lib/avr6/libm.a(floatsisf.o)
 .text          0x00000000000039c6        0x0 /usr/lib/gcc/avr/5.4.0/../../../avr/lib/avr6/libm.a(fp_inf.o)
 .text          0x00000000000039c6        0x0 /usr/lib/gcc/avr/5.4.0/../../../avr/lib/avr6/libm.a(fp_nan.o)
 .text          0x00000000000039c6        0x0 /usr/lib/gcc/avr/5.4.0/../../../avr/lib/avr6/libm.a(fp_powser.o)
 .text          0x00000000000039c6        0x0 /usr/lib/gcc/avr/5.4.0/../../../avr/lib/avr6/libm.a(fp_pscA.o)
 .text          0x00000000000039c6        0x0 /usr/lib/gcc/avr/5.4.0/../../../avr/lib/avr6/libm.a(fp_pscB.o)
 .text          0x00000000000039c6        0x0 /usr/lib/gcc/avr/5.4.0/../../../avr/lib/avr6/libm.a(fp_round.o)
 .text          0x00000000000039c6        0x0 /usr/lib/gcc/avr/5.4.0/../../../avr/lib/avr6/libm.a(fp_split3.o)
 .text          0x00000000000039c6        0x0 /usr/lib/gcc/avr/5.4.0/../../../avr/lib/avr6/libm.a(fp_zero.o)
 .text          0x00000000000039c6        0x0 /usr/lib/gcc/avr/5.4.0/../../../avr/lib/avr6/libm.a(inverse.o)
 .text          0x00000000000039c6        0x0 /usr/lib/gcc/avr/5.4.0/../../../avr/lib/avr6/libm.a(mulsf3.o)
 .text          0x00000000000039c6        0x0 /usr/lib/gcc/avr/5.4.0/../../../avr/lib/avr6/libm.a(mulsf3x.o)
 .text          0x00000000000039c6        0x0 /usr/lib/gcc/avr/5.4.0/../../../avr/lib/avr6/libm.a(square.o)
 .text          0x00000000000039c6        0x0 /usr/lib/gcc/avr/5.4.0/../../../avr/lib/avr6/libc.a(malloc.o)
 .text          0x00000000000039c6        0x0 /usr/lib/gcc/avr/5.4.0/../../../avr/lib/avr6/libc.a(realloc.o)
 .text          0x00000000000039c6        0x0 /usr/lib/gcc/avr/5.4.0/../../../avr/lib/avr6/libc.a(ftoa_engine.o)
 .text          0x00000000000039c6        0x0 /usr/lib/gcc/avr/5.4.0/../../../avr/lib/avr6/libc.a(isspace.o)
 .text          0x00000000000039c6        0x0 /usr/lib/gcc/avr/5.4.0/../../../avr/lib/avr6/libc.a(tolower.o)
 .text          0x00000000000039c6        0x0 /usr/lib/gcc/avr/5.4.0/../../../avr/lib/avr6/libc.a(strchr_P.o)
 .text          0x00000000000039c6        0x0 /usr/lib/gcc/avr/5.4.0/../../../avr/lib/avr6/libc.a(strnlen_P.o)
 .text          0x00000000000039c6        0x0 /usr/lib/gcc/avr/5.4.0/../../../avr/lib/avr6/libc.a(memcpy.o)
 .text          0x00000000000039c6        0x0 /usr/lib/gcc/avr/5.4.0/../../../avr/lib/avr6/libc.a(memset.o)
 .text          0x00000000000039c6        0x0 /usr/lib/gcc/avr/5.4.0/../../../avr/lib/avr6/libc.a(strnlen.o)
 .text          0x00000000000039c6        0x0 /usr/lib/gcc/avr/5.4.0/../../../avr/lib/avr6/libc.a(fgetc.o)
 .text          0x00000000000039c6        0x0 /usr/lib/gcc/avr/5.4.0/../../../avr/lib/avr6/libc.a(fputc.o)
 .text          0x00000000000039c6        0x0 /usr/lib/gcc/avr/5.4.0/../../../avr/lib/avr6/libc.a(vsprintf.o)
 .text          0x00000000000039c6        0x0 /usr/lib/gcc/avr/5.4.0/../../../avr/lib/avr6/libc.a(ungetc.o)
 .text          0x00000000000039c6        0x0 /usr/lib/gcc/avr/5.4.0/../../../avr/lib/avr6/libc.a(ultoa_invert.o)
 .text          0x00000000000039c6        0x0 /usr/lib/gcc/avr/5.4.0/../../../avr/lib/avr6/libc.a(cty_isfalse.o)
                0x00000000000039c6                . = ALIGN (0x2)
 *(.text.*)
 .text.avr-libc
                0x00000000000039c6      0x8a6 /usr/lib/gcc/avr/5.4.0/../../../avr/lib/avr6/libscanf_flt.a(vfscanf_flt.o)
                0x0000000000003fe4                vfscanf
 .text.avr-libc
                0x000000000000426c      0x74c /usr/lib/gcc/avr/5.4.0/../../../avr/lib/avr6/libprintf_flt.a(vfprintf_flt.o)
                0x000000000000426c                vfprintf
 .text._ZN3PinC2Ev
                0x00000000000049b8       0x38 build/dht11.o
                0x00000000000049b8                _ZN3PinC1Ev
                0x00000000000049b8                _ZN3PinC2Ev
 .text.startup  0x00000000000049f0      0x1e4 build/interrupt.o
 .text.startup  0x0000000000004bd4       0x5a build/main.o
                0x0000000000004bd4                main
 .text.startup  0x0000000000004c2e       0x12 build/timer.o
 .text.libgcc.mul
                0x0000000000004c40        0x0 /usr/lib/gcc/avr/5.4.0/avr6/libgcc.a(_udivmodhi4.o)
 .text.libgcc.div
                0x0000000000004c40       0x28 /usr/lib/gcc/avr/5.4.0/avr6/libgcc.a(_udivmodhi4.o)
                0x0000000000004c40                __udivmodhi4
 .text.libgcc   0x0000000000004c68        0x0 /usr/lib/gcc/avr/5.4.0/avr6/libgcc.a(_udivmodhi4.o)
 .text.libgcc.prologue
                0x0000000000004c68        0x0 /usr/lib/gcc/avr/5.4.0/avr6/libgcc.a(_udivmodhi4.o)
 .text.libgcc.builtins
                0x0000000000004c68        0x0 /usr/lib/gcc/avr/5.4.0/avr6/libgcc.a(_udivmodhi4.o)
 .text.libgcc.fmul
                0x0000000000004c68        0x0 /usr/lib/gcc/avr/5.4.0/avr6/libgcc.a(_udivmodhi4.o)
 .text.libgcc.fixed
                0x0000000000004c68        0x0 /usr/lib/gcc/avr/5.4.0/avr6/libgcc.a(_udivmodhi4.o)
 .text.libgcc.mul
                0x0000000000004c68        0x0 /usr/lib/gcc/avr/5.4.0/avr6/libgcc.a(_udivmodsi4.o)
 .text.libgcc.div
                0x0000000000004c68       0x44 /usr/lib/gcc/avr/5.4.0/avr6/libgcc.a(_udivmodsi4.o)
                0x0000000000004c68                __udivmodsi4
 .text.libgcc   0x0000000000004cac        0x0 /usr/lib/gcc/avr/5.4.0/avr6/libgcc.a(_udivmodsi4.o)
 .text.libgcc.prologue
                0x0000000000004cac        0x0 /usr/lib/gcc/avr/5.4.0/avr6/libgcc.a(_udivmodsi4.o)
 .text.libgcc.builtins
                0x0000000000004cac        0x0 /usr/lib/gcc/avr/5.4.0/avr6/libgcc.a(_udivmodsi4.o)
 .text.libgcc.fmul
                0x0000000000004cac        0x0 /usr/lib/gcc/avr/5.4.0/avr6/libgcc.a(_udivmodsi4.o)
 .text.libgcc.fixed
                0x0000000000004cac        0x0 /usr/lib/gcc/avr/5.4.0/avr6/libgcc.a(_udivmodsi4.o)
 .text.libgcc.mul
                0x0000000000004cac        0x0 /usr/lib/gcc/avr/5.4.0/avr6/libgcc.a(_exit.o)
 .text.libgcc.div
                0x0000000000004cac        0x0 /usr/lib/gcc/avr/5.4.0/avr6/libgcc.a(_exit.o)
 .text.libgcc   0x0000000000004cac        0x0 /usr/lib/gcc/avr/5.4.0/avr6/libgcc.a(_exit.o)
 .text.libgcc.prologue
                0x0000000000004cac        0x0 /usr/lib/gcc/avr/5.4.0/avr6/libgcc.a(_exit.o)
 .text.libgcc.builtins
                0x0000000000004cac        0x0 /usr/lib/gcc/avr/5.4.0/avr6/libgcc.a(_exit.o)
 .text.libgcc.fmul
                0x0000000000004cac        0x0 /usr/lib/gcc/avr/5.4.0/avr6/libgcc.a(_exit.o)
 .text.libgcc.fixed
                0x0000000000004cac        0x0 /usr/lib/gcc/avr/5.4.0/avr6/libgcc.a(_exit.o)
 .text.libgcc.mul
                0x0000000000004cac        0x0 /usr/lib/gcc/avr/5.4.0/avr6/libgcc.a(_copy_data.o)
 .text.libgcc.div
                0x0000000000004cac        0x0 /usr/lib/gcc/avr/5.4.0/avr6/libgcc.a(_copy_data.o)
 .text.libgcc   0x0000000000004cac        0x0 /usr/lib/gcc/avr/5.4.0/avr6/libgcc.a(_copy_data.o)
 .text.libgcc.prologue
                0x0000000000004cac        0x0 /usr/lib/gcc/avr/5.4.0/avr6/libgcc.a(_copy_data.o)
 .text.libgcc.builtins
                0x0000000000004cac        0x0 /usr/lib/gcc/avr/5.4.0/avr6/libgcc.a(_copy_data.o)
 .text.libgcc.fmul
                0x0000000000004cac        0x0 /usr/lib/gcc/avr/5.4.0/avr6/libgcc.a(_copy_data.o)
 .text.libgcc.fixed
                0x0000000000004cac        0x0 /usr/lib/gcc/avr/5.4.0/avr6/libgcc.a(_copy_data.o)
 .text.libgcc.mul
                0x0000000000004cac        0x0 /usr/lib/gcc/avr/5.4.0/avr6/libgcc.a(_clear_bss.o)
 .text.libgcc.div
                0x0000000000004cac        0x0 /usr/lib/gcc/avr/5.4.0/avr6/libgcc.a(_clear_bss.o)
 .text.libgcc   0x0000000000004cac        0x0 /usr/lib/gcc/avr/5.4.0/avr6/libgcc.a(_clear_bss.o)
 .text.libgcc.prologue
                0x0000000000004cac        0x0 /usr/lib/gcc/avr/5.4.0/avr6/libgcc.a(_clear_bss.o)
 .text.libgcc.builtins
                0x0000000000004cac        0x0 /usr/lib/gcc/avr/5.4.0/avr6/libgcc.a(_clear_bss.o)
 .text.libgcc.fmul
                0x0000000000004cac        0x0 /usr/lib/gcc/avr/5.4.0/avr6/libgcc.a(_clear_bss.o)
 .text.libgcc.fixed
                0x0000000000004cac        0x0 /usr/lib/gcc/avr/5.4.0/avr6/libgcc.a(_clear_bss.o)
 .text.libgcc.mul
                0x0000000000004cac        0x0 /usr/lib/gcc/avr/5.4.0/avr6/libgcc.a(_ctors.o)
 .text.libgcc.div
                0x0000000000004cac        0x0 /usr/lib/gcc/avr/5.4.0/avr6/libgcc.a(_ctors.o)
 .text.libgcc   0x0000000000004cac        0x0 /usr/lib/gcc/avr/5.4.0/avr6/libgcc.a(_ctors.o)
 .text.libgcc.prologue
                0x0000000000004cac        0x0 /usr/lib/gcc/avr/5.4.0/avr6/libgcc.a(_ctors.o)
 .text.libgcc.builtins
                0x0000000000004cac        0x0 /usr/lib/gcc/avr/5.4.0/avr6/libgcc.a(_ctors.o)
 .text.libgcc.fmul
                0x0000000000004cac        0x0 /usr/lib/gcc/avr/5.4.0/avr6/libgcc.a(_ctors.o)
 .text.libgcc.fixed
                0x0000000000004cac        0x0 /usr/lib/gcc/avr/5.4.0/avr6/libgcc.a(_ctors.o)
 .text.libgcc.mul
                0x0000000000004cac        0x0 /usr/lib/gcc/avr/5.4.0/avr6/libgcc.a(_tablejump2.o)
 .text.libgcc.div
                0x0000000000004cac        0x0 /usr/lib/gcc/avr/5.4.0/avr6/libgcc.a(_tablejump2.o)
 .text.libgcc   0x0000000000004cac       0x10 /usr/lib/gcc/avr/5.4.0/avr6/libgcc.a(_tablejump2.o)
                0x0000000000004cac                __tablejump2__
 .text.libgcc.prologue
                0x0000000000004cbc        0x0 /usr/lib/gcc/avr/5.4.0/avr6/libgcc.a(_tablejump2.o)
 .text.libgcc.builtins
                0x0000000000004cbc        0x0 /usr/lib/gcc/avr/5.4.0/avr6/libgcc.a(_tablejump2.o)
 .text.libgcc.fmul
                0x0000000000004cbc        0x0 /usr/lib/gcc/avr/5.4.0/avr6/libgcc.a(_tablejump2.o)
 .text.libgcc.fixed
                0x0000000000004cbc        0x0 /usr/lib/gcc/avr/5.4.0/avr6/libgcc.a(_tablejump2.o)
 .text.avr-libc.fplib
                0x0000000000004cbc        0xe /usr/lib/gcc/avr/5.4.0/../../../avr/lib/avr6/libm.a(addsf3.o)
                0x0000000000004cbc                __subsf3
                0x0000000000004cbe                __addsf3
 .text.avr-libc.fplib
                0x0000000000004cca       0xcc /usr/lib/gcc/avr/5.4.0/../../../avr/lib/avr6/libm.a(addsf3x.o)
                0x0000000000004cec                __addsf3x
 .text.avr-libc.fplib
                0x0000000000004d96       0x86 /usr/lib/gcc/avr/5.4.0/../../../avr/lib/avr6/libm.a(atan2.o)
                0x0000000000004dbc                atan2
 .text.avr-libc.fplib
                0x0000000000004e1c       0x5e /usr/lib/gcc/avr/5.4.0/../../../avr/lib/avr6/libm.a(atan.o)
                0x0000000000004e1c                atan
 .text.avr-libc.fplib
                0x0000000000004e7a        0x8 /usr/lib/gcc/avr/5.4.0/../../../avr/lib/avr6/libm.a(divsf3.o)
                0x0000000000004e7a                __divsf3
 .text.avr-libc.fplib
                0x0000000000004e82       0xdc /usr/lib/gcc/avr/5.4.0/../../../avr/lib/avr6/libm.a(divsf3x.o)
                0x0000000000004ea2                __divsf3x
                0x0000000000004ea8                __divsf3_pse
 .text.avr-libc.fplib
                0x0000000000004f5e       0x5e /usr/lib/gcc/avr/5.4.0/../../../avr/lib/avr6/libm.a(fixunssfsi.o)
                0x0000000000004f5e                __fixunssfsi
 .text.avr-libc.fplib
                0x0000000000004fbc       0x7a /usr/lib/gcc/avr/5.4.0/../../../avr/lib/avr6/libm.a(floatsisf.o)
                0x0000000000004fbc                __floatunsisf
                0x0000000000004fc0                __floatsisf
 .text.avr-libc.fplib
                0x0000000000005036        0xc /usr/lib/gcc/avr/5.4.0/../../../avr/lib/avr6/libm.a(fp_inf.o)
                0x0000000000005036                __fp_inf
 .text.avr-libc.fplib
                0x0000000000005042        0x6 /usr/lib/gcc/avr/5.4.0/../../../avr/lib/avr6/libm.a(fp_nan.o)
                0x0000000000005042                __fp_nan
 .text.avr-libc.fplib
                0x0000000000005048       0x4e /usr/lib/gcc/avr/5.4.0/../../../avr/lib/avr6/libm.a(fp_powser.o)
                0x0000000000005048                __fp_powser
 .text.avr-libc.fplib
                0x0000000000005096        0xe /usr/lib/gcc/avr/5.4.0/../../../avr/lib/avr6/libm.a(fp_pscA.o)
                0x0000000000005096                __fp_pscA
 .text.avr-libc.fplib
                0x00000000000050a4        0xe /usr/lib/gcc/avr/5.4.0/../../../avr/lib/avr6/libm.a(fp_pscB.o)
                0x00000000000050a4                __fp_pscB
 .text.avr-libc.fplib
                0x00000000000050b2       0x22 /usr/lib/gcc/avr/5.4.0/../../../avr/lib/avr6/libm.a(fp_round.o)
                0x00000000000050b2                __fp_round
 .text.avr-libc.fplib
                0x00000000000050d4       0x44 /usr/lib/gcc/avr/5.4.0/../../../avr/lib/avr6/libm.a(fp_split3.o)
                0x00000000000050d4                __fp_split3
                0x00000000000050e4                __fp_splitA
 .text.avr-libc.fplib
                0x0000000000005118        0xe /usr/lib/gcc/avr/5.4.0/../../../avr/lib/avr6/libm.a(fp_zero.o)
                0x0000000000005118                __fp_zero
                0x000000000000511a                __fp_szero
 .text.avr-libc.fplib
                0x0000000000005126       0x10 /usr/lib/gcc/avr/5.4.0/../../../avr/lib/avr6/libm.a(inverse.o)
                0x0000000000005126                inverse
 .text.avr-libc.fplib
                0x0000000000005136        0x8 /usr/lib/gcc/avr/5.4.0/../../../avr/lib/avr6/libm.a(mulsf3.o)
                0x0000000000005136                __mulsf3
 .text.avr-libc.fplib
                0x000000000000513e       0xd2 /usr/lib/gcc/avr/5.4.0/../../../avr/lib/avr6/libm.a(mulsf3x.o)
                0x000000000000515c                __mulsf3x
                0x0000000000005162                __mulsf3_pse
 .text.avr-libc.fplib
                0x0000000000005210        0x8 /usr/lib/gcc/avr/5.4.0/../../../avr/lib/avr6/libm.a(square.o)
                0x0000000000005210                square
 .text.avr-libc
                0x0000000000005218      0x242 /usr/lib/gcc/avr/5.4.0/../../../avr/lib/avr6/libc.a(malloc.o)
                0x0000000000005218                malloc
                0x0000000000005348                free
 .text.avr-libc
                0x000000000000545a      0x1ca /usr/lib/gcc/avr/5.4.0/../../../avr/lib/avr6/libc.a(realloc.o)
                0x000000000000545a                realloc
 .text.avr-libc
                0x0000000000005624      0x1b0 /usr/lib/gcc/avr/5.4.0/../../../avr/lib/avr6/libc.a(ftoa_engine.o)
                0x0000000000005624                __ftoa_engine
 .text.avr-libc
                0x00000000000057d4       0x12 /usr/lib/gcc/avr/5.4.0/../../../avr/lib/avr6/libc.a(isspace.o)
                0x00000000000057d4                isspace
 .text.avr-libc
                0x00000000000057e6       0x10 /usr/lib/gcc/avr/5.4.0/../../../avr/lib/avr6/libc.a(tolower.o)
                0x00000000000057e6                tolower
 .text.avr-libc
                0x00000000000057f6       0x16 /usr/lib/gcc/avr/5.4.0/../../../avr/lib/avr6/libc.a(strchr_P.o)
                0x00000000000057f6                strchr_P
 .text.avr-libc
                0x000000000000580c       0x16 /usr/lib/gcc/avr/5.4.0/../../../avr/lib/avr6/libc.a(strnlen_P.o)
                0x000000000000580c                strnlen_P
 .text.avr-libc
                0x0000000000005822       0x12 /usr/lib/gcc/avr/5.4.0/../../../avr/lib/avr6/libc.a(memcpy.o)
                0x0000000000005822                memcpy
 .text.avr-libc
                0x0000000000005834        0xe /usr/lib/gcc/avr/5.4.0/../../../avr/lib/avr6/libc.a(memset.o)
                0x0000000000005834                memset
 .text.avr-libc
                0x0000000000005842       0x16 /usr/lib/gcc/avr/5.4.0/../../../avr/lib/avr6/libc.a(strnlen.o)
                0x0000000000005842                strnlen
 .text.avr-libc
                0x0000000000005858       0x7c /usr/lib/gcc/avr/5.4.0/../../../avr/lib/avr6/libc.a(fgetc.o)
                0x0000000000005858                fgetc
 .text.avr-libc
                0x00000000000058d4       0x78 /usr/lib/gcc/avr/5.4.0/../../../avr/lib/avr6/libc.a(fputc.o)
                0x00000000000058d4                fputc
 .text.avr-libc
                0x000000000000594c       0x52 /usr/lib/gcc/avr/5.4.0/../../../avr/lib/avr6/libc.a(vsprintf.o)
                0x000000000000594c                vsprintf
 .text.avr-libc
                0x000000000000599e       0x32 /usr/lib/gcc/avr/5.4.0/../../../avr/lib/avr6/libc.a(ungetc.o)
                0x000000000000599e                ungetc
 .text.avr-libc
                0x00000000000059d0       0xbc /usr/lib/gcc/avr/5.4.0/../../../avr/lib/avr6/libc.a(ultoa_invert.o)
                0x00000000000059d0                __ultoa_invert
 .text.avr-libc
                0x0000000000005a8c        0x6 /usr/lib/gcc/avr/5.4.0/../../../avr/lib/avr6/libc.a(cty_isfalse.o)
                0x0000000000005a8c                __ctype_isfalse
                0x0000000000005a90                __ctype_istrue
                0x0000000000005a92                . = ALIGN (0x2)
 *(.fini9)
 .fini9         0x0000000000005a92        0x0 /usr/lib/gcc/avr/5.4.0/avr6/libgcc.a(_exit.o)
                0x0000000000005a92                exit
                0x0000000000005a92                _exit
 *(.fini9)
 *(.fini8)
 *(.fini8)
 *(.fini7)
 *(.fini7)
 *(.fini6)
 *(.fini6)
 *(.fini5)
 *(.fini5)
 *(.fini4)
 *(.fini4)
 *(.fini3)
 *(.fini3)
 *(.fini2)
 *(.fini2)
 *(.fini1)
 *(.fini1)
 *(.fini0)
 .fini0         0x0000000000005a92        0x4 /usr/lib/gcc/avr/5.4.0/avr6/libgcc.a(_exit.o)
 *(.fini0)
                0x0000000000005a96                _etext = .

.data           0x0000000000800200      0x13e load address 0x0000000000005a96
                0x0000000000800200                PROVIDE (__data_start, .)
 *(.data)
 .data          0x0000000000800200        0x0 /usr/lib/gcc/avr/5.4.0/../../../avr/lib/avr6/crtatmega2560.o
 .data          0x0000000000800200        0x0 /usr/lib/gcc/avr/5.4.0/../../../avr/lib/avr6/libscanf_flt.a(vfscanf_flt.o)
 .data          0x0000000000800200        0x0 /usr/lib/gcc/avr/5.4.0/../../../avr/lib/avr6/libprintf_flt.a(vfprintf_flt.o)
 .data          0x0000000000800200        0x0 build/cppfix.o
 .data          0x0000000000800200        0x0 build/dht11.o
 .data          0x0000000000800200        0x0 build/hmc5883.o
 .data          0x0000000000800200        0x0 build/i2cmaster.o
 .data          0x0000000000800200        0x0 build/i2cslave.o
 .data          0x0000000000800200       0xd5 build/interrupt.o
                0x0000000000800200                int_vect
                0x0000000000800242                pcint_vect
 .data          0x00000000008002d5        0x1 build/main.o
 .data          0x00000000008002d6        0x0 build/mpu6050.o
 .data          0x00000000008002d6        0x0 build/portmanager.o
 .data          0x00000000008002d6        0x0 build/serial.o
 .data          0x00000000008002d6        0x0 build/spimaster.o
 .data          0x00000000008002d6        0x0 build/spislave.o
 .data          0x00000000008002d6        0x0 build/timer.o
 .data          0x00000000008002d6        0x0 /usr/lib/gcc/avr/5.4.0/avr6/libgcc.a(_udivmodhi4.o)
 .data          0x00000000008002d6        0x0 /usr/lib/gcc/avr/5.4.0/avr6/libgcc.a(_udivmodsi4.o)
 .data          0x00000000008002d6        0x0 /usr/lib/gcc/avr/5.4.0/avr6/libgcc.a(_exit.o)
 .data          0x00000000008002d6        0x0 /usr/lib/gcc/avr/5.4.0/avr6/libgcc.a(_copy_data.o)
 .data          0x00000000008002d6        0x0 /usr/lib/gcc/avr/5.4.0/avr6/libgcc.a(_clear_bss.o)
 .data          0x00000000008002d6        0x0 /usr/lib/gcc/avr/5.4.0/avr6/libgcc.a(_ctors.o)
 .data          0x00000000008002d6        0x0 /usr/lib/gcc/avr/5.4.0/avr6/libgcc.a(_tablejump2.o)
 .data          0x00000000008002d6        0x0 /usr/lib/gcc/avr/5.4.0/../../../avr/lib/avr6/libm.a(addsf3.o)
 .data          0x00000000008002d6        0x0 /usr/lib/gcc/avr/5.4.0/../../../avr/lib/avr6/libm.a(addsf3x.o)
 .data          0x00000000008002d6        0x0 /usr/lib/gcc/avr/5.4.0/../../../avr/lib/avr6/libm.a(atan2.o)
 .data          0x00000000008002d6        0x0 /usr/lib/gcc/avr/5.4.0/../../../avr/lib/avr6/libm.a(atan.o)
 .data          0x00000000008002d6        0x0 /usr/lib/gcc/avr/5.4.0/../../../avr/lib/avr6/libm.a(divsf3.o)
 .data          0x00000000008002d6        0x0 /usr/lib/gcc/avr/5.4.0/../../../avr/lib/avr6/libm.a(divsf3x.o)
 .data          0x00000000008002d6        0x0 /usr/lib/gcc/avr/5.4.0/../../../avr/lib/avr6/libm.a(fixunssfsi.o)
 .data          0x00000000008002d6        0x0 /usr/lib/gcc/avr/5.4.0/../../../avr/lib/avr6/libm.a(floatsisf.o)
 .data          0x00000000008002d6        0x0 /usr/lib/gcc/avr/5.4.0/../../../avr/lib/avr6/libm.a(fp_inf.o)
 .data          0x00000000008002d6        0x0 /usr/lib/gcc/avr/5.4.0/../../../avr/lib/avr6/libm.a(fp_nan.o)
 .data          0x00000000008002d6        0x0 /usr/lib/gcc/avr/5.4.0/../../../avr/lib/avr6/libm.a(fp_powser.o)
 .data          0x00000000008002d6        0x0 /usr/lib/gcc/avr/5.4.0/../../../avr/lib/avr6/libm.a(fp_pscA.o)
 .data          0x00000000008002d6        0x0 /usr/lib/gcc/avr/5.4.0/../../../avr/lib/avr6/libm.a(fp_pscB.o)
 .data          0x00000000008002d6        0x0 /usr/lib/gcc/avr/5.4.0/../../../avr/lib/avr6/libm.a(fp_round.o)
 .data          0x00000000008002d6        0x0 /usr/lib/gcc/avr/5.4.0/../../../avr/lib/avr6/libm.a(fp_split3.o)
 .data          0x00000000008002d6        0x0 /usr/lib/gcc/avr/5.4.0/../../../avr/lib/avr6/libm.a(fp_zero.o)
 .data          0x00000000008002d6        0x0 /usr/lib/gcc/avr/5.4.0/../../../avr/lib/avr6/libm.a(inverse.o)
 .data          0x00000000008002d6        0x0 /usr/lib/gcc/avr/5.4.0/../../../avr/lib/avr6/libm.a(mulsf3.o)
 .data          0x00000000008002d6        0x0 /usr/lib/gcc/avr/5.4.0/../../../avr/lib/avr6/libm.a(mulsf3x.o)
 .data          0x00000000008002d6        0x0 /usr/lib/gcc/avr/5.4.0/../../../avr/lib/avr6/libm.a(square.o)
 .data          0x00000000008002d6        0x6 /usr/lib/gcc/avr/5.4.0/../../../avr/lib/avr6/libc.a(malloc.o)
                0x00000000008002d6                __malloc_heap_end
                0x00000000008002d8                __malloc_heap_start
                0x00000000008002da                __malloc_margin
 .data          0x00000000008002dc        0x0 /usr/lib/gcc/avr/5.4.0/../../../avr/lib/avr6/libc.a(realloc.o)
 .data          0x00000000008002dc        0x0 /usr/lib/gcc/avr/5.4.0/../../../avr/lib/avr6/libc.a(ftoa_engine.o)
 .data          0x00000000008002dc        0x0 /usr/lib/gcc/avr/5.4.0/../../../avr/lib/avr6/libc.a(isspace.o)
 .data          0x00000000008002dc        0x0 /usr/lib/gcc/avr/5.4.0/../../../avr/lib/avr6/libc.a(tolower.o)
 .data          0x00000000008002dc        0x0 /usr/lib/gcc/avr/5.4.0/../../../avr/lib/avr6/libc.a(strchr_P.o)
 .data          0x00000000008002dc        0x0 /usr/lib/gcc/avr/5.4.0/../../../avr/lib/avr6/libc.a(strnlen_P.o)
 .data          0x00000000008002dc        0x0 /usr/lib/gcc/avr/5.4.0/../../../avr/lib/avr6/libc.a(memcpy.o)
 .data          0x00000000008002dc        0x0 /usr/lib/gcc/avr/5.4.0/../../../avr/lib/avr6/libc.a(memset.o)
 .data          0x00000000008002dc        0x0 /usr/lib/gcc/avr/5.4.0/../../../avr/lib/avr6/libc.a(strnlen.o)
 .data          0x00000000008002dc        0x0 /usr/lib/gcc/avr/5.4.0/../../../avr/lib/avr6/libc.a(fgetc.o)
 .data          0x00000000008002dc        0x0 /usr/lib/gcc/avr/5.4.0/../../../avr/lib/avr6/libc.a(fputc.o)
 .data          0x00000000008002dc        0x0 /usr/lib/gcc/avr/5.4.0/../../../avr/lib/avr6/libc.a(vsprintf.o)
 .data          0x00000000008002dc        0x0 /usr/lib/gcc/avr/5.4.0/../../../avr/lib/avr6/libc.a(ungetc.o)
 .data          0x00000000008002dc        0x0 /usr/lib/gcc/avr/5.4.0/../../../avr/lib/avr6/libc.a(ultoa_invert.o)
 .data          0x00000000008002dc        0x0 /usr/lib/gcc/avr/5.4.0/../../../avr/lib/avr6/libc.a(cty_isfalse.o)
 *(.data*)
 *(.rodata)
 .rodata        0x00000000008002dc       0x2c build/portmanager.o
 *(.rodata*)
 .rodata.str1.1
                0x0000000000800308       0x2a build/dht11.o
                                         0x2f (size before relaxing)
 .rodata.str1.1
                0x0000000000800332        0xb build/serial.o
 *(.gnu.linkonce.d*)
                0x000000000080033e                . = ALIGN (0x2)
 *fill*         0x000000000080033d        0x1 
                0x000000000080033e                _edata = .
                0x000000000080033e                PROVIDE (__data_end, .)

.bss            0x000000000080033e     0x1d0a
                0x000000000080033e                PROVIDE (__bss_start, .)
 *(.bss)
 .bss           0x000000000080033e        0x0 /usr/lib/gcc/avr/5.4.0/../../../avr/lib/avr6/crtatmega2560.o
 .bss           0x000000000080033e        0x0 /usr/lib/gcc/avr/5.4.0/../../../avr/lib/avr6/libscanf_flt.a(vfscanf_flt.o)
 .bss           0x000000000080033e        0x0 /usr/lib/gcc/avr/5.4.0/../../../avr/lib/avr6/libprintf_flt.a(vfprintf_flt.o)
 .bss           0x000000000080033e        0x0 build/cppfix.o
 .bss           0x000000000080033e        0x0 build/dht11.o
 .bss           0x000000000080033e        0x0 build/hmc5883.o
 .bss           0x000000000080033e        0x0 build/i2cmaster.o
 .bss           0x000000000080033e        0x4 build/i2cslave.o
 .bss           0x0000000000800342       0xd2 build/interrupt.o
                0x0000000000800342                port_k_history
                0x0000000000800343                port_j_history
                0x0000000000800344                port_b_history
                0x0000000000800345                vectJ
                0x0000000000800353                vectK
                0x000000000080038b                vectB
                0x00000000008003c3                _ZN9Interrupt17interruptCallbackE
 .bss           0x0000000000800414     0x1c21 build/main.o
                0x0000000000800414                row
                0x0000000000800415                vect
 .bss           0x0000000000802035        0x0 build/mpu6050.o
 .bss           0x0000000000802035        0x0 build/portmanager.o
 .bss           0x0000000000802035        0x0 build/serial.o
 .bss           0x0000000000802035        0x0 build/spimaster.o
 .bss           0x0000000000802035        0x2 build/spislave.o
 .bss           0x0000000000802037        0x5 build/timer.o
                0x0000000000802037                _ZN5Timer7_isInitE
                0x0000000000802038                _ZN5Timer5_timeE
 .bss           0x000000000080203c        0x0 /usr/lib/gcc/avr/5.4.0/avr6/libgcc.a(_udivmodhi4.o)
 .bss           0x000000000080203c        0x0 /usr/lib/gcc/avr/5.4.0/avr6/libgcc.a(_udivmodsi4.o)
 .bss           0x000000000080203c        0x0 /usr/lib/gcc/avr/5.4.0/avr6/libgcc.a(_exit.o)
 .bss           0x000000000080203c        0x0 /usr/lib/gcc/avr/5.4.0/avr6/libgcc.a(_copy_data.o)
 .bss           0x000000000080203c        0x0 /usr/lib/gcc/avr/5.4.0/avr6/libgcc.a(_clear_bss.o)
 .bss           0x000000000080203c        0x0 /usr/lib/gcc/avr/5.4.0/avr6/libgcc.a(_ctors.o)
 .bss           0x000000000080203c        0x0 /usr/lib/gcc/avr/5.4.0/avr6/libgcc.a(_tablejump2.o)
 .bss           0x000000000080203c        0x0 /usr/lib/gcc/avr/5.4.0/../../../avr/lib/avr6/libm.a(addsf3.o)
 .bss           0x000000000080203c        0x0 /usr/lib/gcc/avr/5.4.0/../../../avr/lib/avr6/libm.a(addsf3x.o)
 .bss           0x000000000080203c        0x0 /usr/lib/gcc/avr/5.4.0/../../../avr/lib/avr6/libm.a(atan2.o)
 .bss           0x000000000080203c        0x0 /usr/lib/gcc/avr/5.4.0/../../../avr/lib/avr6/libm.a(atan.o)
 .bss           0x000000000080203c        0x0 /usr/lib/gcc/avr/5.4.0/../../../avr/lib/avr6/libm.a(divsf3.o)
 .bss           0x000000000080203c        0x0 /usr/lib/gcc/avr/5.4.0/../../../avr/lib/avr6/libm.a(divsf3x.o)
 .bss           0x000000000080203c        0x0 /usr/lib/gcc/avr/5.4.0/../../../avr/lib/avr6/libm.a(fixunssfsi.o)
 .bss           0x000000000080203c        0x0 /usr/lib/gcc/avr/5.4.0/../../../avr/lib/avr6/libm.a(floatsisf.o)
 .bss           0x000000000080203c        0x0 /usr/lib/gcc/avr/5.4.0/../../../avr/lib/avr6/libm.a(fp_inf.o)
 .bss           0x000000000080203c        0x0 /usr/lib/gcc/avr/5.4.0/../../../avr/lib/avr6/libm.a(fp_nan.o)
 .bss           0x000000000080203c        0x0 /usr/lib/gcc/avr/5.4.0/../../../avr/lib/avr6/libm.a(fp_powser.o)
 .bss           0x000000000080203c        0x0 /usr/lib/gcc/avr/5.4.0/../../../avr/lib/avr6/libm.a(fp_pscA.o)
 .bss           0x000000000080203c        0x0 /usr/lib/gcc/avr/5.4.0/../../../avr/lib/avr6/libm.a(fp_pscB.o)
 .bss           0x000000000080203c        0x0 /usr/lib/gcc/avr/5.4.0/../../../avr/lib/avr6/libm.a(fp_round.o)
 .bss           0x000000000080203c        0x0 /usr/lib/gcc/avr/5.4.0/../../../avr/lib/avr6/libm.a(fp_split3.o)
 .bss           0x000000000080203c        0x0 /usr/lib/gcc/avr/5.4.0/../../../avr/lib/avr6/libm.a(fp_zero.o)
 .bss           0x000000000080203c        0x0 /usr/lib/gcc/avr/5.4.0/../../../avr/lib/avr6/libm.a(inverse.o)
 .bss           0x000000000080203c        0x0 /usr/lib/gcc/avr/5.4.0/../../../avr/lib/avr6/libm.a(mulsf3.o)
 .bss           0x000000000080203c        0x0 /usr/lib/gcc/avr/5.4.0/../../../avr/lib/avr6/libm.a(mulsf3x.o)
 .bss           0x000000000080203c        0x0 /usr/lib/gcc/avr/5.4.0/../../../avr/lib/avr6/libm.a(square.o)
 .bss           0x000000000080203c        0x0 /usr/lib/gcc/avr/5.4.0/../../../avr/lib/avr6/libc.a(malloc.o)
 .bss           0x000000000080203c        0x0 /usr/lib/gcc/avr/5.4.0/../../../avr/lib/avr6/libc.a(realloc.o)
 .bss           0x000000000080203c        0x0 /usr/lib/gcc/avr/5.4.0/../../../avr/lib/avr6/libc.a(ftoa_engine.o)
 .bss           0x000000000080203c        0x0 /usr/lib/gcc/avr/5.4.0/../../../avr/lib/avr6/libc.a(isspace.o)
 .bss           0x000000000080203c        0x0 /usr/lib/gcc/avr/5.4.0/../../../avr/lib/avr6/libc.a(tolower.o)
 .bss           0x000000000080203c        0x0 /usr/lib/gcc/avr/5.4.0/../../../avr/lib/avr6/libc.a(strchr_P.o)
 .bss           0x000000000080203c        0x0 /usr/lib/gcc/avr/5.4.0/../../../avr/lib/avr6/libc.a(strnlen_P.o)
 .bss           0x000000000080203c        0x0 /usr/lib/gcc/avr/5.4.0/../../../avr/lib/avr6/libc.a(memcpy.o)
 .bss           0x000000000080203c        0x0 /usr/lib/gcc/avr/5.4.0/../../../avr/lib/avr6/libc.a(memset.o)
 .bss           0x000000000080203c        0x0 /usr/lib/gcc/avr/5.4.0/../../../avr/lib/avr6/libc.a(strnlen.o)
 .bss           0x000000000080203c        0x0 /usr/lib/gcc/avr/5.4.0/../../../avr/lib/avr6/libc.a(fgetc.o)
 .bss           0x000000000080203c        0x0 /usr/lib/gcc/avr/5.4.0/../../../avr/lib/avr6/libc.a(fputc.o)
 .bss           0x000000000080203c        0x0 /usr/lib/gcc/avr/5.4.0/../../../avr/lib/avr6/libc.a(vsprintf.o)
 .bss           0x000000000080203c        0x0 /usr/lib/gcc/avr/5.4.0/../../../avr/lib/avr6/libc.a(ungetc.o)
 .bss           0x000000000080203c        0x0 /usr/lib/gcc/avr/5.4.0/../../../avr/lib/avr6/libc.a(ultoa_invert.o)
 .bss           0x000000000080203c        0x0 /usr/lib/gcc/avr/5.4.0/../../../avr/lib/avr6/libc.a(cty_isfalse.o)
 *(.bss*)
 .bss._ZZN13SerialManager11getInstanceE10SerialPortE8instance
                0x000000000080203c        0x8 build/dht11.o
                0x000000000080203c                _ZZN13SerialManager11getInstanceE10SerialPortE8instance
 *(COMMON)
 COMMON         0x0000000000802044        0x4 /usr/lib/gcc/avr/5.4.0/../../../avr/lib/avr6/libc.a(malloc.o)
                0x0000000000802044                __brkval
                0x0000000000802046                __flp
                0x0000000000802048                PROVIDE (__bss_end, .)
                0x0000000000005a96                __data_load_start = LOADADDR (.data)
                0x0000000000005bd4                __data_load_end = (__data_load_start + SIZEOF (.data))

.noinit         0x0000000000802048        0x0
                [!provide]                        PROVIDE (__noinit_start, .)
 *(.noinit*)
                [!provide]                        PROVIDE (__noinit_end, .)
                0x0000000000802048                _end = .
                0x0000000000802048                PROVIDE (__heap_start, .)

.eeprom         0x0000000000810000        0x0
 *(.eeprom*)
                0x0000000000810000                __eeprom_end = .

.fuse
 *(.fuse)
 *(.lfuse)
 *(.hfuse)
 *(.efuse)

.lock
 *(.lock*)

.signature
 *(.signature*)

.user_signatures
 *(.user_signatures*)

.stab
 *(.stab)

.stabstr
 *(.stabstr)

.stab.excl
 *(.stab.excl)

.stab.exclstr
 *(.stab.exclstr)

.stab.index
 *(.stab.index)

.stab.indexstr
 *(.stab.indexstr)

.comment        0x0000000000000000       0x11
 *(.comment)
 .comment       0x0000000000000000       0x11 /usr/lib/gcc/avr/5.4.0/../../../avr/lib/avr6/libscanf_flt.a(vfscanf_flt.o)
                                         0x12 (size before relaxing)
 .comment       0x0000000000000011       0x12 /usr/lib/gcc/avr/5.4.0/../../../avr/lib/avr6/libprintf_flt.a(vfprintf_flt.o)
 .comment       0x0000000000000011       0x12 build/cppfix.o
 .comment       0x0000000000000011       0x12 build/dht11.o
 .comment       0x0000000000000011       0x12 build/hmc5883.o
 .comment       0x0000000000000011       0x12 build/i2cmaster.o
 .comment       0x0000000000000011       0x12 build/i2cslave.o
 .comment       0x0000000000000011       0x12 build/interrupt.o
 .comment       0x0000000000000011       0x12 build/main.o
 .comment       0x0000000000000011       0x12 build/mpu6050.o
 .comment       0x0000000000000011       0x12 build/portmanager.o
 .comment       0x0000000000000011       0x12 build/serial.o
 .comment       0x0000000000000011       0x12 build/spimaster.o
 .comment       0x0000000000000011       0x12 build/spislave.o
 .comment       0x0000000000000011       0x12 build/timer.o
 .comment       0x0000000000000011       0x12 /usr/lib/gcc/avr/5.4.0/../../../avr/lib/avr6/libc.a(malloc.o)
 .comment       0x0000000000000011       0x12 /usr/lib/gcc/avr/5.4.0/../../../avr/lib/avr6/libc.a(realloc.o)
 .comment       0x0000000000000011       0x12 /usr/lib/gcc/avr/5.4.0/../../../avr/lib/avr6/libc.a(fgetc.o)
 .comment       0x0000000000000011       0x12 /usr/lib/gcc/avr/5.4.0/../../../avr/lib/avr6/libc.a(fputc.o)
 .comment       0x0000000000000011       0x12 /usr/lib/gcc/avr/5.4.0/../../../avr/lib/avr6/libc.a(vsprintf.o)
 .comment       0x0000000000000011       0x12 /usr/lib/gcc/avr/5.4.0/../../../avr/lib/avr6/libc.a(ungetc.o)

.note.gnu.avr.deviceinfo
                0x0000000000000000       0x40
 .note.gnu.avr.deviceinfo
                0x0000000000000000       0x40 /usr/lib/gcc/avr/5.4.0/../../../avr/lib/avr6/crtatmega2560.o

.note.gnu.build-id
 *(.note.gnu.build-id)

.debug
 *(.debug)

.line
 *(.line)

.debug_srcinfo
 *(.debug_srcinfo)

.debug_sfnames
 *(.debug_sfnames)

.debug_aranges
 *(.debug_aranges)

.debug_pubnames
 *(.debug_pubnames)

.debug_info     0x0000000000000000      0xbbc
 *(.debug_info .gnu.linkonce.wi.*)
 .debug_info    0x0000000000000000      0xbbc /usr/lib/gcc/avr/5.4.0/../../../avr/lib/avr6/crtatmega2560.o

.debug_abbrev   0x0000000000000000      0xb1a
 *(.debug_abbrev)
 .debug_abbrev  0x0000000000000000      0xb1a /usr/lib/gcc/avr/5.4.0/../../../avr/lib/avr6/crtatmega2560.o

.debug_line     0x0000000000000000       0x1a
 *(.debug_line .debug_line.* .debug_line_end)
 .debug_line    0x0000000000000000       0x1a /usr/lib/gcc/avr/5.4.0/../../../avr/lib/avr6/crtatmega2560.o

.debug_frame
 *(.debug_frame)

.debug_str      0x0000000000000000      0x3e6
 *(.debug_str)
 .debug_str     0x0000000000000000      0x3e6 /usr/lib/gcc/avr/5.4.0/../../../avr/lib/avr6/crtatmega2560.o

.debug_loc
 *(.debug_loc)

.debug_macinfo
 *(.debug_macinfo)

.debug_weaknames
 *(.debug_weaknames)

.debug_funcnames
 *(.debug_funcnames)

.debug_typenames
 *(.debug_typenames)

.debug_varnames
 *(.debug_varnames)

.debug_pubtypes
 *(.debug_pubtypes)

.debug_ranges
 *(.debug_ranges)

.debug_macro
 *(.debug_macro)
OUTPUT(build/main.elf elf32-avr)
LOAD linker stubs
