Archive member included to satisfy reference by file (symbol)

/usr/lib/gcc/avr/5.4.0/../../../avr/lib/avr6/libscanf_flt.a(vfscanf_flt.o)
                              (vfscanf)
/usr/lib/gcc/avr/5.4.0/../../../avr/lib/avr6/libprintf_flt.a(vfprintf_flt.o)
                              (vfprintf)
/usr/lib/gcc/avr/5.4.0/avr6/libgcc.a(_udivmodhi4.o)
                              build/portmanager.o (__udivmodhi4)
/usr/lib/gcc/avr/5.4.0/avr6/libgcc.a(_udivmodsi4.o)
                              build/serial.o (__udivmodsi4)
/usr/lib/gcc/avr/5.4.0/avr6/libgcc.a(_exit.o)
                              /usr/lib/gcc/avr/5.4.0/../../../avr/lib/avr6/crtatmega2560.o (exit)
/usr/lib/gcc/avr/5.4.0/avr6/libgcc.a(_copy_data.o)
                              build/dht11.o (__do_copy_data)
/usr/lib/gcc/avr/5.4.0/avr6/libgcc.a(_clear_bss.o)
                              build/dht11.o (__do_clear_bss)
/usr/lib/gcc/avr/5.4.0/avr6/libgcc.a(_ctors.o)
                              build/interrupt.o (__do_global_ctors)
/usr/lib/gcc/avr/5.4.0/avr6/libgcc.a(_tablejump2.o)
                              /usr/lib/gcc/avr/5.4.0/avr6/libgcc.a(_ctors.o) (__tablejump2__)
/usr/lib/gcc/avr/5.4.0/../../../avr/lib/avr6/libm.a(addsf3.o)
                              build/dht11.o (__subsf3)
/usr/lib/gcc/avr/5.4.0/../../../avr/lib/avr6/libm.a(addsf3x.o)
                              /usr/lib/gcc/avr/5.4.0/../../../avr/lib/avr6/libm.a(addsf3.o) (__addsf3x)
/usr/lib/gcc/avr/5.4.0/../../../avr/lib/avr6/libm.a(atan2.o)
                              build/hmc5883.o (atan2)
/usr/lib/gcc/avr/5.4.0/../../../avr/lib/avr6/libm.a(atan.o)
                              /usr/lib/gcc/avr/5.4.0/../../../avr/lib/avr6/libm.a(atan2.o) (atan)
/usr/lib/gcc/avr/5.4.0/../../../avr/lib/avr6/libm.a(cmpsf2.o)
                              build/dht11.o (__ltsf2)
/usr/lib/gcc/avr/5.4.0/../../../avr/lib/avr6/libm.a(divsf3.o)
                              build/hmc5883.o (__divsf3)
/usr/lib/gcc/avr/5.4.0/../../../avr/lib/avr6/libm.a(divsf3x.o)
                              /usr/lib/gcc/avr/5.4.0/../../../avr/lib/avr6/libm.a(divsf3.o) (__divsf3x)
/usr/lib/gcc/avr/5.4.0/../../../avr/lib/avr6/libm.a(fixunssfsi.o)
                              build/portmanager.o (__fixunssfsi)
/usr/lib/gcc/avr/5.4.0/../../../avr/lib/avr6/libm.a(floatsisf.o)
                              /usr/lib/gcc/avr/5.4.0/../../../avr/lib/avr6/libscanf_flt.a(vfscanf_flt.o) (__floatunsisf)
/usr/lib/gcc/avr/5.4.0/../../../avr/lib/avr6/libm.a(fp_cmp.o)
                              /usr/lib/gcc/avr/5.4.0/../../../avr/lib/avr6/libm.a(cmpsf2.o) (__fp_cmp)
/usr/lib/gcc/avr/5.4.0/../../../avr/lib/avr6/libm.a(fp_inf.o)
                              /usr/lib/gcc/avr/5.4.0/../../../avr/lib/avr6/libm.a(addsf3x.o) (__fp_inf)
/usr/lib/gcc/avr/5.4.0/../../../avr/lib/avr6/libm.a(fp_nan.o)
                              /usr/lib/gcc/avr/5.4.0/../../../avr/lib/avr6/libm.a(addsf3x.o) (__fp_nan)
/usr/lib/gcc/avr/5.4.0/../../../avr/lib/avr6/libm.a(fp_powser.o)
                              /usr/lib/gcc/avr/5.4.0/../../../avr/lib/avr6/libm.a(atan.o) (__fp_powser)
/usr/lib/gcc/avr/5.4.0/../../../avr/lib/avr6/libm.a(fp_pscA.o)
                              /usr/lib/gcc/avr/5.4.0/../../../avr/lib/avr6/libm.a(addsf3x.o) (__fp_pscA)
/usr/lib/gcc/avr/5.4.0/../../../avr/lib/avr6/libm.a(fp_pscB.o)
                              /usr/lib/gcc/avr/5.4.0/../../../avr/lib/avr6/libm.a(addsf3x.o) (__fp_pscB)
/usr/lib/gcc/avr/5.4.0/../../../avr/lib/avr6/libm.a(fp_round.o)
                              /usr/lib/gcc/avr/5.4.0/../../../avr/lib/avr6/libm.a(addsf3.o) (__fp_round)
/usr/lib/gcc/avr/5.4.0/../../../avr/lib/avr6/libm.a(fp_split3.o)
                              /usr/lib/gcc/avr/5.4.0/../../../avr/lib/avr6/libm.a(addsf3x.o) (__fp_split3)
/usr/lib/gcc/avr/5.4.0/../../../avr/lib/avr6/libm.a(fp_zero.o)
                              /usr/lib/gcc/avr/5.4.0/../../../avr/lib/avr6/libm.a(addsf3x.o) (__fp_zero)
/usr/lib/gcc/avr/5.4.0/../../../avr/lib/avr6/libm.a(gesf2.o)
                              build/dht11.o (__gtsf2)
/usr/lib/gcc/avr/5.4.0/../../../avr/lib/avr6/libm.a(inverse.o)
                              /usr/lib/gcc/avr/5.4.0/../../../avr/lib/avr6/libm.a(atan.o) (inverse)
/usr/lib/gcc/avr/5.4.0/../../../avr/lib/avr6/libm.a(mulsf3.o)
                              /usr/lib/gcc/avr/5.4.0/../../../avr/lib/avr6/libscanf_flt.a(vfscanf_flt.o) (__mulsf3)
/usr/lib/gcc/avr/5.4.0/../../../avr/lib/avr6/libm.a(mulsf3x.o)
                              /usr/lib/gcc/avr/5.4.0/../../../avr/lib/avr6/libm.a(atan.o) (__mulsf3x)
/usr/lib/gcc/avr/5.4.0/../../../avr/lib/avr6/libm.a(square.o)
                              /usr/lib/gcc/avr/5.4.0/../../../avr/lib/avr6/libm.a(atan.o) (square)
/usr/lib/gcc/avr/5.4.0/../../../avr/lib/avr6/libc.a(malloc.o)
                              build/cppfix.o (malloc)
/usr/lib/gcc/avr/5.4.0/../../../avr/lib/avr6/libc.a(realloc.o)
                              build/i2cmaster.o (realloc)
/usr/lib/gcc/avr/5.4.0/../../../avr/lib/avr6/libc.a(ftoa_engine.o)
                              /usr/lib/gcc/avr/5.4.0/../../../avr/lib/avr6/libprintf_flt.a(vfprintf_flt.o) (__ftoa_engine)
/usr/lib/gcc/avr/5.4.0/../../../avr/lib/avr6/libc.a(isspace.o)
                              /usr/lib/gcc/avr/5.4.0/../../../avr/lib/avr6/libscanf_flt.a(vfscanf_flt.o) (isspace)
/usr/lib/gcc/avr/5.4.0/../../../avr/lib/avr6/libc.a(tolower.o)
                              /usr/lib/gcc/avr/5.4.0/../../../avr/lib/avr6/libscanf_flt.a(vfscanf_flt.o) (tolower)
/usr/lib/gcc/avr/5.4.0/../../../avr/lib/avr6/libc.a(strchr_P.o)
                              /usr/lib/gcc/avr/5.4.0/../../../avr/lib/avr6/libscanf_flt.a(vfscanf_flt.o) (strchr_P)
/usr/lib/gcc/avr/5.4.0/../../../avr/lib/avr6/libc.a(strnlen_P.o)
                              /usr/lib/gcc/avr/5.4.0/../../../avr/lib/avr6/libprintf_flt.a(vfprintf_flt.o) (strnlen_P)
/usr/lib/gcc/avr/5.4.0/../../../avr/lib/avr6/libc.a(memcpy.o)
                              /usr/lib/gcc/avr/5.4.0/../../../avr/lib/avr6/libc.a(realloc.o) (memcpy)
/usr/lib/gcc/avr/5.4.0/../../../avr/lib/avr6/libc.a(memset.o)
                              build/serial.o (memset)
/usr/lib/gcc/avr/5.4.0/../../../avr/lib/avr6/libc.a(strnlen.o)
                              /usr/lib/gcc/avr/5.4.0/../../../avr/lib/avr6/libprintf_flt.a(vfprintf_flt.o) (strnlen)
/usr/lib/gcc/avr/5.4.0/../../../avr/lib/avr6/libc.a(fgetc.o)
                              /usr/lib/gcc/avr/5.4.0/../../../avr/lib/avr6/libscanf_flt.a(vfscanf_flt.o) (fgetc)
/usr/lib/gcc/avr/5.4.0/../../../avr/lib/avr6/libc.a(fputc.o)
                              /usr/lib/gcc/avr/5.4.0/../../../avr/lib/avr6/libprintf_flt.a(vfprintf_flt.o) (fputc)
/usr/lib/gcc/avr/5.4.0/../../../avr/lib/avr6/libc.a(vsprintf.o)
                              build/serial.o (vsprintf)
/usr/lib/gcc/avr/5.4.0/../../../avr/lib/avr6/libc.a(ungetc.o)
                              /usr/lib/gcc/avr/5.4.0/../../../avr/lib/avr6/libscanf_flt.a(vfscanf_flt.o) (ungetc)
/usr/lib/gcc/avr/5.4.0/../../../avr/lib/avr6/libc.a(ultoa_invert.o)
                              /usr/lib/gcc/avr/5.4.0/../../../avr/lib/avr6/libprintf_flt.a(vfprintf_flt.o) (__ultoa_invert)
/usr/lib/gcc/avr/5.4.0/../../../avr/lib/avr6/libc.a(cty_isfalse.o)
                              /usr/lib/gcc/avr/5.4.0/../../../avr/lib/avr6/libc.a(isspace.o) (__ctype_isfalse)

Allocating common symbols
Common symbol       size              file

__brkval            0x2               /usr/lib/gcc/avr/5.4.0/../../../avr/lib/avr6/libc.a(malloc.o)
__flp               0x2               /usr/lib/gcc/avr/5.4.0/../../../avr/lib/avr6/libc.a(malloc.o)

Discarded input sections

 .group         0x0000000000000000        0x8 build/dht11.o
 .group         0x0000000000000000        0x8 build/dht11.o
 .group         0x0000000000000000        0x8 build/dht11.o
 .group         0x0000000000000000        0x8 build/main.o
 .bss._ZZN13SerialManager11getInstanceE10SerialPortE8instance
                0x0000000000000000        0x8 build/main.o
 .group         0x0000000000000000        0x8 build/serial.o
 .bss._ZZN13SerialManager11getInstanceE10SerialPortE8instance
                0x0000000000000000        0x8 build/serial.o

Memory Configuration

Name             Origin             Length             Attributes
text             0x0000000000000000 0x0000000000100000 xr
data             0x0000000000800200 0x000000000000fe00 rw !x
eeprom           0x0000000000810000 0x0000000000010000 rw !x
fuse             0x0000000000820000 0x0000000000000003 rw !x
lock             0x0000000000830000 0x0000000000000400 rw !x
signature        0x0000000000840000 0x0000000000000400 rw !x
user_signatures  0x0000000000850000 0x0000000000000400 rw !x
*default*        0x0000000000000000 0xffffffffffffffff

Linker script and memory map

Address of section .data set to 0x800200
LOAD /usr/lib/gcc/avr/5.4.0/../../../avr/lib/avr6/crtatmega2560.o
LOAD /usr/lib/gcc/avr/5.4.0/../../../avr/lib/avr6/libscanf_flt.a
LOAD /usr/lib/gcc/avr/5.4.0/../../../avr/lib/avr6/libprintf_flt.a
LOAD build/cppfix.o
LOAD build/dht11.o
LOAD build/hmc5883.o
LOAD build/i2cmaster.o
LOAD build/i2cslave.o
LOAD build/interrupt.o
LOAD build/main.o
LOAD build/mpu6050.o
LOAD build/portmanager.o
LOAD build/serial.o
LOAD build/spimaster.o
LOAD build/spislave.o
LOAD build/timer.o
LOAD /usr/lib/gcc/avr/5.4.0/avr6/libgcc.a
LOAD /usr/lib/gcc/avr/5.4.0/../../../avr/lib/avr6/libm.a
START GROUP
LOAD /usr/lib/gcc/avr/5.4.0/avr6/libgcc.a
LOAD /usr/lib/gcc/avr/5.4.0/../../../avr/lib/avr6/libm.a
LOAD /usr/lib/gcc/avr/5.4.0/../../../avr/lib/avr6/libc.a
LOAD /usr/lib/gcc/avr/5.4.0/../../../avr/lib/avr6/libatmega2560.a
END GROUP
                0x0000000000100000                __TEXT_REGION_LENGTH__ = DEFINED (__TEXT_REGION_LENGTH__)?__TEXT_REGION_LENGTH__:0x100000
                0x000000000000fe00                __DATA_REGION_LENGTH__ = DEFINED (__DATA_REGION_LENGTH__)?__DATA_REGION_LENGTH__:0xfe00
                0x0000000000010000                __EEPROM_REGION_LENGTH__ = DEFINED (__EEPROM_REGION_LENGTH__)?__EEPROM_REGION_LENGTH__:0x10000
                [0x0000000000000003]                __FUSE_REGION_LENGTH__ = DEFINED (__FUSE_REGION_LENGTH__)?__FUSE_REGION_LENGTH__:0x400
                0x0000000000000400                __LOCK_REGION_LENGTH__ = DEFINED (__LOCK_REGION_LENGTH__)?__LOCK_REGION_LENGTH__:0x400
                0x0000000000000400                __SIGNATURE_REGION_LENGTH__ = DEFINED (__SIGNATURE_REGION_LENGTH__)?__SIGNATURE_REGION_LENGTH__:0x400
                0x0000000000000400                __USER_SIGNATURE_REGION_LENGTH__ = DEFINED (__USER_SIGNATURE_REGION_LENGTH__)?__USER_SIGNATURE_REGION_LENGTH__:0x400

.hash
 *(.hash)

.dynsym
 *(.dynsym)

.dynstr
 *(.dynstr)

.gnu.version
 *(.gnu.version)

.gnu.version_d
 *(.gnu.version_d)

.gnu.version_r
 *(.gnu.version_r)

.rel.init
 *(.rel.init)

.rela.init
 *(.rela.init)

.rel.text
 *(.rel.text)
 *(.rel.text.*)
 *(.rel.gnu.linkonce.t*)

.rela.text
 *(.rela.text)
 *(.rela.text.*)
 *(.rela.gnu.linkonce.t*)

.rel.fini
 *(.rel.fini)

.rela.fini
 *(.rela.fini)

.rel.rodata
 *(.rel.rodata)
 *(.rel.rodata.*)
 *(.rel.gnu.linkonce.r*)

.rela.rodata
 *(.rela.rodata)
 *(.rela.rodata.*)
 *(.rela.gnu.linkonce.r*)

.rel.data
 *(.rel.data)
 *(.rel.data.*)
 *(.rel.gnu.linkonce.d*)

.rela.data
 *(.rela.data)
 *(.rela.data.*)
 *(.rela.gnu.linkonce.d*)

.rel.ctors
 *(.rel.ctors)

.rela.ctors
 *(.rela.ctors)

.rel.dtors
 *(.rel.dtors)

.rela.dtors
 *(.rela.dtors)

.rel.got
 *(.rel.got)

.rela.got
 *(.rela.got)

.rel.bss
 *(.rel.bss)

.rela.bss
 *(.rela.bss)

.rel.plt
 *(.rel.plt)

.rela.plt
 *(.rela.plt)

.text           0x0000000000000000     0x5398
 *(.vectors)
 .vectors       0x0000000000000000       0xe4 /usr/lib/gcc/avr/5.4.0/../../../avr/lib/avr6/crtatmega2560.o
                0x0000000000000000                __vectors
                0x0000000000000000                __vector_default
 *(.vectors)
 *(.progmem.gcc*)
 .progmem.gcc_fplib
                0x00000000000000e4       0x2d /usr/lib/gcc/avr/5.4.0/../../../avr/lib/avr6/libm.a(atan.o)
                0x0000000000000112                . = ALIGN (0x2)
 *fill*         0x0000000000000111        0x1 
                0x0000000000000112                __trampolines_start = .
 *(.trampolines)
 .trampolines   0x0000000000000112        0x8 linker stubs
 *(.trampolines*)
                0x000000000000011a                __trampolines_end = .
 *libprintf_flt.a:*(.progmem.data)
 .progmem.data  0x000000000000011a        0x8 /usr/lib/gcc/avr/5.4.0/../../../avr/lib/avr6/libprintf_flt.a(vfprintf_flt.o)
 *libc.a:*(.progmem.data)
 .progmem.data  0x0000000000000122       0xfa /usr/lib/gcc/avr/5.4.0/../../../avr/lib/avr6/libc.a(ftoa_engine.o)
 *(.progmem*)
 .progmem.data  0x000000000000021c       0x4d /usr/lib/gcc/avr/5.4.0/../../../avr/lib/avr6/libscanf_flt.a(vfscanf_flt.o)
 .progmem.data  0x0000000000000269      0x15e build/interrupt.o
 .progmem.data  0x00000000000003c7      0x15e build/portmanager.o
                0x0000000000000526                . = ALIGN (0x2)
 *fill*         0x0000000000000525        0x1 
 *(.jumptables)
 *(.jumptables*)
 *(.lowtext)
 *(.lowtext*)
                0x0000000000000526                __ctors_start = .
 *(.ctors)
 .ctors         0x0000000000000526        0x2 build/interrupt.o
 .ctors         0x0000000000000528        0x2 build/timer.o
                0x000000000000052a                __ctors_end = .
                0x000000000000052a                __dtors_start = .
 *(.dtors)
                0x000000000000052a                __dtors_end = .
 SORT(*)(.ctors)
 SORT(*)(.dtors)
 *(.init0)
 .init0         0x000000000000052a        0x0 /usr/lib/gcc/avr/5.4.0/../../../avr/lib/avr6/crtatmega2560.o
                0x000000000000052a                __init
 *(.init0)
 *(.init1)
 *(.init1)
 *(.init2)
 .init2         0x000000000000052a       0x10 /usr/lib/gcc/avr/5.4.0/../../../avr/lib/avr6/crtatmega2560.o
 *(.init2)
 *(.init3)
 *(.init3)
 *(.init4)
 .init4         0x000000000000053a       0x1a /usr/lib/gcc/avr/5.4.0/avr6/libgcc.a(_copy_data.o)
                0x000000000000053a                __do_copy_data
 .init4         0x0000000000000554       0x10 /usr/lib/gcc/avr/5.4.0/avr6/libgcc.a(_clear_bss.o)
                0x0000000000000554                __do_clear_bss
 *(.init4)
 *(.init5)
 *(.init5)
 *(.init6)
 .init6         0x0000000000000564       0x20 /usr/lib/gcc/avr/5.4.0/avr6/libgcc.a(_ctors.o)
                0x0000000000000564                __do_global_ctors
 *(.init6)
 *(.init7)
 *(.init7)
 *(.init8)
 *(.init8)
 *(.init9)
 .init9         0x0000000000000584        0x8 /usr/lib/gcc/avr/5.4.0/../../../avr/lib/avr6/crtatmega2560.o
 *(.init9)
 *(.text)
 .text          0x000000000000058c        0x4 /usr/lib/gcc/avr/5.4.0/../../../avr/lib/avr6/crtatmega2560.o
                0x000000000000058c                __vector_38
                0x000000000000058c                __vector_22
                0x000000000000058c                __vector_28
                0x000000000000058c                __vector_32
                0x000000000000058c                __vector_34
                0x000000000000058c                __vector_12
                0x000000000000058c                __vector_55
                0x000000000000058c                __vector_46
                0x000000000000058c                __bad_interrupt
                0x000000000000058c                __vector_31
                0x000000000000058c                __vector_35
                0x000000000000058c                __vector_30
                0x000000000000058c                __vector_45
                0x000000000000058c                __vector_13
                0x000000000000058c                __vector_17
                0x000000000000058c                __vector_19
                0x000000000000058c                __vector_56
                0x000000000000058c                __vector_49
                0x000000000000058c                __vector_41
                0x000000000000058c                __vector_43
                0x000000000000058c                __vector_27
                0x000000000000058c                __vector_33
                0x000000000000058c                __vector_47
                0x000000000000058c                __vector_52
                0x000000000000058c                __vector_37
                0x000000000000058c                __vector_44
                0x000000000000058c                __vector_21
                0x000000000000058c                __vector_15
                0x000000000000058c                __vector_29
                0x000000000000058c                __vector_40
                0x000000000000058c                __vector_26
                0x000000000000058c                __vector_48
                0x000000000000058c                __vector_14
                0x000000000000058c                __vector_53
                0x000000000000058c                __vector_50
                0x000000000000058c                __vector_16
                0x000000000000058c                __vector_18
                0x000000000000058c                __vector_20
                0x000000000000058c                __vector_42
 .text          0x0000000000000590        0x0 /usr/lib/gcc/avr/5.4.0/../../../avr/lib/avr6/libscanf_flt.a(vfscanf_flt.o)
 .text          0x0000000000000590        0x0 /usr/lib/gcc/avr/5.4.0/../../../avr/lib/avr6/libprintf_flt.a(vfprintf_flt.o)
 .text          0x0000000000000590       0x26 build/cppfix.o
                0x0000000000000590                __cxa_guard_acquire
                0x00000000000005a2                __cxa_guard_release
                0x00000000000005aa                __cxa_guard_abort
                0x00000000000005ac                __cxa_pure_virtual
                0x00000000000005ae                _Znwj
                0x00000000000005b2                _ZdlPv
 .text          0x00000000000005b6      0x24c build/dht11.o
                0x00000000000005b6                _ZN5Dht11C2E3Pin
                0x00000000000005b6                _ZN5Dht11C1E3Pin
                0x00000000000005de                _ZN5Dht11C1Eh
                0x00000000000005de                _ZN5Dht11C2Eh
                0x000000000000063c                _ZN5Dht11C2E7dht11_t
                0x000000000000063c                _ZN5Dht11C1E7dht11_t
                0x0000000000000664                _ZN5Dht117getDataEv
                0x00000000000007de                _ZN5Dht1114getTemperatureEv
                0x00000000000007f0                _ZN5Dht1111getHumidityEv
 .text          0x0000000000000802      0x24e build/hmc5883.o
                0x0000000000000802                _ZN7Hmc5883C1Ehh
                0x0000000000000802                _ZN7Hmc5883C2Ehh
                0x000000000000083a                _ZN7Hmc58834initEv
                0x00000000000008dc                _ZN7Hmc58839setSampleE14SAMPLE_MEASURE
                0x0000000000000926                _ZN7Hmc58839getSampleEv
                0x000000000000092c                _ZN7Hmc588310setOutRateEv
                0x000000000000092e                _ZN7Hmc588310getOutRateEv
                0x0000000000000934                _ZN7Hmc58837setGainEv
                0x0000000000000936                _ZN7Hmc58837getGainEv
                0x000000000000093c                _ZN7Hmc58839setOpModeEv
                0x000000000000093e                _ZN7Hmc58839getOpModeEv
                0x0000000000000946                _ZN7Hmc588314setMeasureModeEv
                0x0000000000000948                _ZN7Hmc588314getMeasureModeEv
                0x000000000000094e                _ZN7Hmc588310getHeadingEv
                0x0000000000000a22                _ZN7Hmc58837getDataEv
 .text          0x0000000000000a50      0x412 build/i2cmaster.o
                0x0000000000000a50                _ZN9I2CMasterC1Ev
                0x0000000000000a50                _ZN9I2CMasterC2Ev
                0x0000000000000a52                _ZN9I2CMaster6enableE5F_SCL
                0x0000000000000a58                _ZN9I2CMaster7disableEv
                0x0000000000000a5e                _ZN9I2CMaster5startEh
                0x0000000000000aa2                _ZN9I2CMaster4stopEv
                0x0000000000000aaa                _ZN9I2CMaster4sendEh
                0x0000000000000acc                _ZN9I2CMaster4sendEPhj
                0x0000000000000b00                _ZN9I2CMaster4sendEhPhj
                0x0000000000000b60                _ZN9I2CMaster8writeRegEhhPhj
                0x0000000000000bca                _ZN9I2CMaster4scanEv
                0x0000000000000c3e                _ZN9I2CMaster12scanMultipleEv
                0x0000000000000d10                _ZN9I2CMaster12read_sendAckEv
                0x0000000000000d24                _ZN9I2CMaster13read_sendNackEv
                0x0000000000000d38                _ZN9I2CMaster7receiveEh
                0x0000000000000d5e                _ZN9I2CMaster7receiveEhPhj
                0x0000000000000dd8                _ZN9I2CMaster7readRegEhhPhj
 .text          0x0000000000000e62       0xbe build/i2cslave.o
                0x0000000000000e62                _Z16I2C_setCallbacksPFvhEPFvvE
                0x0000000000000e74                _Z8I2C_inith
                0x0000000000000e86                _Z8I2C_stopv
                0x0000000000000e94                __vector_39
 .text          0x0000000000000f20      0xa20 build/interrupt.o
                0x0000000000000f20                _ZN9Interrupt9searchPinEhP9PCINT_PINP10HW_INT_PIN
                0x000000000000105c                _ZN9Interrupt15attachInterruptEh8INT_EDGEPFvhE
                0x00000000000011e0                _ZN9Interrupt15deatchInterruptEh
                0x00000000000012c8                _Z17call_int_callbackPFvhE8INT_EDGEPVhhhh
                0x0000000000001394                __vector_9
                0x0000000000001492                __vector_10
                0x0000000000001588                __vector_11
                0x00000000000016aa                __vector_1
                0x0000000000001712                __vector_2
                0x000000000000177a                __vector_3
                0x00000000000017e2                __vector_4
                0x000000000000184a                __vector_5
                0x00000000000018b0                __vector_6
                0x0000000000001918                __vector_8
                0x000000000000192c                __vector_7
 .text          0x0000000000001940        0x0 build/main.o
 .text          0x0000000000001940      0x17c build/mpu6050.o
                0x0000000000001940                _ZN7Mpu6050C1E7slave_t
                0x0000000000001940                _ZN7Mpu6050C2E7slave_t
                0x000000000000197a                _ZN7Mpu6050C1Ehh
                0x000000000000197a                _ZN7Mpu6050C2Ehh
                0x00000000000019b6                _ZN7Mpu60506wakeUpEv
                0x00000000000019dc                _ZN7Mpu60505sleepEv
                0x0000000000001a0c                _ZN7Mpu60507getDataEv
 .text          0x0000000000001abc      0x636 build/portmanager.o
                0x0000000000001abc                _ZN3PinD1Ev
                0x0000000000001abc                _ZN3PinD2Ev
                0x0000000000001abe                _ZN3Pin2onEv
                0x0000000000001ae4                _ZN3Pin8setStateEb
                0x0000000000001b10                _ZN3Pin3offEv
                0x0000000000001b3a                _ZN3Pin6toggleEv
                0x0000000000001b60                _ZN3Pin12setDirectionE4DDRx
                0x0000000000001ba2                _ZN3PinC1Eh4DDRx
                0x0000000000001ba2                _ZN3PinC2Eh4DDRx
                0x0000000000001d4e                _ZN3Pin6setPWMEjh
                0x0000000000001e70                _ZN3Pin7setDutyEh
                0x0000000000001f22                _ZN3Pin7setFreqEj
                0x0000000000001fd0                _ZN3Pin11digitalReadEv
                0x0000000000001ff4                _ZN3Pin10analogReadE6_ADMUX17_ADCSRA_PRESCALER19_ADCSRB_AUTOTRIGGER
                0x0000000000002052                _ZN3Pin10getPinDataEv
                0x0000000000002054                _ZN3Pin12getPinNumberEv
                0x000000000000205a                _ZN3Pin6getPWMEv
                0x00000000000020b8                _ZN3Pin14getRegisterBitEv
                0x00000000000020be                _ZN3Pin11getPINxAddrEv
                0x00000000000020c6                _ZN3Pin14calculateTicksEj
 .text          0x00000000000020f2      0x6f4 build/serial.o
                0x00000000000020f2                _ZN6Serial4initE4UART14SerialPriority
                0x00000000000021b4                _ZN6Serial5flushEv
                0x00000000000021dc                _ZN6Serial16setRxISRCallBackEb
                0x00000000000021fc                _ZN6Serial13setEchoServerEb
                0x0000000000002204                _ZN6Serial10insertDataEh
                0x000000000000225c                _ZN6Serial11incReadDataEh
                0x0000000000002270                _ZN6Serial11enableShellEb
                0x000000000000228a                _ZN6Serial16registerCallbackEPFvvE
                0x0000000000002296                _ZN6Serial10rxCallBackEv
                0x00000000000022a8                _ZN6Serial14shellIsEnabledEv
                0x00000000000022b2                _ZN6Serial16bufferIsReadableEv
                0x00000000000022d2                _ZN6Serial11isAvailableEv
                0x00000000000022e6                _ZN6Serial13echoIsEnabledEv
                0x00000000000022ee                _ZN6Serial7receiveEv
                0x0000000000002310                _ZN6Serial9readUntilEPcc
                0x0000000000002368                _ZN6Serial8readDataEv
                0x00000000000023ba                _ZN6Serial11getPriorityEv
                0x00000000000023c4                _ZN6Serial5printEPKc
                0x00000000000023fe                _ZN6Serial6printfEPKcz
                0x0000000000002454                _ZN6Serial5clearEv
                0x000000000000246e                __vector_25
                0x000000000000254c                __vector_36
                0x000000000000262a                __vector_51
                0x0000000000002708                __vector_54
 .text          0x00000000000027e6      0x362 build/spimaster.o
                0x00000000000027e6                _ZN9MasterSPI6enableEv
                0x00000000000027ee                _ZN9MasterSPI7disableEv
                0x00000000000027f6                _ZN9MasterSPI8setClockE10SPI_CLKSEL
                0x0000000000002820                _ZN9MasterSPI8getClockEv
                0x0000000000002826                _ZN9MasterSPI12setDataOrderE8SPI_DORD
                0x0000000000002842                _ZN9MasterSPI12getDataOrderEv
                0x0000000000002848                _ZN9MasterSPI16setClockPolarityE8SPI_CPOL
                0x0000000000002864                _ZN9MasterSPI16getClockPolarityEv
                0x000000000000286a                _ZN9MasterSPI13setClockPhaseE8SPI_CPHA
                0x0000000000002886                _ZN9MasterSPIC1E11masterSPI_t13mSPIsetting_t
                0x0000000000002886                _ZN9MasterSPIC2E11masterSPI_t13mSPIsetting_t
                0x00000000000029d0                _ZN9MasterSPI13getClockPhaseEv
                0x00000000000029d6                _ZN9MasterSPI11enableSlaveEh
                0x00000000000029fe                _ZN9MasterSPI12disableSlaveEh
                0x0000000000002a26                _ZN9MasterSPI4sendEh
                0x0000000000002a30                _ZN9MasterSPI4sendEPhj
                0x0000000000002a72                _ZN9MasterSPI7receiveEv
                0x0000000000002a7c                _ZN9MasterSPI7receiveEPhj
                0x0000000000002ac6                _ZN9MasterSPI11sendReceiveEh
                0x0000000000002ad2                _ZN9MasterSPI11sendReceiveEPhS0_j
                0x0000000000002b2e                _ZN9MasterSPI12slaveIsValidEh
 .text          0x0000000000002b48      0x448 build/spislave.o
                0x0000000000002b48                _ZN8SlaveSPIC2Ev
                0x0000000000002b48                _ZN8SlaveSPIC1Ev
                0x0000000000002b58                _ZN8SlaveSPIC1E10slaveSPI_t8SPI_DORD10SPI_CLKSEL8SPI_CPOL8SPI_CPHA
                0x0000000000002b58                _ZN8SlaveSPIC2E10slaveSPI_t8SPI_DORD10SPI_CLKSEL8SPI_CPOL8SPI_CPHA
                0x0000000000002c48                _ZN8SlaveSPI11getInstanceE10slaveSPI_t
                0x0000000000002d04                _ZN8SlaveSPI6setISREb
                0x0000000000002d18                _ZN8SlaveSPI4sendEh
                0x0000000000002d22                _ZN8SlaveSPI4sendEPhj
                0x0000000000002d64                _ZN8SlaveSPI7receiveEv
                0x0000000000002d6e                _ZN8SlaveSPI7receiveEPhj
                0x0000000000002db8                _ZN8SlaveSPI13busIsWritableEv
                0x0000000000002df6                _ZN8SlaveSPI16registerCallbackEPFvhE
                0x0000000000002e0a                _ZN8SlaveSPI8callbackEh
                0x0000000000002e1e                _ZN8SlaveSPI10insertDataEh
                0x0000000000002e76                _ZN8SlaveSPI8readDataEv
                0x0000000000002ec8                _ZN8SlaveSPI16bufferIsReadableEv
                0x0000000000002ee8                __vector_24
 .text          0x0000000000002f90       0xa2 build/timer.o
                0x0000000000002f90                _ZN5Timer4initEv
                0x0000000000002fa4                _ZN5Timer5startEv
                0x0000000000002fca                _ZN5Timer4stopEv
                0x0000000000002fd2                _ZN5Timer3nowEv
                0x0000000000002fe4                __vector_23
 .text          0x0000000000003032        0x0 /usr/lib/gcc/avr/5.4.0/avr6/libgcc.a(_udivmodhi4.o)
 .text          0x0000000000003032        0x0 /usr/lib/gcc/avr/5.4.0/avr6/libgcc.a(_udivmodsi4.o)
 .text          0x0000000000003032        0x0 /usr/lib/gcc/avr/5.4.0/avr6/libgcc.a(_exit.o)
 .text          0x0000000000003032        0x0 /usr/lib/gcc/avr/5.4.0/avr6/libgcc.a(_copy_data.o)
 .text          0x0000000000003032        0x0 /usr/lib/gcc/avr/5.4.0/avr6/libgcc.a(_clear_bss.o)
 .text          0x0000000000003032        0x0 /usr/lib/gcc/avr/5.4.0/avr6/libgcc.a(_ctors.o)
 .text          0x0000000000003032        0x0 /usr/lib/gcc/avr/5.4.0/avr6/libgcc.a(_tablejump2.o)
 .text          0x0000000000003032        0x0 /usr/lib/gcc/avr/5.4.0/../../../avr/lib/avr6/libm.a(addsf3.o)
 .text          0x0000000000003032        0x0 /usr/lib/gcc/avr/5.4.0/../../../avr/lib/avr6/libm.a(addsf3x.o)
 .text          0x0000000000003032        0x0 /usr/lib/gcc/avr/5.4.0/../../../avr/lib/avr6/libm.a(atan2.o)
 .text          0x0000000000003032        0x0 /usr/lib/gcc/avr/5.4.0/../../../avr/lib/avr6/libm.a(atan.o)
 .text          0x0000000000003032        0x0 /usr/lib/gcc/avr/5.4.0/../../../avr/lib/avr6/libm.a(cmpsf2.o)
 .text          0x0000000000003032        0x0 /usr/lib/gcc/avr/5.4.0/../../../avr/lib/avr6/libm.a(divsf3.o)
 .text          0x0000000000003032        0x0 /usr/lib/gcc/avr/5.4.0/../../../avr/lib/avr6/libm.a(divsf3x.o)
 .text          0x0000000000003032        0x0 /usr/lib/gcc/avr/5.4.0/../../../avr/lib/avr6/libm.a(fixunssfsi.o)
 .text          0x0000000000003032        0x0 /usr/lib/gcc/avr/5.4.0/../../../avr/lib/avr6/libm.a(floatsisf.o)
 .text          0x0000000000003032        0x0 /usr/lib/gcc/avr/5.4.0/../../../avr/lib/avr6/libm.a(fp_cmp.o)
 .text          0x0000000000003032        0x0 /usr/lib/gcc/avr/5.4.0/../../../avr/lib/avr6/libm.a(fp_inf.o)
 .text          0x0000000000003032        0x0 /usr/lib/gcc/avr/5.4.0/../../../avr/lib/avr6/libm.a(fp_nan.o)
 .text          0x0000000000003032        0x0 /usr/lib/gcc/avr/5.4.0/../../../avr/lib/avr6/libm.a(fp_powser.o)
 .text          0x0000000000003032        0x0 /usr/lib/gcc/avr/5.4.0/../../../avr/lib/avr6/libm.a(fp_pscA.o)
 .text          0x0000000000003032        0x0 /usr/lib/gcc/avr/5.4.0/../../../avr/lib/avr6/libm.a(fp_pscB.o)
 .text          0x0000000000003032        0x0 /usr/lib/gcc/avr/5.4.0/../../../avr/lib/avr6/libm.a(fp_round.o)
 .text          0x0000000000003032        0x0 /usr/lib/gcc/avr/5.4.0/../../../avr/lib/avr6/libm.a(fp_split3.o)
 .text          0x0000000000003032        0x0 /usr/lib/gcc/avr/5.4.0/../../../avr/lib/avr6/libm.a(fp_zero.o)
 .text          0x0000000000003032        0x0 /usr/lib/gcc/avr/5.4.0/../../../avr/lib/avr6/libm.a(gesf2.o)
 .text          0x0000000000003032        0x0 /usr/lib/gcc/avr/5.4.0/../../../avr/lib/avr6/libm.a(inverse.o)
 .text          0x0000000000003032        0x0 /usr/lib/gcc/avr/5.4.0/../../../avr/lib/avr6/libm.a(mulsf3.o)
 .text          0x0000000000003032        0x0 /usr/lib/gcc/avr/5.4.0/../../../avr/lib/avr6/libm.a(mulsf3x.o)
 .text          0x0000000000003032        0x0 /usr/lib/gcc/avr/5.4.0/../../../avr/lib/avr6/libm.a(square.o)
 .text          0x0000000000003032        0x0 /usr/lib/gcc/avr/5.4.0/../../../avr/lib/avr6/libc.a(malloc.o)
 .text          0x0000000000003032        0x0 /usr/lib/gcc/avr/5.4.0/../../../avr/lib/avr6/libc.a(realloc.o)
 .text          0x0000000000003032        0x0 /usr/lib/gcc/avr/5.4.0/../../../avr/lib/avr6/libc.a(ftoa_engine.o)
 .text          0x0000000000003032        0x0 /usr/lib/gcc/avr/5.4.0/../../../avr/lib/avr6/libc.a(isspace.o)
 .text          0x0000000000003032        0x0 /usr/lib/gcc/avr/5.4.0/../../../avr/lib/avr6/libc.a(tolower.o)
 .text          0x0000000000003032        0x0 /usr/lib/gcc/avr/5.4.0/../../../avr/lib/avr6/libc.a(strchr_P.o)
 .text          0x0000000000003032        0x0 /usr/lib/gcc/avr/5.4.0/../../../avr/lib/avr6/libc.a(strnlen_P.o)
 .text          0x0000000000003032        0x0 /usr/lib/gcc/avr/5.4.0/../../../avr/lib/avr6/libc.a(memcpy.o)
 .text          0x0000000000003032        0x0 /usr/lib/gcc/avr/5.4.0/../../../avr/lib/avr6/libc.a(memset.o)
 .text          0x0000000000003032        0x0 /usr/lib/gcc/avr/5.4.0/../../../avr/lib/avr6/libc.a(strnlen.o)
 .text          0x0000000000003032        0x0 /usr/lib/gcc/avr/5.4.0/../../../avr/lib/avr6/libc.a(fgetc.o)
 .text          0x0000000000003032        0x0 /usr/lib/gcc/avr/5.4.0/../../../avr/lib/avr6/libc.a(fputc.o)
 .text          0x0000000000003032        0x0 /usr/lib/gcc/avr/5.4.0/../../../avr/lib/avr6/libc.a(vsprintf.o)
 .text          0x0000000000003032        0x0 /usr/lib/gcc/avr/5.4.0/../../../avr/lib/avr6/libc.a(ungetc.o)
 .text          0x0000000000003032        0x0 /usr/lib/gcc/avr/5.4.0/../../../avr/lib/avr6/libc.a(ultoa_invert.o)
 .text          0x0000000000003032        0x0 /usr/lib/gcc/avr/5.4.0/../../../avr/lib/avr6/libc.a(cty_isfalse.o)
                0x0000000000003032                . = ALIGN (0x2)
 *(.text.*)
 .text.avr-libc
                0x0000000000003032      0x8a6 /usr/lib/gcc/avr/5.4.0/../../../avr/lib/avr6/libscanf_flt.a(vfscanf_flt.o)
                0x0000000000003650                vfscanf
 .text.avr-libc
                0x00000000000038d8      0x74c /usr/lib/gcc/avr/5.4.0/../../../avr/lib/avr6/libprintf_flt.a(vfprintf_flt.o)
                0x00000000000038d8                vfprintf
 .text._ZN3PinC2Ev
                0x0000000000004024       0x38 build/dht11.o
                0x0000000000004024                _ZN3PinC1Ev
                0x0000000000004024                _ZN3PinC2Ev
 .text._ZN5Dht1114startContitionEv
                0x000000000000405c      0x130 build/dht11.o
                0x000000000000405c                _ZN5Dht1114startContitionEv
 .text.startup  0x000000000000418c      0x1e4 build/interrupt.o
 .text.startup  0x0000000000004370      0x14c build/main.o
                0x0000000000004370                main
 .text.startup  0x00000000000044bc       0x2a build/timer.o
 .text.libgcc.mul
                0x00000000000044e6        0x0 /usr/lib/gcc/avr/5.4.0/avr6/libgcc.a(_udivmodhi4.o)
 .text.libgcc.div
                0x00000000000044e6       0x28 /usr/lib/gcc/avr/5.4.0/avr6/libgcc.a(_udivmodhi4.o)
                0x00000000000044e6                __udivmodhi4
 .text.libgcc   0x000000000000450e        0x0 /usr/lib/gcc/avr/5.4.0/avr6/libgcc.a(_udivmodhi4.o)
 .text.libgcc.prologue
                0x000000000000450e        0x0 /usr/lib/gcc/avr/5.4.0/avr6/libgcc.a(_udivmodhi4.o)
 .text.libgcc.builtins
                0x000000000000450e        0x0 /usr/lib/gcc/avr/5.4.0/avr6/libgcc.a(_udivmodhi4.o)
 .text.libgcc.fmul
                0x000000000000450e        0x0 /usr/lib/gcc/avr/5.4.0/avr6/libgcc.a(_udivmodhi4.o)
 .text.libgcc.fixed
                0x000000000000450e        0x0 /usr/lib/gcc/avr/5.4.0/avr6/libgcc.a(_udivmodhi4.o)
 .text.libgcc.mul
                0x000000000000450e        0x0 /usr/lib/gcc/avr/5.4.0/avr6/libgcc.a(_udivmodsi4.o)
 .text.libgcc.div
                0x000000000000450e       0x44 /usr/lib/gcc/avr/5.4.0/avr6/libgcc.a(_udivmodsi4.o)
                0x000000000000450e                __udivmodsi4
 .text.libgcc   0x0000000000004552        0x0 /usr/lib/gcc/avr/5.4.0/avr6/libgcc.a(_udivmodsi4.o)
 .text.libgcc.prologue
                0x0000000000004552        0x0 /usr/lib/gcc/avr/5.4.0/avr6/libgcc.a(_udivmodsi4.o)
 .text.libgcc.builtins
                0x0000000000004552        0x0 /usr/lib/gcc/avr/5.4.0/avr6/libgcc.a(_udivmodsi4.o)
 .text.libgcc.fmul
                0x0000000000004552        0x0 /usr/lib/gcc/avr/5.4.0/avr6/libgcc.a(_udivmodsi4.o)
 .text.libgcc.fixed
                0x0000000000004552        0x0 /usr/lib/gcc/avr/5.4.0/avr6/libgcc.a(_udivmodsi4.o)
 .text.libgcc.mul
                0x0000000000004552        0x0 /usr/lib/gcc/avr/5.4.0/avr6/libgcc.a(_exit.o)
 .text.libgcc.div
                0x0000000000004552        0x0 /usr/lib/gcc/avr/5.4.0/avr6/libgcc.a(_exit.o)
 .text.libgcc   0x0000000000004552        0x0 /usr/lib/gcc/avr/5.4.0/avr6/libgcc.a(_exit.o)
 .text.libgcc.prologue
                0x0000000000004552        0x0 /usr/lib/gcc/avr/5.4.0/avr6/libgcc.a(_exit.o)
 .text.libgcc.builtins
                0x0000000000004552        0x0 /usr/lib/gcc/avr/5.4.0/avr6/libgcc.a(_exit.o)
 .text.libgcc.fmul
                0x0000000000004552        0x0 /usr/lib/gcc/avr/5.4.0/avr6/libgcc.a(_exit.o)
 .text.libgcc.fixed
                0x0000000000004552        0x0 /usr/lib/gcc/avr/5.4.0/avr6/libgcc.a(_exit.o)
 .text.libgcc.mul
                0x0000000000004552        0x0 /usr/lib/gcc/avr/5.4.0/avr6/libgcc.a(_copy_data.o)
 .text.libgcc.div
                0x0000000000004552        0x0 /usr/lib/gcc/avr/5.4.0/avr6/libgcc.a(_copy_data.o)
 .text.libgcc   0x0000000000004552        0x0 /usr/lib/gcc/avr/5.4.0/avr6/libgcc.a(_copy_data.o)
 .text.libgcc.prologue
                0x0000000000004552        0x0 /usr/lib/gcc/avr/5.4.0/avr6/libgcc.a(_copy_data.o)
 .text.libgcc.builtins
                0x0000000000004552        0x0 /usr/lib/gcc/avr/5.4.0/avr6/libgcc.a(_copy_data.o)
 .text.libgcc.fmul
                0x0000000000004552        0x0 /usr/lib/gcc/avr/5.4.0/avr6/libgcc.a(_copy_data.o)
 .text.libgcc.fixed
                0x0000000000004552        0x0 /usr/lib/gcc/avr/5.4.0/avr6/libgcc.a(_copy_data.o)
 .text.libgcc.mul
                0x0000000000004552        0x0 /usr/lib/gcc/avr/5.4.0/avr6/libgcc.a(_clear_bss.o)
 .text.libgcc.div
                0x0000000000004552        0x0 /usr/lib/gcc/avr/5.4.0/avr6/libgcc.a(_clear_bss.o)
 .text.libgcc   0x0000000000004552        0x0 /usr/lib/gcc/avr/5.4.0/avr6/libgcc.a(_clear_bss.o)
 .text.libgcc.prologue
                0x0000000000004552        0x0 /usr/lib/gcc/avr/5.4.0/avr6/libgcc.a(_clear_bss.o)
 .text.libgcc.builtins
                0x0000000000004552        0x0 /usr/lib/gcc/avr/5.4.0/avr6/libgcc.a(_clear_bss.o)
 .text.libgcc.fmul
                0x0000000000004552        0x0 /usr/lib/gcc/avr/5.4.0/avr6/libgcc.a(_clear_bss.o)
 .text.libgcc.fixed
                0x0000000000004552        0x0 /usr/lib/gcc/avr/5.4.0/avr6/libgcc.a(_clear_bss.o)
 .text.libgcc.mul
                0x0000000000004552        0x0 /usr/lib/gcc/avr/5.4.0/avr6/libgcc.a(_ctors.o)
 .text.libgcc.div
                0x0000000000004552        0x0 /usr/lib/gcc/avr/5.4.0/avr6/libgcc.a(_ctors.o)
 .text.libgcc   0x0000000000004552        0x0 /usr/lib/gcc/avr/5.4.0/avr6/libgcc.a(_ctors.o)
 .text.libgcc.prologue
                0x0000000000004552        0x0 /usr/lib/gcc/avr/5.4.0/avr6/libgcc.a(_ctors.o)
 .text.libgcc.builtins
                0x0000000000004552        0x0 /usr/lib/gcc/avr/5.4.0/avr6/libgcc.a(_ctors.o)
 .text.libgcc.fmul
                0x0000000000004552        0x0 /usr/lib/gcc/avr/5.4.0/avr6/libgcc.a(_ctors.o)
 .text.libgcc.fixed
                0x0000000000004552        0x0 /usr/lib/gcc/avr/5.4.0/avr6/libgcc.a(_ctors.o)
 .text.libgcc.mul
                0x0000000000004552        0x0 /usr/lib/gcc/avr/5.4.0/avr6/libgcc.a(_tablejump2.o)
 .text.libgcc.div
                0x0000000000004552        0x0 /usr/lib/gcc/avr/5.4.0/avr6/libgcc.a(_tablejump2.o)
 .text.libgcc   0x0000000000004552       0x10 /usr/lib/gcc/avr/5.4.0/avr6/libgcc.a(_tablejump2.o)
                0x0000000000004552                __tablejump2__
 .text.libgcc.prologue
                0x0000000000004562        0x0 /usr/lib/gcc/avr/5.4.0/avr6/libgcc.a(_tablejump2.o)
 .text.libgcc.builtins
                0x0000000000004562        0x0 /usr/lib/gcc/avr/5.4.0/avr6/libgcc.a(_tablejump2.o)
 .text.libgcc.fmul
                0x0000000000004562        0x0 /usr/lib/gcc/avr/5.4.0/avr6/libgcc.a(_tablejump2.o)
 .text.libgcc.fixed
                0x0000000000004562        0x0 /usr/lib/gcc/avr/5.4.0/avr6/libgcc.a(_tablejump2.o)
 .text.avr-libc.fplib
                0x0000000000004562        0xe /usr/lib/gcc/avr/5.4.0/../../../avr/lib/avr6/libm.a(addsf3.o)
                0x0000000000004562                __subsf3
                0x0000000000004564                __addsf3
 .text.avr-libc.fplib
                0x0000000000004570       0xcc /usr/lib/gcc/avr/5.4.0/../../../avr/lib/avr6/libm.a(addsf3x.o)
                0x0000000000004592                __addsf3x
 .text.avr-libc.fplib
                0x000000000000463c       0x86 /usr/lib/gcc/avr/5.4.0/../../../avr/lib/avr6/libm.a(atan2.o)
                0x0000000000004662                atan2
 .text.avr-libc.fplib
                0x00000000000046c2       0x5e /usr/lib/gcc/avr/5.4.0/../../../avr/lib/avr6/libm.a(atan.o)
                0x00000000000046c2                atan
 .text.avr-libc.fplib
                0x0000000000004720        0xa /usr/lib/gcc/avr/5.4.0/../../../avr/lib/avr6/libm.a(cmpsf2.o)
                0x0000000000004720                __lesf2
                0x0000000000004720                __nesf2
                0x0000000000004720                __eqsf2
                0x0000000000004720                __cmpsf2
                0x0000000000004720                __ltsf2
 .text.avr-libc.fplib
                0x000000000000472a        0x8 /usr/lib/gcc/avr/5.4.0/../../../avr/lib/avr6/libm.a(divsf3.o)
                0x000000000000472a                __divsf3
 .text.avr-libc.fplib
                0x0000000000004732       0xdc /usr/lib/gcc/avr/5.4.0/../../../avr/lib/avr6/libm.a(divsf3x.o)
                0x0000000000004752                __divsf3x
                0x0000000000004758                __divsf3_pse
 .text.avr-libc.fplib
                0x000000000000480e       0x5e /usr/lib/gcc/avr/5.4.0/../../../avr/lib/avr6/libm.a(fixunssfsi.o)
                0x000000000000480e                __fixunssfsi
 .text.avr-libc.fplib
                0x000000000000486c       0x7a /usr/lib/gcc/avr/5.4.0/../../../avr/lib/avr6/libm.a(floatsisf.o)
                0x000000000000486c                __floatunsisf
                0x0000000000004870                __floatsisf
 .text.avr-libc.fplib
                0x00000000000048e6       0x48 /usr/lib/gcc/avr/5.4.0/../../../avr/lib/avr6/libm.a(fp_cmp.o)
                0x00000000000048e6                __fp_cmp
 .text.avr-libc.fplib
                0x000000000000492e        0xc /usr/lib/gcc/avr/5.4.0/../../../avr/lib/avr6/libm.a(fp_inf.o)
                0x000000000000492e                __fp_inf
 .text.avr-libc.fplib
                0x000000000000493a        0x6 /usr/lib/gcc/avr/5.4.0/../../../avr/lib/avr6/libm.a(fp_nan.o)
                0x000000000000493a                __fp_nan
 .text.avr-libc.fplib
                0x0000000000004940       0x4e /usr/lib/gcc/avr/5.4.0/../../../avr/lib/avr6/libm.a(fp_powser.o)
                0x0000000000004940                __fp_powser
 .text.avr-libc.fplib
                0x000000000000498e        0xe /usr/lib/gcc/avr/5.4.0/../../../avr/lib/avr6/libm.a(fp_pscA.o)
                0x000000000000498e                __fp_pscA
 .text.avr-libc.fplib
                0x000000000000499c        0xe /usr/lib/gcc/avr/5.4.0/../../../avr/lib/avr6/libm.a(fp_pscB.o)
                0x000000000000499c                __fp_pscB
 .text.avr-libc.fplib
                0x00000000000049aa       0x22 /usr/lib/gcc/avr/5.4.0/../../../avr/lib/avr6/libm.a(fp_round.o)
                0x00000000000049aa                __fp_round
 .text.avr-libc.fplib
                0x00000000000049cc       0x44 /usr/lib/gcc/avr/5.4.0/../../../avr/lib/avr6/libm.a(fp_split3.o)
                0x00000000000049cc                __fp_split3
                0x00000000000049dc                __fp_splitA
 .text.avr-libc.fplib
                0x0000000000004a10        0xe /usr/lib/gcc/avr/5.4.0/../../../avr/lib/avr6/libm.a(fp_zero.o)
                0x0000000000004a10                __fp_zero
                0x0000000000004a12                __fp_szero
 .text.avr-libc.fplib
                0x0000000000004a1e        0xa /usr/lib/gcc/avr/5.4.0/../../../avr/lib/avr6/libm.a(gesf2.o)
                0x0000000000004a1e                __gtsf2
                0x0000000000004a1e                __gesf2
 .text.avr-libc.fplib
                0x0000000000004a28       0x10 /usr/lib/gcc/avr/5.4.0/../../../avr/lib/avr6/libm.a(inverse.o)
                0x0000000000004a28                inverse
 .text.avr-libc.fplib
                0x0000000000004a38        0x8 /usr/lib/gcc/avr/5.4.0/../../../avr/lib/avr6/libm.a(mulsf3.o)
                0x0000000000004a38                __mulsf3
 .text.avr-libc.fplib
                0x0000000000004a40       0xd2 /usr/lib/gcc/avr/5.4.0/../../../avr/lib/avr6/libm.a(mulsf3x.o)
                0x0000000000004a5e                __mulsf3x
                0x0000000000004a64                __mulsf3_pse
 .text.avr-libc.fplib
                0x0000000000004b12        0x8 /usr/lib/gcc/avr/5.4.0/../../../avr/lib/avr6/libm.a(square.o)
                0x0000000000004b12                square
 .text.avr-libc
                0x0000000000004b1a      0x242 /usr/lib/gcc/avr/5.4.0/../../../avr/lib/avr6/libc.a(malloc.o)
                0x0000000000004b1a                malloc
                0x0000000000004c4a                free
 .text.avr-libc
                0x0000000000004d5c      0x1ca /usr/lib/gcc/avr/5.4.0/../../../avr/lib/avr6/libc.a(realloc.o)
                0x0000000000004d5c                realloc
 .text.avr-libc
                0x0000000000004f26      0x1b0 /usr/lib/gcc/avr/5.4.0/../../../avr/lib/avr6/libc.a(ftoa_engine.o)
                0x0000000000004f26                __ftoa_engine
 .text.avr-libc
                0x00000000000050d6       0x12 /usr/lib/gcc/avr/5.4.0/../../../avr/lib/avr6/libc.a(isspace.o)
                0x00000000000050d6                isspace
 .text.avr-libc
                0x00000000000050e8       0x10 /usr/lib/gcc/avr/5.4.0/../../../avr/lib/avr6/libc.a(tolower.o)
                0x00000000000050e8                tolower
 .text.avr-libc
                0x00000000000050f8       0x16 /usr/lib/gcc/avr/5.4.0/../../../avr/lib/avr6/libc.a(strchr_P.o)
                0x00000000000050f8                strchr_P
 .text.avr-libc
                0x000000000000510e       0x16 /usr/lib/gcc/avr/5.4.0/../../../avr/lib/avr6/libc.a(strnlen_P.o)
                0x000000000000510e                strnlen_P
 .text.avr-libc
                0x0000000000005124       0x12 /usr/lib/gcc/avr/5.4.0/../../../avr/lib/avr6/libc.a(memcpy.o)
                0x0000000000005124                memcpy
 .text.avr-libc
                0x0000000000005136        0xe /usr/lib/gcc/avr/5.4.0/../../../avr/lib/avr6/libc.a(memset.o)
                0x0000000000005136                memset
 .text.avr-libc
                0x0000000000005144       0x16 /usr/lib/gcc/avr/5.4.0/../../../avr/lib/avr6/libc.a(strnlen.o)
                0x0000000000005144                strnlen
 .text.avr-libc
                0x000000000000515a       0x7c /usr/lib/gcc/avr/5.4.0/../../../avr/lib/avr6/libc.a(fgetc.o)
                0x000000000000515a                fgetc
 .text.avr-libc
                0x00000000000051d6       0x78 /usr/lib/gcc/avr/5.4.0/../../../avr/lib/avr6/libc.a(fputc.o)
                0x00000000000051d6                fputc
 .text.avr-libc
                0x000000000000524e       0x52 /usr/lib/gcc/avr/5.4.0/../../../avr/lib/avr6/libc.a(vsprintf.o)
                0x000000000000524e                vsprintf
 .text.avr-libc
                0x00000000000052a0       0x32 /usr/lib/gcc/avr/5.4.0/../../../avr/lib/avr6/libc.a(ungetc.o)
                0x00000000000052a0                ungetc
 .text.avr-libc
                0x00000000000052d2       0xbc /usr/lib/gcc/avr/5.4.0/../../../avr/lib/avr6/libc.a(ultoa_invert.o)
                0x00000000000052d2                __ultoa_invert
 .text.avr-libc
                0x000000000000538e        0x6 /usr/lib/gcc/avr/5.4.0/../../../avr/lib/avr6/libc.a(cty_isfalse.o)
                0x000000000000538e                __ctype_isfalse
                0x0000000000005392                __ctype_istrue
                0x0000000000005394                . = ALIGN (0x2)
 *(.fini9)
 .fini9         0x0000000000005394        0x0 /usr/lib/gcc/avr/5.4.0/avr6/libgcc.a(_exit.o)
                0x0000000000005394                exit
                0x0000000000005394                _exit
 *(.fini9)
 *(.fini8)
 *(.fini8)
 *(.fini7)
 *(.fini7)
 *(.fini6)
 *(.fini6)
 *(.fini5)
 *(.fini5)
 *(.fini4)
 *(.fini4)
 *(.fini3)
 *(.fini3)
 *(.fini2)
 *(.fini2)
 *(.fini1)
 *(.fini1)
 *(.fini0)
 .fini0         0x0000000000005394        0x4 /usr/lib/gcc/avr/5.4.0/avr6/libgcc.a(_exit.o)
 *(.fini0)
                0x0000000000005398                _etext = .

.data           0x0000000000800200      0x15e load address 0x0000000000005398
                0x0000000000800200                PROVIDE (__data_start, .)
 *(.data)
 .data          0x0000000000800200        0x0 /usr/lib/gcc/avr/5.4.0/../../../avr/lib/avr6/crtatmega2560.o
 .data          0x0000000000800200        0x0 /usr/lib/gcc/avr/5.4.0/../../../avr/lib/avr6/libscanf_flt.a(vfscanf_flt.o)
 .data          0x0000000000800200        0x0 /usr/lib/gcc/avr/5.4.0/../../../avr/lib/avr6/libprintf_flt.a(vfprintf_flt.o)
 .data          0x0000000000800200        0x0 build/cppfix.o
 .data          0x0000000000800200        0x0 build/dht11.o
 .data          0x0000000000800200        0x0 build/hmc5883.o
 .data          0x0000000000800200        0x0 build/i2cmaster.o
 .data          0x0000000000800200        0x0 build/i2cslave.o
 .data          0x0000000000800200       0xd5 build/interrupt.o
                0x0000000000800200                int_vect
                0x0000000000800242                pcint_vect
 .data          0x00000000008002d5        0x0 build/main.o
 .data          0x00000000008002d5        0x0 build/mpu6050.o
 .data          0x00000000008002d5        0x0 build/portmanager.o
 .data          0x00000000008002d5        0x0 build/serial.o
 .data          0x00000000008002d5        0x0 build/spimaster.o
 .data          0x00000000008002d5        0x0 build/spislave.o
 .data          0x00000000008002d5        0x0 build/timer.o
 .data          0x00000000008002d5        0x0 /usr/lib/gcc/avr/5.4.0/avr6/libgcc.a(_udivmodhi4.o)
 .data          0x00000000008002d5        0x0 /usr/lib/gcc/avr/5.4.0/avr6/libgcc.a(_udivmodsi4.o)
 .data          0x00000000008002d5        0x0 /usr/lib/gcc/avr/5.4.0/avr6/libgcc.a(_exit.o)
 .data          0x00000000008002d5        0x0 /usr/lib/gcc/avr/5.4.0/avr6/libgcc.a(_copy_data.o)
 .data          0x00000000008002d5        0x0 /usr/lib/gcc/avr/5.4.0/avr6/libgcc.a(_clear_bss.o)
 .data          0x00000000008002d5        0x0 /usr/lib/gcc/avr/5.4.0/avr6/libgcc.a(_ctors.o)
 .data          0x00000000008002d5        0x0 /usr/lib/gcc/avr/5.4.0/avr6/libgcc.a(_tablejump2.o)
 .data          0x00000000008002d5        0x0 /usr/lib/gcc/avr/5.4.0/../../../avr/lib/avr6/libm.a(addsf3.o)
 .data          0x00000000008002d5        0x0 /usr/lib/gcc/avr/5.4.0/../../../avr/lib/avr6/libm.a(addsf3x.o)
 .data          0x00000000008002d5        0x0 /usr/lib/gcc/avr/5.4.0/../../../avr/lib/avr6/libm.a(atan2.o)
 .data          0x00000000008002d5        0x0 /usr/lib/gcc/avr/5.4.0/../../../avr/lib/avr6/libm.a(atan.o)
 .data          0x00000000008002d5        0x0 /usr/lib/gcc/avr/5.4.0/../../../avr/lib/avr6/libm.a(cmpsf2.o)
 .data          0x00000000008002d5        0x0 /usr/lib/gcc/avr/5.4.0/../../../avr/lib/avr6/libm.a(divsf3.o)
 .data          0x00000000008002d5        0x0 /usr/lib/gcc/avr/5.4.0/../../../avr/lib/avr6/libm.a(divsf3x.o)
 .data          0x00000000008002d5        0x0 /usr/lib/gcc/avr/5.4.0/../../../avr/lib/avr6/libm.a(fixunssfsi.o)
 .data          0x00000000008002d5        0x0 /usr/lib/gcc/avr/5.4.0/../../../avr/lib/avr6/libm.a(floatsisf.o)
 .data          0x00000000008002d5        0x0 /usr/lib/gcc/avr/5.4.0/../../../avr/lib/avr6/libm.a(fp_cmp.o)
 .data          0x00000000008002d5        0x0 /usr/lib/gcc/avr/5.4.0/../../../avr/lib/avr6/libm.a(fp_inf.o)
 .data          0x00000000008002d5        0x0 /usr/lib/gcc/avr/5.4.0/../../../avr/lib/avr6/libm.a(fp_nan.o)
 .data          0x00000000008002d5        0x0 /usr/lib/gcc/avr/5.4.0/../../../avr/lib/avr6/libm.a(fp_powser.o)
 .data          0x00000000008002d5        0x0 /usr/lib/gcc/avr/5.4.0/../../../avr/lib/avr6/libm.a(fp_pscA.o)
 .data          0x00000000008002d5        0x0 /usr/lib/gcc/avr/5.4.0/../../../avr/lib/avr6/libm.a(fp_pscB.o)
 .data          0x00000000008002d5        0x0 /usr/lib/gcc/avr/5.4.0/../../../avr/lib/avr6/libm.a(fp_round.o)
 .data          0x00000000008002d5        0x0 /usr/lib/gcc/avr/5.4.0/../../../avr/lib/avr6/libm.a(fp_split3.o)
 .data          0x00000000008002d5        0x0 /usr/lib/gcc/avr/5.4.0/../../../avr/lib/avr6/libm.a(fp_zero.o)
 .data          0x00000000008002d5        0x0 /usr/lib/gcc/avr/5.4.0/../../../avr/lib/avr6/libm.a(gesf2.o)
 .data          0x00000000008002d5        0x0 /usr/lib/gcc/avr/5.4.0/../../../avr/lib/avr6/libm.a(inverse.o)
 .data          0x00000000008002d5        0x0 /usr/lib/gcc/avr/5.4.0/../../../avr/lib/avr6/libm.a(mulsf3.o)
 .data          0x00000000008002d5        0x0 /usr/lib/gcc/avr/5.4.0/../../../avr/lib/avr6/libm.a(mulsf3x.o)
 .data          0x00000000008002d5        0x0 /usr/lib/gcc/avr/5.4.0/../../../avr/lib/avr6/libm.a(square.o)
 .data          0x00000000008002d5        0x6 /usr/lib/gcc/avr/5.4.0/../../../avr/lib/avr6/libc.a(malloc.o)
                0x00000000008002d5                __malloc_heap_end
                0x00000000008002d7                __malloc_heap_start
                0x00000000008002d9                __malloc_margin
 .data          0x00000000008002db        0x0 /usr/lib/gcc/avr/5.4.0/../../../avr/lib/avr6/libc.a(realloc.o)
 .data          0x00000000008002db        0x0 /usr/lib/gcc/avr/5.4.0/../../../avr/lib/avr6/libc.a(ftoa_engine.o)
 .data          0x00000000008002db        0x0 /usr/lib/gcc/avr/5.4.0/../../../avr/lib/avr6/libc.a(isspace.o)
 .data          0x00000000008002db        0x0 /usr/lib/gcc/avr/5.4.0/../../../avr/lib/avr6/libc.a(tolower.o)
 .data          0x00000000008002db        0x0 /usr/lib/gcc/avr/5.4.0/../../../avr/lib/avr6/libc.a(strchr_P.o)
 .data          0x00000000008002db        0x0 /usr/lib/gcc/avr/5.4.0/../../../avr/lib/avr6/libc.a(strnlen_P.o)
 .data          0x00000000008002db        0x0 /usr/lib/gcc/avr/5.4.0/../../../avr/lib/avr6/libc.a(memcpy.o)
 .data          0x00000000008002db        0x0 /usr/lib/gcc/avr/5.4.0/../../../avr/lib/avr6/libc.a(memset.o)
 .data          0x00000000008002db        0x0 /usr/lib/gcc/avr/5.4.0/../../../avr/lib/avr6/libc.a(strnlen.o)
 .data          0x00000000008002db        0x0 /usr/lib/gcc/avr/5.4.0/../../../avr/lib/avr6/libc.a(fgetc.o)
 .data          0x00000000008002db        0x0 /usr/lib/gcc/avr/5.4.0/../../../avr/lib/avr6/libc.a(fputc.o)
 .data          0x00000000008002db        0x0 /usr/lib/gcc/avr/5.4.0/../../../avr/lib/avr6/libc.a(vsprintf.o)
 .data          0x00000000008002db        0x0 /usr/lib/gcc/avr/5.4.0/../../../avr/lib/avr6/libc.a(ungetc.o)
 .data          0x00000000008002db        0x0 /usr/lib/gcc/avr/5.4.0/../../../avr/lib/avr6/libc.a(ultoa_invert.o)
 .data          0x00000000008002db        0x0 /usr/lib/gcc/avr/5.4.0/../../../avr/lib/avr6/libc.a(cty_isfalse.o)
 *(.data*)
 *(.rodata)
 .rodata        0x00000000008002db       0x2c build/portmanager.o
 *(.rodata*)
 .rodata.str1.1
                0x0000000000800307       0x23 build/dht11.o
                                         0x26 (size before relaxing)
 .rodata.str1.1
                0x000000000080032a       0x29 build/main.o
 .rodata.str1.1
                0x0000000000800353        0xb build/serial.o
 *(.gnu.linkonce.d*)
                0x000000000080035e                . = ALIGN (0x2)
                0x000000000080035e                _edata = .
                0x000000000080035e                PROVIDE (__data_end, .)

.bss            0x000000000080035e       0xf8
                0x000000000080035e                PROVIDE (__bss_start, .)
 *(.bss)
 .bss           0x000000000080035e        0x0 /usr/lib/gcc/avr/5.4.0/../../../avr/lib/avr6/crtatmega2560.o
 .bss           0x000000000080035e        0x0 /usr/lib/gcc/avr/5.4.0/../../../avr/lib/avr6/libscanf_flt.a(vfscanf_flt.o)
 .bss           0x000000000080035e        0x0 /usr/lib/gcc/avr/5.4.0/../../../avr/lib/avr6/libprintf_flt.a(vfprintf_flt.o)
 .bss           0x000000000080035e        0x0 build/cppfix.o
 .bss           0x000000000080035e        0x0 build/dht11.o
 .bss           0x000000000080035e        0x0 build/hmc5883.o
 .bss           0x000000000080035e        0x0 build/i2cmaster.o
 .bss           0x000000000080035e        0x4 build/i2cslave.o
 .bss           0x0000000000800362       0xd2 build/interrupt.o
                0x0000000000800362                port_k_history
                0x0000000000800363                port_j_history
                0x0000000000800364                port_b_history
                0x0000000000800365                vectJ
                0x0000000000800373                vectK
                0x00000000008003ab                vectB
                0x00000000008003e3                _ZN9Interrupt17interruptCallbackE
 .bss           0x0000000000800434        0x0 build/main.o
 .bss           0x0000000000800434        0x0 build/mpu6050.o
 .bss           0x0000000000800434        0x0 build/portmanager.o
 .bss           0x0000000000800434        0x0 build/serial.o
 .bss           0x0000000000800434        0x0 build/spimaster.o
 .bss           0x0000000000800434        0x2 build/spislave.o
 .bss           0x0000000000800436       0x14 build/timer.o
                0x0000000000800436                cnt
                0x0000000000800437                _ZN5Timer7_isInitE
                0x0000000000800438                _ZN5Timer5_timeE
 .bss           0x000000000080044a        0x0 /usr/lib/gcc/avr/5.4.0/avr6/libgcc.a(_udivmodhi4.o)
 .bss           0x000000000080044a        0x0 /usr/lib/gcc/avr/5.4.0/avr6/libgcc.a(_udivmodsi4.o)
 .bss           0x000000000080044a        0x0 /usr/lib/gcc/avr/5.4.0/avr6/libgcc.a(_exit.o)
 .bss           0x000000000080044a        0x0 /usr/lib/gcc/avr/5.4.0/avr6/libgcc.a(_copy_data.o)
 .bss           0x000000000080044a        0x0 /usr/lib/gcc/avr/5.4.0/avr6/libgcc.a(_clear_bss.o)
 .bss           0x000000000080044a        0x0 /usr/lib/gcc/avr/5.4.0/avr6/libgcc.a(_ctors.o)
 .bss           0x000000000080044a        0x0 /usr/lib/gcc/avr/5.4.0/avr6/libgcc.a(_tablejump2.o)
 .bss           0x000000000080044a        0x0 /usr/lib/gcc/avr/5.4.0/../../../avr/lib/avr6/libm.a(addsf3.o)
 .bss           0x000000000080044a        0x0 /usr/lib/gcc/avr/5.4.0/../../../avr/lib/avr6/libm.a(addsf3x.o)
 .bss           0x000000000080044a        0x0 /usr/lib/gcc/avr/5.4.0/../../../avr/lib/avr6/libm.a(atan2.o)
 .bss           0x000000000080044a        0x0 /usr/lib/gcc/avr/5.4.0/../../../avr/lib/avr6/libm.a(atan.o)
 .bss           0x000000000080044a        0x0 /usr/lib/gcc/avr/5.4.0/../../../avr/lib/avr6/libm.a(cmpsf2.o)
 .bss           0x000000000080044a        0x0 /usr/lib/gcc/avr/5.4.0/../../../avr/lib/avr6/libm.a(divsf3.o)
 .bss           0x000000000080044a        0x0 /usr/lib/gcc/avr/5.4.0/../../../avr/lib/avr6/libm.a(divsf3x.o)
 .bss           0x000000000080044a        0x0 /usr/lib/gcc/avr/5.4.0/../../../avr/lib/avr6/libm.a(fixunssfsi.o)
 .bss           0x000000000080044a        0x0 /usr/lib/gcc/avr/5.4.0/../../../avr/lib/avr6/libm.a(floatsisf.o)
 .bss           0x000000000080044a        0x0 /usr/lib/gcc/avr/5.4.0/../../../avr/lib/avr6/libm.a(fp_cmp.o)
 .bss           0x000000000080044a        0x0 /usr/lib/gcc/avr/5.4.0/../../../avr/lib/avr6/libm.a(fp_inf.o)
 .bss           0x000000000080044a        0x0 /usr/lib/gcc/avr/5.4.0/../../../avr/lib/avr6/libm.a(fp_nan.o)
 .bss           0x000000000080044a        0x0 /usr/lib/gcc/avr/5.4.0/../../../avr/lib/avr6/libm.a(fp_powser.o)
 .bss           0x000000000080044a        0x0 /usr/lib/gcc/avr/5.4.0/../../../avr/lib/avr6/libm.a(fp_pscA.o)
 .bss           0x000000000080044a        0x0 /usr/lib/gcc/avr/5.4.0/../../../avr/lib/avr6/libm.a(fp_pscB.o)
 .bss           0x000000000080044a        0x0 /usr/lib/gcc/avr/5.4.0/../../../avr/lib/avr6/libm.a(fp_round.o)
 .bss           0x000000000080044a        0x0 /usr/lib/gcc/avr/5.4.0/../../../avr/lib/avr6/libm.a(fp_split3.o)
 .bss           0x000000000080044a        0x0 /usr/lib/gcc/avr/5.4.0/../../../avr/lib/avr6/libm.a(fp_zero.o)
 .bss           0x000000000080044a        0x0 /usr/lib/gcc/avr/5.4.0/../../../avr/lib/avr6/libm.a(gesf2.o)
 .bss           0x000000000080044a        0x0 /usr/lib/gcc/avr/5.4.0/../../../avr/lib/avr6/libm.a(inverse.o)
 .bss           0x000000000080044a        0x0 /usr/lib/gcc/avr/5.4.0/../../../avr/lib/avr6/libm.a(mulsf3.o)
 .bss           0x000000000080044a        0x0 /usr/lib/gcc/avr/5.4.0/../../../avr/lib/avr6/libm.a(mulsf3x.o)
 .bss           0x000000000080044a        0x0 /usr/lib/gcc/avr/5.4.0/../../../avr/lib/avr6/libm.a(square.o)
 .bss           0x000000000080044a        0x0 /usr/lib/gcc/avr/5.4.0/../../../avr/lib/avr6/libc.a(malloc.o)
 .bss           0x000000000080044a        0x0 /usr/lib/gcc/avr/5.4.0/../../../avr/lib/avr6/libc.a(realloc.o)
 .bss           0x000000000080044a        0x0 /usr/lib/gcc/avr/5.4.0/../../../avr/lib/avr6/libc.a(ftoa_engine.o)
 .bss           0x000000000080044a        0x0 /usr/lib/gcc/avr/5.4.0/../../../avr/lib/avr6/libc.a(isspace.o)
 .bss           0x000000000080044a        0x0 /usr/lib/gcc/avr/5.4.0/../../../avr/lib/avr6/libc.a(tolower.o)
 .bss           0x000000000080044a        0x0 /usr/lib/gcc/avr/5.4.0/../../../avr/lib/avr6/libc.a(strchr_P.o)
 .bss           0x000000000080044a        0x0 /usr/lib/gcc/avr/5.4.0/../../../avr/lib/avr6/libc.a(strnlen_P.o)
 .bss           0x000000000080044a        0x0 /usr/lib/gcc/avr/5.4.0/../../../avr/lib/avr6/libc.a(memcpy.o)
 .bss           0x000000000080044a        0x0 /usr/lib/gcc/avr/5.4.0/../../../avr/lib/avr6/libc.a(memset.o)
 .bss           0x000000000080044a        0x0 /usr/lib/gcc/avr/5.4.0/../../../avr/lib/avr6/libc.a(strnlen.o)
 .bss           0x000000000080044a        0x0 /usr/lib/gcc/avr/5.4.0/../../../avr/lib/avr6/libc.a(fgetc.o)
 .bss           0x000000000080044a        0x0 /usr/lib/gcc/avr/5.4.0/../../../avr/lib/avr6/libc.a(fputc.o)
 .bss           0x000000000080044a        0x0 /usr/lib/gcc/avr/5.4.0/../../../avr/lib/avr6/libc.a(vsprintf.o)
 .bss           0x000000000080044a        0x0 /usr/lib/gcc/avr/5.4.0/../../../avr/lib/avr6/libc.a(ungetc.o)
 .bss           0x000000000080044a        0x0 /usr/lib/gcc/avr/5.4.0/../../../avr/lib/avr6/libc.a(ultoa_invert.o)
 .bss           0x000000000080044a        0x0 /usr/lib/gcc/avr/5.4.0/../../../avr/lib/avr6/libc.a(cty_isfalse.o)
 *(.bss*)
 .bss._ZZN13SerialManager11getInstanceE10SerialPortE8instance
                0x000000000080044a        0x8 build/dht11.o
                0x000000000080044a                _ZZN13SerialManager11getInstanceE10SerialPortE8instance
 *(COMMON)
 COMMON         0x0000000000800452        0x4 /usr/lib/gcc/avr/5.4.0/../../../avr/lib/avr6/libc.a(malloc.o)
                0x0000000000800452                __brkval
                0x0000000000800454                __flp
                0x0000000000800456                PROVIDE (__bss_end, .)
                0x0000000000005398                __data_load_start = LOADADDR (.data)
                0x00000000000054f6                __data_load_end = (__data_load_start + SIZEOF (.data))

.noinit         0x0000000000800456        0x0
                [!provide]                        PROVIDE (__noinit_start, .)
 *(.noinit*)
                [!provide]                        PROVIDE (__noinit_end, .)
                0x0000000000800456                _end = .
                0x0000000000800456                PROVIDE (__heap_start, .)

.eeprom         0x0000000000810000        0x0
 *(.eeprom*)
                0x0000000000810000                __eeprom_end = .

.fuse
 *(.fuse)
 *(.lfuse)
 *(.hfuse)
 *(.efuse)

.lock
 *(.lock*)

.signature
 *(.signature*)

.user_signatures
 *(.user_signatures*)

.stab
 *(.stab)

.stabstr
 *(.stabstr)

.stab.excl
 *(.stab.excl)

.stab.exclstr
 *(.stab.exclstr)

.stab.index
 *(.stab.index)

.stab.indexstr
 *(.stab.indexstr)

.comment        0x0000000000000000       0x11
 *(.comment)
 .comment       0x0000000000000000       0x11 /usr/lib/gcc/avr/5.4.0/../../../avr/lib/avr6/libscanf_flt.a(vfscanf_flt.o)
                                         0x12 (size before relaxing)
 .comment       0x0000000000000011       0x12 /usr/lib/gcc/avr/5.4.0/../../../avr/lib/avr6/libprintf_flt.a(vfprintf_flt.o)
 .comment       0x0000000000000011       0x12 build/cppfix.o
 .comment       0x0000000000000011       0x12 build/dht11.o
 .comment       0x0000000000000011       0x12 build/hmc5883.o
 .comment       0x0000000000000011       0x12 build/i2cmaster.o
 .comment       0x0000000000000011       0x12 build/i2cslave.o
 .comment       0x0000000000000011       0x12 build/interrupt.o
 .comment       0x0000000000000011       0x12 build/main.o
 .comment       0x0000000000000011       0x12 build/mpu6050.o
 .comment       0x0000000000000011       0x12 build/portmanager.o
 .comment       0x0000000000000011       0x12 build/serial.o
 .comment       0x0000000000000011       0x12 build/spimaster.o
 .comment       0x0000000000000011       0x12 build/spislave.o
 .comment       0x0000000000000011       0x12 build/timer.o
 .comment       0x0000000000000011       0x12 /usr/lib/gcc/avr/5.4.0/../../../avr/lib/avr6/libc.a(malloc.o)
 .comment       0x0000000000000011       0x12 /usr/lib/gcc/avr/5.4.0/../../../avr/lib/avr6/libc.a(realloc.o)
 .comment       0x0000000000000011       0x12 /usr/lib/gcc/avr/5.4.0/../../../avr/lib/avr6/libc.a(fgetc.o)
 .comment       0x0000000000000011       0x12 /usr/lib/gcc/avr/5.4.0/../../../avr/lib/avr6/libc.a(fputc.o)
 .comment       0x0000000000000011       0x12 /usr/lib/gcc/avr/5.4.0/../../../avr/lib/avr6/libc.a(vsprintf.o)
 .comment       0x0000000000000011       0x12 /usr/lib/gcc/avr/5.4.0/../../../avr/lib/avr6/libc.a(ungetc.o)

.note.gnu.avr.deviceinfo
                0x0000000000000000       0x40
 .note.gnu.avr.deviceinfo
                0x0000000000000000       0x40 /usr/lib/gcc/avr/5.4.0/../../../avr/lib/avr6/crtatmega2560.o

.note.gnu.build-id
 *(.note.gnu.build-id)

.debug
 *(.debug)

.line
 *(.line)

.debug_srcinfo
 *(.debug_srcinfo)

.debug_sfnames
 *(.debug_sfnames)

.debug_aranges
 *(.debug_aranges)

.debug_pubnames
 *(.debug_pubnames)

.debug_info     0x0000000000000000      0xbbc
 *(.debug_info .gnu.linkonce.wi.*)
 .debug_info    0x0000000000000000      0xbbc /usr/lib/gcc/avr/5.4.0/../../../avr/lib/avr6/crtatmega2560.o

.debug_abbrev   0x0000000000000000      0xb1a
 *(.debug_abbrev)
 .debug_abbrev  0x0000000000000000      0xb1a /usr/lib/gcc/avr/5.4.0/../../../avr/lib/avr6/crtatmega2560.o

.debug_line     0x0000000000000000       0x1a
 *(.debug_line .debug_line.* .debug_line_end)
 .debug_line    0x0000000000000000       0x1a /usr/lib/gcc/avr/5.4.0/../../../avr/lib/avr6/crtatmega2560.o

.debug_frame
 *(.debug_frame)

.debug_str      0x0000000000000000      0x3e6
 *(.debug_str)
 .debug_str     0x0000000000000000      0x3e6 /usr/lib/gcc/avr/5.4.0/../../../avr/lib/avr6/crtatmega2560.o

.debug_loc
 *(.debug_loc)

.debug_macinfo
 *(.debug_macinfo)

.debug_weaknames
 *(.debug_weaknames)

.debug_funcnames
 *(.debug_funcnames)

.debug_typenames
 *(.debug_typenames)

.debug_varnames
 *(.debug_varnames)

.debug_pubtypes
 *(.debug_pubtypes)

.debug_ranges
 *(.debug_ranges)

.debug_macro
 *(.debug_macro)
OUTPUT(build/main.elf elf32-avr)
LOAD linker stubs
