Archive member included to satisfy reference by file (symbol)

/usr/lib/gcc/avr/5.4.0/../../../avr/lib/avr6/libscanf_flt.a(vfscanf_flt.o)
                              (vfscanf)
/usr/lib/gcc/avr/5.4.0/../../../avr/lib/avr6/libprintf_flt.a(vfprintf_flt.o)
                              (vfprintf)
/usr/lib/gcc/avr/5.4.0/avr6/libgcc.a(_udivmodhi4.o)
                              build/portmanager.o (__udivmodhi4)
/usr/lib/gcc/avr/5.4.0/avr6/libgcc.a(_divmodhi4.o)
                              build/pwmmanager.o (__divmodhi4)
/usr/lib/gcc/avr/5.4.0/avr6/libgcc.a(_udivmodsi4.o)
                              build/serial.o (__udivmodsi4)
/usr/lib/gcc/avr/5.4.0/avr6/libgcc.a(_exit.o)
                              /usr/lib/gcc/avr/5.4.0/../../../avr/lib/avr6/crtatmega2560.o (exit)
/usr/lib/gcc/avr/5.4.0/avr6/libgcc.a(_tablejump2.o)
                              build/command.o (__tablejump2__)
/usr/lib/gcc/avr/5.4.0/avr6/libgcc.a(_copy_data.o)
                              build/command.o (__do_copy_data)
/usr/lib/gcc/avr/5.4.0/avr6/libgcc.a(_clear_bss.o)
                              build/command.o (__do_clear_bss)
/usr/lib/gcc/avr/5.4.0/avr6/libgcc.a(_ctors.o)
                              build/command.o (__do_global_ctors)
/usr/lib/gcc/avr/5.4.0/avr6/libgcc.a(_adddi3_s8.o)
                              build/timer.o (__adddi3_s8)
/usr/lib/gcc/avr/5.4.0/../../../avr/lib/avr6/libm.a(addsf3.o)
                              build/main.o (__subsf3)
/usr/lib/gcc/avr/5.4.0/../../../avr/lib/avr6/libm.a(addsf3x.o)
                              /usr/lib/gcc/avr/5.4.0/../../../avr/lib/avr6/libm.a(addsf3.o) (__addsf3x)
/usr/lib/gcc/avr/5.4.0/../../../avr/lib/avr6/libm.a(cmpsf2.o)
                              build/pwmmanager.o (__ltsf2)
/usr/lib/gcc/avr/5.4.0/../../../avr/lib/avr6/libm.a(divsf3.o)
                              build/main.o (__divsf3)
/usr/lib/gcc/avr/5.4.0/../../../avr/lib/avr6/libm.a(divsf3x.o)
                              /usr/lib/gcc/avr/5.4.0/../../../avr/lib/avr6/libm.a(divsf3.o) (__divsf3x)
/usr/lib/gcc/avr/5.4.0/../../../avr/lib/avr6/libm.a(fixsfsi.o)
                              build/pwmmanager.o (__fixsfsi)
/usr/lib/gcc/avr/5.4.0/../../../avr/lib/avr6/libm.a(fixunssfsi.o)
                              build/main.o (__fixunssfsi)
/usr/lib/gcc/avr/5.4.0/../../../avr/lib/avr6/libm.a(floatsisf.o)
                              /usr/lib/gcc/avr/5.4.0/../../../avr/lib/avr6/libscanf_flt.a(vfscanf_flt.o) (__floatunsisf)
/usr/lib/gcc/avr/5.4.0/../../../avr/lib/avr6/libm.a(floatundisf.o)
                              build/timer.o (__floatundisf)
/usr/lib/gcc/avr/5.4.0/../../../avr/lib/avr6/libm.a(fp_cmp.o)
                              /usr/lib/gcc/avr/5.4.0/../../../avr/lib/avr6/libm.a(cmpsf2.o) (__fp_cmp)
/usr/lib/gcc/avr/5.4.0/../../../avr/lib/avr6/libm.a(fp_inf.o)
                              /usr/lib/gcc/avr/5.4.0/../../../avr/lib/avr6/libm.a(addsf3x.o) (__fp_inf)
/usr/lib/gcc/avr/5.4.0/../../../avr/lib/avr6/libm.a(fp_nan.o)
                              /usr/lib/gcc/avr/5.4.0/../../../avr/lib/avr6/libm.a(addsf3x.o) (__fp_nan)
/usr/lib/gcc/avr/5.4.0/../../../avr/lib/avr6/libm.a(fp_pscA.o)
                              /usr/lib/gcc/avr/5.4.0/../../../avr/lib/avr6/libm.a(addsf3x.o) (__fp_pscA)
/usr/lib/gcc/avr/5.4.0/../../../avr/lib/avr6/libm.a(fp_pscB.o)
                              /usr/lib/gcc/avr/5.4.0/../../../avr/lib/avr6/libm.a(addsf3x.o) (__fp_pscB)
/usr/lib/gcc/avr/5.4.0/../../../avr/lib/avr6/libm.a(fp_round.o)
                              /usr/lib/gcc/avr/5.4.0/../../../avr/lib/avr6/libm.a(addsf3.o) (__fp_round)
/usr/lib/gcc/avr/5.4.0/../../../avr/lib/avr6/libm.a(fp_split3.o)
                              /usr/lib/gcc/avr/5.4.0/../../../avr/lib/avr6/libm.a(addsf3x.o) (__fp_split3)
/usr/lib/gcc/avr/5.4.0/../../../avr/lib/avr6/libm.a(fp_zero.o)
                              /usr/lib/gcc/avr/5.4.0/../../../avr/lib/avr6/libm.a(addsf3x.o) (__fp_zero)
/usr/lib/gcc/avr/5.4.0/../../../avr/lib/avr6/libm.a(mulsf3.o)
                              /usr/lib/gcc/avr/5.4.0/../../../avr/lib/avr6/libscanf_flt.a(vfscanf_flt.o) (__mulsf3)
/usr/lib/gcc/avr/5.4.0/../../../avr/lib/avr6/libm.a(mulsf3x.o)
                              /usr/lib/gcc/avr/5.4.0/../../../avr/lib/avr6/libm.a(mulsf3.o) (__mulsf3x)
/usr/lib/gcc/avr/5.4.0/../../../avr/lib/avr6/libc.a(malloc.o)
                              build/command.o (malloc)
/usr/lib/gcc/avr/5.4.0/../../../avr/lib/avr6/libc.a(realloc.o)
                              build/command.o (realloc)
/usr/lib/gcc/avr/5.4.0/../../../avr/lib/avr6/libc.a(ftoa_engine.o)
                              /usr/lib/gcc/avr/5.4.0/../../../avr/lib/avr6/libprintf_flt.a(vfprintf_flt.o) (__ftoa_engine)
/usr/lib/gcc/avr/5.4.0/../../../avr/lib/avr6/libc.a(isspace.o)
                              /usr/lib/gcc/avr/5.4.0/../../../avr/lib/avr6/libscanf_flt.a(vfscanf_flt.o) (isspace)
/usr/lib/gcc/avr/5.4.0/../../../avr/lib/avr6/libc.a(tolower.o)
                              /usr/lib/gcc/avr/5.4.0/../../../avr/lib/avr6/libscanf_flt.a(vfscanf_flt.o) (tolower)
/usr/lib/gcc/avr/5.4.0/../../../avr/lib/avr6/libc.a(strchr_P.o)
                              /usr/lib/gcc/avr/5.4.0/../../../avr/lib/avr6/libscanf_flt.a(vfscanf_flt.o) (strchr_P)
/usr/lib/gcc/avr/5.4.0/../../../avr/lib/avr6/libc.a(strnlen_P.o)
                              /usr/lib/gcc/avr/5.4.0/../../../avr/lib/avr6/libprintf_flt.a(vfprintf_flt.o) (strnlen_P)
/usr/lib/gcc/avr/5.4.0/../../../avr/lib/avr6/libc.a(memcpy.o)
                              /usr/lib/gcc/avr/5.4.0/../../../avr/lib/avr6/libc.a(realloc.o) (memcpy)
/usr/lib/gcc/avr/5.4.0/../../../avr/lib/avr6/libc.a(memmove.o)
                              build/command.o (memmove)
/usr/lib/gcc/avr/5.4.0/../../../avr/lib/avr6/libc.a(strcat.o)
                              build/pwmmanager.o (strcat)
/usr/lib/gcc/avr/5.4.0/../../../avr/lib/avr6/libc.a(strncmp.o)
                              build/main.o (strncmp)
/usr/lib/gcc/avr/5.4.0/../../../avr/lib/avr6/libc.a(strnlen.o)
                              /usr/lib/gcc/avr/5.4.0/../../../avr/lib/avr6/libprintf_flt.a(vfprintf_flt.o) (strnlen)
/usr/lib/gcc/avr/5.4.0/../../../avr/lib/avr6/libc.a(fgetc.o)
                              /usr/lib/gcc/avr/5.4.0/../../../avr/lib/avr6/libscanf_flt.a(vfscanf_flt.o) (fgetc)
/usr/lib/gcc/avr/5.4.0/../../../avr/lib/avr6/libc.a(fputc.o)
                              /usr/lib/gcc/avr/5.4.0/../../../avr/lib/avr6/libprintf_flt.a(vfprintf_flt.o) (fputc)
/usr/lib/gcc/avr/5.4.0/../../../avr/lib/avr6/libc.a(sprintf.o)
                              build/pwmmanager.o (sprintf)
/usr/lib/gcc/avr/5.4.0/../../../avr/lib/avr6/libc.a(vsprintf.o)
                              build/serial.o (vsprintf)
/usr/lib/gcc/avr/5.4.0/../../../avr/lib/avr6/libc.a(ungetc.o)
                              /usr/lib/gcc/avr/5.4.0/../../../avr/lib/avr6/libscanf_flt.a(vfscanf_flt.o) (ungetc)
/usr/lib/gcc/avr/5.4.0/../../../avr/lib/avr6/libc.a(ultoa_invert.o)
                              /usr/lib/gcc/avr/5.4.0/../../../avr/lib/avr6/libprintf_flt.a(vfprintf_flt.o) (__ultoa_invert)
/usr/lib/gcc/avr/5.4.0/../../../avr/lib/avr6/libc.a(cty_isfalse.o)
                              /usr/lib/gcc/avr/5.4.0/../../../avr/lib/avr6/libc.a(isspace.o) (__ctype_isfalse)

Allocating common symbols
Common symbol       size              file

__brkval            0x2               /usr/lib/gcc/avr/5.4.0/../../../avr/lib/avr6/libc.a(malloc.o)
__flp               0x2               /usr/lib/gcc/avr/5.4.0/../../../avr/lib/avr6/libc.a(malloc.o)

Discarded input sections

 .group         0x0000000000000000        0x8 build/command.o
 .group         0x0000000000000000        0xc build/command.o

Memory Configuration

Name             Origin             Length             Attributes
text             0x0000000000000000 0x0000000000100000 xr
data             0x0000000000800200 0x000000000000fe00 rw !x
eeprom           0x0000000000810000 0x0000000000010000 rw !x
fuse             0x0000000000820000 0x0000000000000003 rw !x
lock             0x0000000000830000 0x0000000000000400 rw !x
signature        0x0000000000840000 0x0000000000000400 rw !x
user_signatures  0x0000000000850000 0x0000000000000400 rw !x
*default*        0x0000000000000000 0xffffffffffffffff

Linker script and memory map

Address of section .data set to 0x800200
LOAD /usr/lib/gcc/avr/5.4.0/../../../avr/lib/avr6/crtatmega2560.o
LOAD /usr/lib/gcc/avr/5.4.0/../../../avr/lib/avr6/libscanf_flt.a
LOAD /usr/lib/gcc/avr/5.4.0/../../../avr/lib/avr6/libprintf_flt.a
LOAD build/command.o
LOAD build/cppfix.o
LOAD build/file.o
LOAD build/interrupt.o
LOAD build/main.o
LOAD build/portmanager.o
LOAD build/pwmmanager.o
LOAD build/serial.o
LOAD build/timer.o
LOAD /usr/lib/gcc/avr/5.4.0/avr6/libgcc.a
LOAD /usr/lib/gcc/avr/5.4.0/../../../avr/lib/avr6/libm.a
START GROUP
LOAD /usr/lib/gcc/avr/5.4.0/avr6/libgcc.a
LOAD /usr/lib/gcc/avr/5.4.0/../../../avr/lib/avr6/libm.a
LOAD /usr/lib/gcc/avr/5.4.0/../../../avr/lib/avr6/libc.a
LOAD /usr/lib/gcc/avr/5.4.0/../../../avr/lib/avr6/libatmega2560.a
END GROUP
                0x0000000000100000                __TEXT_REGION_LENGTH__ = DEFINED (__TEXT_REGION_LENGTH__)?__TEXT_REGION_LENGTH__:0x100000
                0x000000000000fe00                __DATA_REGION_LENGTH__ = DEFINED (__DATA_REGION_LENGTH__)?__DATA_REGION_LENGTH__:0xfe00
                0x0000000000010000                __EEPROM_REGION_LENGTH__ = DEFINED (__EEPROM_REGION_LENGTH__)?__EEPROM_REGION_LENGTH__:0x10000
                [0x0000000000000003]                __FUSE_REGION_LENGTH__ = DEFINED (__FUSE_REGION_LENGTH__)?__FUSE_REGION_LENGTH__:0x400
                0x0000000000000400                __LOCK_REGION_LENGTH__ = DEFINED (__LOCK_REGION_LENGTH__)?__LOCK_REGION_LENGTH__:0x400
                0x0000000000000400                __SIGNATURE_REGION_LENGTH__ = DEFINED (__SIGNATURE_REGION_LENGTH__)?__SIGNATURE_REGION_LENGTH__:0x400
                0x0000000000000400                __USER_SIGNATURE_REGION_LENGTH__ = DEFINED (__USER_SIGNATURE_REGION_LENGTH__)?__USER_SIGNATURE_REGION_LENGTH__:0x400

.hash
 *(.hash)

.dynsym
 *(.dynsym)

.dynstr
 *(.dynstr)

.gnu.version
 *(.gnu.version)

.gnu.version_d
 *(.gnu.version_d)

.gnu.version_r
 *(.gnu.version_r)

.rel.init
 *(.rel.init)

.rela.init
 *(.rela.init)

.rel.text
 *(.rel.text)
 *(.rel.text.*)
 *(.rel.gnu.linkonce.t*)

.rela.text
 *(.rela.text)
 *(.rela.text.*)
 *(.rela.gnu.linkonce.t*)

.rel.fini
 *(.rel.fini)

.rela.fini
 *(.rela.fini)

.rel.rodata
 *(.rel.rodata)
 *(.rel.rodata.*)
 *(.rel.gnu.linkonce.r*)

.rela.rodata
 *(.rela.rodata)
 *(.rela.rodata.*)
 *(.rela.gnu.linkonce.r*)

.rel.data
 *(.rel.data)
 *(.rel.data.*)
 *(.rel.gnu.linkonce.d*)

.rela.data
 *(.rela.data)
 *(.rela.data.*)
 *(.rela.gnu.linkonce.d*)

.rel.ctors
 *(.rel.ctors)

.rela.ctors
 *(.rela.ctors)

.rel.dtors
 *(.rel.dtors)

.rela.dtors
 *(.rela.dtors)

.rel.got
 *(.rel.got)

.rela.got
 *(.rela.got)

.rel.bss
 *(.rel.bss)

.rela.bss
 *(.rela.bss)

.rel.plt
 *(.rel.plt)

.rela.plt
 *(.rela.plt)

.text           0x0000000000000000     0x4dec
 *(.vectors)
 .vectors       0x0000000000000000       0xe4 /usr/lib/gcc/avr/5.4.0/../../../avr/lib/avr6/crtatmega2560.o
                0x0000000000000000                __vectors
                0x0000000000000000                __vector_default
 *(.vectors)
 *(.progmem.gcc*)
 .progmem.gcc_sw_table._Z7readADCh
                0x00000000000000e4       0x20 build/command.o
                0x0000000000000104                . = ALIGN (0x2)
                0x0000000000000104                __trampolines_start = .
 *(.trampolines)
 .trampolines   0x0000000000000104       0x58 linker stubs
 *(.trampolines*)
                0x000000000000015c                __trampolines_end = .
 *libprintf_flt.a:*(.progmem.data)
 .progmem.data  0x000000000000015c        0x8 /usr/lib/gcc/avr/5.4.0/../../../avr/lib/avr6/libprintf_flt.a(vfprintf_flt.o)
 *libc.a:*(.progmem.data)
 .progmem.data  0x0000000000000164       0xfa /usr/lib/gcc/avr/5.4.0/../../../avr/lib/avr6/libc.a(ftoa_engine.o)
 *(.progmem*)
 .progmem.data  0x000000000000025e       0x4d /usr/lib/gcc/avr/5.4.0/../../../avr/lib/avr6/libscanf_flt.a(vfscanf_flt.o)
 .progmem.data  0x00000000000002ab      0x15e build/interrupt.o
 .progmem.data  0x0000000000000409      0x15e build/portmanager.o
                0x0000000000000568                . = ALIGN (0x2)
 *fill*         0x0000000000000567        0x1 
 *(.jumptables)
 *(.jumptables*)
 *(.lowtext)
 *(.lowtext*)
                0x0000000000000568                __ctors_start = .
 *(.ctors)
 .ctors         0x0000000000000568        0x2 build/command.o
 .ctors         0x000000000000056a        0x2 build/interrupt.o
 .ctors         0x000000000000056c        0x2 build/main.o
 .ctors         0x000000000000056e        0x2 build/timer.o
                0x0000000000000570                __ctors_end = .
                0x0000000000000570                __dtors_start = .
 *(.dtors)
                0x0000000000000570                __dtors_end = .
 SORT(*)(.ctors)
 SORT(*)(.dtors)
 *(.init0)
 .init0         0x0000000000000570        0x0 /usr/lib/gcc/avr/5.4.0/../../../avr/lib/avr6/crtatmega2560.o
                0x0000000000000570                __init
 *(.init0)
 *(.init1)
 *(.init1)
 *(.init2)
 .init2         0x0000000000000570       0x10 /usr/lib/gcc/avr/5.4.0/../../../avr/lib/avr6/crtatmega2560.o
 *(.init2)
 *(.init3)
 *(.init3)
 *(.init4)
 .init4         0x0000000000000580       0x1a /usr/lib/gcc/avr/5.4.0/avr6/libgcc.a(_copy_data.o)
                0x0000000000000580                __do_copy_data
 .init4         0x000000000000059a       0x10 /usr/lib/gcc/avr/5.4.0/avr6/libgcc.a(_clear_bss.o)
                0x000000000000059a                __do_clear_bss
 *(.init4)
 *(.init5)
 *(.init5)
 *(.init6)
 .init6         0x00000000000005aa       0x20 /usr/lib/gcc/avr/5.4.0/avr6/libgcc.a(_ctors.o)
                0x00000000000005aa                __do_global_ctors
 *(.init6)
 *(.init7)
 *(.init7)
 *(.init8)
 *(.init8)
 *(.init9)
 .init9         0x00000000000005ca        0x8 /usr/lib/gcc/avr/5.4.0/../../../avr/lib/avr6/crtatmega2560.o
 *(.init9)
 *(.text)
 .text          0x00000000000005d2        0x4 /usr/lib/gcc/avr/5.4.0/../../../avr/lib/avr6/crtatmega2560.o
                0x00000000000005d2                __vector_38
                0x00000000000005d2                __vector_22
                0x00000000000005d2                __vector_28
                0x00000000000005d2                __vector_32
                0x00000000000005d2                __vector_34
                0x00000000000005d2                __vector_24
                0x00000000000005d2                __vector_55
                0x00000000000005d2                __vector_46
                0x00000000000005d2                __bad_interrupt
                0x00000000000005d2                __vector_31
                0x00000000000005d2                __vector_35
                0x00000000000005d2                __vector_39
                0x00000000000005d2                __vector_30
                0x00000000000005d2                __vector_45
                0x00000000000005d2                __vector_13
                0x00000000000005d2                __vector_17
                0x00000000000005d2                __vector_19
                0x00000000000005d2                __vector_56
                0x00000000000005d2                __vector_49
                0x00000000000005d2                __vector_41
                0x00000000000005d2                __vector_43
                0x00000000000005d2                __vector_27
                0x00000000000005d2                __vector_33
                0x00000000000005d2                __vector_47
                0x00000000000005d2                __vector_52
                0x00000000000005d2                __vector_37
                0x00000000000005d2                __vector_44
                0x00000000000005d2                __vector_21
                0x00000000000005d2                __vector_29
                0x00000000000005d2                __vector_40
                0x00000000000005d2                __vector_26
                0x00000000000005d2                __vector_48
                0x00000000000005d2                __vector_14
                0x00000000000005d2                __vector_53
                0x00000000000005d2                __vector_50
                0x00000000000005d2                __vector_16
                0x00000000000005d2                __vector_18
                0x00000000000005d2                __vector_20
                0x00000000000005d2                __vector_42
 .text          0x00000000000005d6        0x0 /usr/lib/gcc/avr/5.4.0/../../../avr/lib/avr6/libscanf_flt.a(vfscanf_flt.o)
 .text          0x00000000000005d6        0x0 /usr/lib/gcc/avr/5.4.0/../../../avr/lib/avr6/libprintf_flt.a(vfprintf_flt.o)
 .text          0x00000000000005d6      0x1e0 build/command.o
                0x00000000000005d6                _ZN7Command12getQueueSizeEv
                0x00000000000005dc                _ZN7Command13decodeCommandEv
                0x0000000000000716                _ZN7Command10addCommandEh
                0x00000000000007ae                _ZN7Command14handleCommandsEPv
 .text          0x00000000000007b6       0x26 build/cppfix.o
                0x00000000000007b6                __cxa_guard_acquire
                0x00000000000007c8                __cxa_guard_release
                0x00000000000007d0                __cxa_guard_abort
                0x00000000000007d2                __cxa_pure_virtual
                0x00000000000007d4                _Znwj
                0x00000000000007d8                _ZdlPv
 .text          0x00000000000007dc        0x0 build/file.o
 .text          0x00000000000007dc      0xa20 build/interrupt.o
                0x00000000000007dc                _ZN9Interrupt9searchPinEhP9PCINT_PINP10HW_INT_PIN
                0x0000000000000918                _ZN9Interrupt15attachInterruptEh8INT_EDGEPFvhE
                0x0000000000000a9c                _ZN9Interrupt15deatchInterruptEh
                0x0000000000000b84                _Z17call_int_callbackPFvhE8INT_EDGEPVhhhh
                0x0000000000000c50                __vector_9
                0x0000000000000d4e                __vector_10
                0x0000000000000e44                __vector_11
                0x0000000000000f66                __vector_1
                0x0000000000000fce                __vector_2
                0x0000000000001036                __vector_3
                0x000000000000109e                __vector_4
                0x0000000000001106                __vector_5
                0x000000000000116c                __vector_6
                0x00000000000011d4                __vector_8
                0x00000000000011e8                __vector_7
 .text          0x00000000000011fc      0x2de build/main.o
                0x00000000000011fc                _Z5pippov
                0x0000000000001252                _Z6pippo1v
                0x00000000000012ae                _Z17ultraSonicRoutinev
                0x00000000000012c8                _Z13ultraSonicISRh
                0x000000000000132e                _Z5func1v
                0x0000000000001330                _Z8readLinev
                0x00000000000013c2                _Z11readLineGPSv
                0x0000000000001466                _Z8setupWDTv
                0x0000000000001478                __vector_12
 .text          0x00000000000014da      0x654 build/portmanager.o
                0x00000000000014da                _ZN3Pin2onEb
                0x0000000000001506                _ZN3Pin3offEv
                0x0000000000001530                _ZN3Pin6toggleEv
                0x0000000000001556                _ZN3Pin12setDirectionE4DDRx
                0x00000000000015b4                _ZN3PinC1Eh4DDRx
                0x00000000000015b4                _ZN3PinC2Eh4DDRx
                0x0000000000001766                _ZN3Pin6setPWMEjh
                0x000000000000190c                _ZN3Pin7setDutyEh
                0x00000000000019be                _ZN3Pin7setFreqEj
                0x0000000000001a6c                _ZN3Pin11digitalReadEv
                0x0000000000001a90                _ZN3Pin10analogReadE6_ADMUX17_ADCSRA_PRESCALER19_ADCSRB_AUTOTRIGGER
                0x0000000000001afa                _ZN3Pin10getPinDataEv
                0x0000000000001afc                _ZN3Pin12getPinNumberEv
                0x0000000000001b02                _ZN3Pin14calculateTicksEj
 .text          0x0000000000001b2e      0x12a build/pwmmanager.o
                0x0000000000001b2e                _Z6setPWMhhh
                0x0000000000001b30                _Z7setDutyhh
                0x0000000000001b32                _Z7setFreqhh
                0x0000000000001b34                _Z10printFloatfPc
                0x0000000000001c0e                _Z14calculateTicksi
 .text          0x0000000000001c58      0xaee build/serial.o
                0x0000000000001c58                _ZN7Serial04initE4UART14SerialPriority
                0x0000000000001cce                _ZN7Serial09availableEv
                0x0000000000001cda                _ZN7Serial07receiveEv
                0x0000000000001ce8                _ZN7Serial09readUntilEPcc
                0x0000000000001d34                _ZN7Serial05flushEv
                0x0000000000001d44                _ZN7Serial016setRxISRCallBackEb
                0x0000000000001d5c                _ZN7Serial013getEchoServerEv
                0x0000000000001d62                _ZN7Serial013setEchoServerEb
                0x0000000000001d68                _ZN7Serial011_insertDataEh
                0x0000000000001dc4                _ZN7Serial09_readDataEv
                0x0000000000001e0c                _ZN7Serial011enableShellEb
                0x0000000000001e20                _ZN7Serial014shellIsEnabledEv
                0x0000000000001e2e                _ZN7Serial011getPriorityEv
                0x0000000000001e38                _ZN7Serial016bufferIsReadableEv
                0x0000000000001e54                _ZN7Serial05printEPKc
                0x0000000000001e76                _ZN7Serial06printfEPKcz
                0x0000000000001eba                _ZN7Serial14initE4UART14SerialPriority
                0x0000000000001f2a                _ZN7Serial19availableEv
                0x0000000000001f36                _ZN7Serial17receiveEv
                0x0000000000001f44                _ZN7Serial19readUntilEPcc
                0x0000000000001f90                _ZN7Serial15flushEv
                0x0000000000001fa0                _ZN7Serial116setRxISRCallBackEb
                0x0000000000001fb8                _ZN7Serial113getEchoServerEv
                0x0000000000001fbe                _ZN7Serial113setEchoServerEb
                0x0000000000001fc4                _ZN7Serial111_insertDataEh
                0x000000000000201c                _ZN7Serial19_readDataEv
                0x0000000000002080                _ZN7Serial111enableShellEb
                0x0000000000002094                _ZN7Serial114shellIsEnabledEv
                0x00000000000020a2                _ZN7Serial111getPriorityEv
                0x00000000000020ac                _ZN7Serial15printEPKc
                0x00000000000020ce                _ZN7Serial16printfEPKcz
                0x0000000000002112                _ZN7Serial24initE4UART14SerialPriority
                0x0000000000002182                _ZN7Serial29availableEv
                0x000000000000218e                _ZN7Serial27receiveEv
                0x000000000000219c                _ZN7Serial29readUntilEPcc
                0x00000000000021e8                _ZN7Serial25flushEv
                0x00000000000021f8                _ZN7Serial216setRxISRCallBackEb
                0x0000000000002210                _ZN7Serial213getEchoServerEv
                0x0000000000002216                _ZN7Serial213setEchoServerEb
                0x000000000000221c                _ZN7Serial211_insertDataEh
                0x0000000000002274                _ZN7Serial29_readDataEv
                0x00000000000022d8                _ZN7Serial211enableShellEb
                0x00000000000022ec                _ZN7Serial214shellIsEnabledEv
                0x00000000000022fa                _ZN7Serial211getPriorityEv
                0x0000000000002304                _ZN7Serial25printEPKc
                0x000000000000231c                _ZN7Serial26printfEPKcz
                0x0000000000002360                _ZN7Serial34initE4UART14SerialPriority
                0x00000000000023d4                _ZN7Serial39availableEv
                0x00000000000023e0                _ZN7Serial37receiveEv
                0x00000000000023ee                _ZN7Serial39readUntilEPcc
                0x000000000000243a                _ZN7Serial35flushEv
                0x000000000000244a                _ZN7Serial316setRxISRCallBackEb
                0x0000000000002462                _ZN7Serial313getEchoServerEv
                0x0000000000002468                _ZN7Serial313setEchoServerEb
                0x000000000000246e                _ZN7Serial311_insertDataEh
                0x00000000000024ca                _ZN7Serial39_readDataEv
                0x0000000000002512                _ZN7Serial311enableShellEb
                0x0000000000002526                _ZN7Serial314shellIsEnabledEv
                0x0000000000002534                _ZN7Serial311getPriorityEv
                0x000000000000253e                _ZN7Serial316bufferIsReadableEv
                0x000000000000255a                _ZN7Serial35printEPKc
                0x0000000000002572                _ZN7Serial36printfEPKcz
                0x00000000000025b6                __vector_25
                0x000000000000261a                __vector_36
                0x000000000000267e                __vector_51
                0x00000000000026e2                __vector_54
 .text          0x0000000000002746      0x2ce build/timer.o
                0x0000000000002746                _ZN9Scheduler4initEv
                0x0000000000002756                _ZN9Scheduler7addTaskEPFvvE
                0x00000000000027b2                _ZN9Scheduler10removeTaskEv
                0x0000000000002804                _ZN9Scheduler4stopEv
                0x0000000000002810                _ZN9Scheduler5startEv
                0x000000000000281c                _ZN9Scheduler7getTaskEj
                0x0000000000002832                __vector_15
                0x00000000000028e0                _ZN5Timer4initEv
                0x00000000000028f4                _ZN5Timer5startEv
                0x000000000000292a                _ZN5Timer4stopEv
                0x0000000000002932                _ZN5Timer3nowEv
                0x0000000000002996                __vector_23
 .text          0x0000000000002a14        0x0 /usr/lib/gcc/avr/5.4.0/avr6/libgcc.a(_udivmodhi4.o)
 .text          0x0000000000002a14        0x0 /usr/lib/gcc/avr/5.4.0/avr6/libgcc.a(_divmodhi4.o)
 .text          0x0000000000002a14        0x0 /usr/lib/gcc/avr/5.4.0/avr6/libgcc.a(_udivmodsi4.o)
 .text          0x0000000000002a14        0x0 /usr/lib/gcc/avr/5.4.0/avr6/libgcc.a(_exit.o)
 .text          0x0000000000002a14        0x0 /usr/lib/gcc/avr/5.4.0/avr6/libgcc.a(_tablejump2.o)
 .text          0x0000000000002a14        0x0 /usr/lib/gcc/avr/5.4.0/avr6/libgcc.a(_copy_data.o)
 .text          0x0000000000002a14        0x0 /usr/lib/gcc/avr/5.4.0/avr6/libgcc.a(_clear_bss.o)
 .text          0x0000000000002a14        0x0 /usr/lib/gcc/avr/5.4.0/avr6/libgcc.a(_ctors.o)
 .text          0x0000000000002a14        0x0 /usr/lib/gcc/avr/5.4.0/avr6/libgcc.a(_adddi3_s8.o)
 .text          0x0000000000002a14        0x0 /usr/lib/gcc/avr/5.4.0/../../../avr/lib/avr6/libm.a(addsf3.o)
 .text          0x0000000000002a14        0x0 /usr/lib/gcc/avr/5.4.0/../../../avr/lib/avr6/libm.a(addsf3x.o)
 .text          0x0000000000002a14        0x0 /usr/lib/gcc/avr/5.4.0/../../../avr/lib/avr6/libm.a(cmpsf2.o)
 .text          0x0000000000002a14        0x0 /usr/lib/gcc/avr/5.4.0/../../../avr/lib/avr6/libm.a(divsf3.o)
 .text          0x0000000000002a14        0x0 /usr/lib/gcc/avr/5.4.0/../../../avr/lib/avr6/libm.a(divsf3x.o)
 .text          0x0000000000002a14        0x0 /usr/lib/gcc/avr/5.4.0/../../../avr/lib/avr6/libm.a(fixsfsi.o)
 .text          0x0000000000002a14        0x0 /usr/lib/gcc/avr/5.4.0/../../../avr/lib/avr6/libm.a(fixunssfsi.o)
 .text          0x0000000000002a14        0x0 /usr/lib/gcc/avr/5.4.0/../../../avr/lib/avr6/libm.a(floatsisf.o)
 .text          0x0000000000002a14        0x0 /usr/lib/gcc/avr/5.4.0/../../../avr/lib/avr6/libm.a(floatundisf.o)
 .text          0x0000000000002a14        0x0 /usr/lib/gcc/avr/5.4.0/../../../avr/lib/avr6/libm.a(fp_cmp.o)
 .text          0x0000000000002a14        0x0 /usr/lib/gcc/avr/5.4.0/../../../avr/lib/avr6/libm.a(fp_inf.o)
 .text          0x0000000000002a14        0x0 /usr/lib/gcc/avr/5.4.0/../../../avr/lib/avr6/libm.a(fp_nan.o)
 .text          0x0000000000002a14        0x0 /usr/lib/gcc/avr/5.4.0/../../../avr/lib/avr6/libm.a(fp_pscA.o)
 .text          0x0000000000002a14        0x0 /usr/lib/gcc/avr/5.4.0/../../../avr/lib/avr6/libm.a(fp_pscB.o)
 .text          0x0000000000002a14        0x0 /usr/lib/gcc/avr/5.4.0/../../../avr/lib/avr6/libm.a(fp_round.o)
 .text          0x0000000000002a14        0x0 /usr/lib/gcc/avr/5.4.0/../../../avr/lib/avr6/libm.a(fp_split3.o)
 .text          0x0000000000002a14        0x0 /usr/lib/gcc/avr/5.4.0/../../../avr/lib/avr6/libm.a(fp_zero.o)
 .text          0x0000000000002a14        0x0 /usr/lib/gcc/avr/5.4.0/../../../avr/lib/avr6/libm.a(mulsf3.o)
 .text          0x0000000000002a14        0x0 /usr/lib/gcc/avr/5.4.0/../../../avr/lib/avr6/libm.a(mulsf3x.o)
 .text          0x0000000000002a14        0x0 /usr/lib/gcc/avr/5.4.0/../../../avr/lib/avr6/libc.a(malloc.o)
 .text          0x0000000000002a14        0x0 /usr/lib/gcc/avr/5.4.0/../../../avr/lib/avr6/libc.a(realloc.o)
 .text          0x0000000000002a14        0x0 /usr/lib/gcc/avr/5.4.0/../../../avr/lib/avr6/libc.a(ftoa_engine.o)
 .text          0x0000000000002a14        0x0 /usr/lib/gcc/avr/5.4.0/../../../avr/lib/avr6/libc.a(isspace.o)
 .text          0x0000000000002a14        0x0 /usr/lib/gcc/avr/5.4.0/../../../avr/lib/avr6/libc.a(tolower.o)
 .text          0x0000000000002a14        0x0 /usr/lib/gcc/avr/5.4.0/../../../avr/lib/avr6/libc.a(strchr_P.o)
 .text          0x0000000000002a14        0x0 /usr/lib/gcc/avr/5.4.0/../../../avr/lib/avr6/libc.a(strnlen_P.o)
 .text          0x0000000000002a14        0x0 /usr/lib/gcc/avr/5.4.0/../../../avr/lib/avr6/libc.a(memcpy.o)
 .text          0x0000000000002a14        0x0 /usr/lib/gcc/avr/5.4.0/../../../avr/lib/avr6/libc.a(memmove.o)
 .text          0x0000000000002a14        0x0 /usr/lib/gcc/avr/5.4.0/../../../avr/lib/avr6/libc.a(strcat.o)
 .text          0x0000000000002a14        0x0 /usr/lib/gcc/avr/5.4.0/../../../avr/lib/avr6/libc.a(strncmp.o)
 .text          0x0000000000002a14        0x0 /usr/lib/gcc/avr/5.4.0/../../../avr/lib/avr6/libc.a(strnlen.o)
 .text          0x0000000000002a14        0x0 /usr/lib/gcc/avr/5.4.0/../../../avr/lib/avr6/libc.a(fgetc.o)
 .text          0x0000000000002a14        0x0 /usr/lib/gcc/avr/5.4.0/../../../avr/lib/avr6/libc.a(fputc.o)
 .text          0x0000000000002a14        0x0 /usr/lib/gcc/avr/5.4.0/../../../avr/lib/avr6/libc.a(sprintf.o)
 .text          0x0000000000002a14        0x0 /usr/lib/gcc/avr/5.4.0/../../../avr/lib/avr6/libc.a(vsprintf.o)
 .text          0x0000000000002a14        0x0 /usr/lib/gcc/avr/5.4.0/../../../avr/lib/avr6/libc.a(ungetc.o)
 .text          0x0000000000002a14        0x0 /usr/lib/gcc/avr/5.4.0/../../../avr/lib/avr6/libc.a(ultoa_invert.o)
 .text          0x0000000000002a14        0x0 /usr/lib/gcc/avr/5.4.0/../../../avr/lib/avr6/libc.a(cty_isfalse.o)
                0x0000000000002a14                . = ALIGN (0x2)
 *(.text.*)
 .text.avr-libc
                0x0000000000002a14      0x8a6 /usr/lib/gcc/avr/5.4.0/../../../avr/lib/avr6/libscanf_flt.a(vfscanf_flt.o)
                0x0000000000003032                vfscanf
 .text.avr-libc
                0x00000000000032ba      0x74c /usr/lib/gcc/avr/5.4.0/../../../avr/lib/avr6/libprintf_flt.a(vfprintf_flt.o)
                0x00000000000032ba                vfprintf
 .text._Z9readRelayh
                0x0000000000003a06       0x62 build/command.o
                0x0000000000003a06                _Z9readRelayh
 .text._Z7readADCh
                0x0000000000003a68      0x154 build/command.o
                0x0000000000003a68                _Z7readADCh
 .text.startup  0x0000000000003bbc       0x1e build/command.o
 .text.startup  0x0000000000003bda      0x1e4 build/interrupt.o
 .text.startup  0x0000000000003dbe      0x122 build/main.o
                0x0000000000003dbe                main
 .text.startup  0x0000000000003ee0       0x3e build/timer.o
 .text.libgcc.mul
                0x0000000000003f1e        0x0 /usr/lib/gcc/avr/5.4.0/avr6/libgcc.a(_udivmodhi4.o)
 .text.libgcc.div
                0x0000000000003f1e       0x28 /usr/lib/gcc/avr/5.4.0/avr6/libgcc.a(_udivmodhi4.o)
                0x0000000000003f1e                __udivmodhi4
 .text.libgcc   0x0000000000003f46        0x0 /usr/lib/gcc/avr/5.4.0/avr6/libgcc.a(_udivmodhi4.o)
 .text.libgcc.prologue
                0x0000000000003f46        0x0 /usr/lib/gcc/avr/5.4.0/avr6/libgcc.a(_udivmodhi4.o)
 .text.libgcc.builtins
                0x0000000000003f46        0x0 /usr/lib/gcc/avr/5.4.0/avr6/libgcc.a(_udivmodhi4.o)
 .text.libgcc.fmul
                0x0000000000003f46        0x0 /usr/lib/gcc/avr/5.4.0/avr6/libgcc.a(_udivmodhi4.o)
 .text.libgcc.fixed
                0x0000000000003f46        0x0 /usr/lib/gcc/avr/5.4.0/avr6/libgcc.a(_udivmodhi4.o)
 .text.libgcc.mul
                0x0000000000003f46        0x0 /usr/lib/gcc/avr/5.4.0/avr6/libgcc.a(_divmodhi4.o)
 .text.libgcc.div
                0x0000000000003f46       0x28 /usr/lib/gcc/avr/5.4.0/avr6/libgcc.a(_divmodhi4.o)
                0x0000000000003f46                __divmodhi4
                0x0000000000003f46                _div
 .text.libgcc   0x0000000000003f6e        0x0 /usr/lib/gcc/avr/5.4.0/avr6/libgcc.a(_divmodhi4.o)
 .text.libgcc.prologue
                0x0000000000003f6e        0x0 /usr/lib/gcc/avr/5.4.0/avr6/libgcc.a(_divmodhi4.o)
 .text.libgcc.builtins
                0x0000000000003f6e        0x0 /usr/lib/gcc/avr/5.4.0/avr6/libgcc.a(_divmodhi4.o)
 .text.libgcc.fmul
                0x0000000000003f6e        0x0 /usr/lib/gcc/avr/5.4.0/avr6/libgcc.a(_divmodhi4.o)
 .text.libgcc.fixed
                0x0000000000003f6e        0x0 /usr/lib/gcc/avr/5.4.0/avr6/libgcc.a(_divmodhi4.o)
 .text.libgcc.mul
                0x0000000000003f6e        0x0 /usr/lib/gcc/avr/5.4.0/avr6/libgcc.a(_udivmodsi4.o)
 .text.libgcc.div
                0x0000000000003f6e       0x44 /usr/lib/gcc/avr/5.4.0/avr6/libgcc.a(_udivmodsi4.o)
                0x0000000000003f6e                __udivmodsi4
 .text.libgcc   0x0000000000003fb2        0x0 /usr/lib/gcc/avr/5.4.0/avr6/libgcc.a(_udivmodsi4.o)
 .text.libgcc.prologue
                0x0000000000003fb2        0x0 /usr/lib/gcc/avr/5.4.0/avr6/libgcc.a(_udivmodsi4.o)
 .text.libgcc.builtins
                0x0000000000003fb2        0x0 /usr/lib/gcc/avr/5.4.0/avr6/libgcc.a(_udivmodsi4.o)
 .text.libgcc.fmul
                0x0000000000003fb2        0x0 /usr/lib/gcc/avr/5.4.0/avr6/libgcc.a(_udivmodsi4.o)
 .text.libgcc.fixed
                0x0000000000003fb2        0x0 /usr/lib/gcc/avr/5.4.0/avr6/libgcc.a(_udivmodsi4.o)
 .text.libgcc.mul
                0x0000000000003fb2        0x0 /usr/lib/gcc/avr/5.4.0/avr6/libgcc.a(_exit.o)
 .text.libgcc.div
                0x0000000000003fb2        0x0 /usr/lib/gcc/avr/5.4.0/avr6/libgcc.a(_exit.o)
 .text.libgcc   0x0000000000003fb2        0x0 /usr/lib/gcc/avr/5.4.0/avr6/libgcc.a(_exit.o)
 .text.libgcc.prologue
                0x0000000000003fb2        0x0 /usr/lib/gcc/avr/5.4.0/avr6/libgcc.a(_exit.o)
 .text.libgcc.builtins
                0x0000000000003fb2        0x0 /usr/lib/gcc/avr/5.4.0/avr6/libgcc.a(_exit.o)
 .text.libgcc.fmul
                0x0000000000003fb2        0x0 /usr/lib/gcc/avr/5.4.0/avr6/libgcc.a(_exit.o)
 .text.libgcc.fixed
                0x0000000000003fb2        0x0 /usr/lib/gcc/avr/5.4.0/avr6/libgcc.a(_exit.o)
 .text.libgcc.mul
                0x0000000000003fb2        0x0 /usr/lib/gcc/avr/5.4.0/avr6/libgcc.a(_tablejump2.o)
 .text.libgcc.div
                0x0000000000003fb2        0x0 /usr/lib/gcc/avr/5.4.0/avr6/libgcc.a(_tablejump2.o)
 .text.libgcc   0x0000000000003fb2       0x10 /usr/lib/gcc/avr/5.4.0/avr6/libgcc.a(_tablejump2.o)
                0x0000000000003fb2                __tablejump2__
 .text.libgcc.prologue
                0x0000000000003fc2        0x0 /usr/lib/gcc/avr/5.4.0/avr6/libgcc.a(_tablejump2.o)
 .text.libgcc.builtins
                0x0000000000003fc2        0x0 /usr/lib/gcc/avr/5.4.0/avr6/libgcc.a(_tablejump2.o)
 .text.libgcc.fmul
                0x0000000000003fc2        0x0 /usr/lib/gcc/avr/5.4.0/avr6/libgcc.a(_tablejump2.o)
 .text.libgcc.fixed
                0x0000000000003fc2        0x0 /usr/lib/gcc/avr/5.4.0/avr6/libgcc.a(_tablejump2.o)
 .text.libgcc.mul
                0x0000000000003fc2        0x0 /usr/lib/gcc/avr/5.4.0/avr6/libgcc.a(_copy_data.o)
 .text.libgcc.div
                0x0000000000003fc2        0x0 /usr/lib/gcc/avr/5.4.0/avr6/libgcc.a(_copy_data.o)
 .text.libgcc   0x0000000000003fc2        0x0 /usr/lib/gcc/avr/5.4.0/avr6/libgcc.a(_copy_data.o)
 .text.libgcc.prologue
                0x0000000000003fc2        0x0 /usr/lib/gcc/avr/5.4.0/avr6/libgcc.a(_copy_data.o)
 .text.libgcc.builtins
                0x0000000000003fc2        0x0 /usr/lib/gcc/avr/5.4.0/avr6/libgcc.a(_copy_data.o)
 .text.libgcc.fmul
                0x0000000000003fc2        0x0 /usr/lib/gcc/avr/5.4.0/avr6/libgcc.a(_copy_data.o)
 .text.libgcc.fixed
                0x0000000000003fc2        0x0 /usr/lib/gcc/avr/5.4.0/avr6/libgcc.a(_copy_data.o)
 .text.libgcc.mul
                0x0000000000003fc2        0x0 /usr/lib/gcc/avr/5.4.0/avr6/libgcc.a(_clear_bss.o)
 .text.libgcc.div
                0x0000000000003fc2        0x0 /usr/lib/gcc/avr/5.4.0/avr6/libgcc.a(_clear_bss.o)
 .text.libgcc   0x0000000000003fc2        0x0 /usr/lib/gcc/avr/5.4.0/avr6/libgcc.a(_clear_bss.o)
 .text.libgcc.prologue
                0x0000000000003fc2        0x0 /usr/lib/gcc/avr/5.4.0/avr6/libgcc.a(_clear_bss.o)
 .text.libgcc.builtins
                0x0000000000003fc2        0x0 /usr/lib/gcc/avr/5.4.0/avr6/libgcc.a(_clear_bss.o)
 .text.libgcc.fmul
                0x0000000000003fc2        0x0 /usr/lib/gcc/avr/5.4.0/avr6/libgcc.a(_clear_bss.o)
 .text.libgcc.fixed
                0x0000000000003fc2        0x0 /usr/lib/gcc/avr/5.4.0/avr6/libgcc.a(_clear_bss.o)
 .text.libgcc.mul
                0x0000000000003fc2        0x0 /usr/lib/gcc/avr/5.4.0/avr6/libgcc.a(_ctors.o)
 .text.libgcc.div
                0x0000000000003fc2        0x0 /usr/lib/gcc/avr/5.4.0/avr6/libgcc.a(_ctors.o)
 .text.libgcc   0x0000000000003fc2        0x0 /usr/lib/gcc/avr/5.4.0/avr6/libgcc.a(_ctors.o)
 .text.libgcc.prologue
                0x0000000000003fc2        0x0 /usr/lib/gcc/avr/5.4.0/avr6/libgcc.a(_ctors.o)
 .text.libgcc.builtins
                0x0000000000003fc2        0x0 /usr/lib/gcc/avr/5.4.0/avr6/libgcc.a(_ctors.o)
 .text.libgcc.fmul
                0x0000000000003fc2        0x0 /usr/lib/gcc/avr/5.4.0/avr6/libgcc.a(_ctors.o)
 .text.libgcc.fixed
                0x0000000000003fc2        0x0 /usr/lib/gcc/avr/5.4.0/avr6/libgcc.a(_ctors.o)
 .text.libgcc.mul
                0x0000000000003fc2        0x0 /usr/lib/gcc/avr/5.4.0/avr6/libgcc.a(_adddi3_s8.o)
 .text.libgcc.div
                0x0000000000003fc2        0x0 /usr/lib/gcc/avr/5.4.0/avr6/libgcc.a(_adddi3_s8.o)
 .text.libgcc   0x0000000000003fc2       0x18 /usr/lib/gcc/avr/5.4.0/avr6/libgcc.a(_adddi3_s8.o)
                0x0000000000003fc2                __adddi3_s8
 .text.libgcc.prologue
                0x0000000000003fda        0x0 /usr/lib/gcc/avr/5.4.0/avr6/libgcc.a(_adddi3_s8.o)
 .text.libgcc.builtins
                0x0000000000003fda        0x0 /usr/lib/gcc/avr/5.4.0/avr6/libgcc.a(_adddi3_s8.o)
 .text.libgcc.fmul
                0x0000000000003fda        0x0 /usr/lib/gcc/avr/5.4.0/avr6/libgcc.a(_adddi3_s8.o)
 .text.libgcc.fixed
                0x0000000000003fda        0x0 /usr/lib/gcc/avr/5.4.0/avr6/libgcc.a(_adddi3_s8.o)
 .text.avr-libc.fplib
                0x0000000000003fda        0xe /usr/lib/gcc/avr/5.4.0/../../../avr/lib/avr6/libm.a(addsf3.o)
                0x0000000000003fda                __subsf3
                0x0000000000003fdc                __addsf3
 .text.avr-libc.fplib
                0x0000000000003fe8       0xcc /usr/lib/gcc/avr/5.4.0/../../../avr/lib/avr6/libm.a(addsf3x.o)
                0x000000000000400a                __addsf3x
 .text.avr-libc.fplib
                0x00000000000040b4        0xa /usr/lib/gcc/avr/5.4.0/../../../avr/lib/avr6/libm.a(cmpsf2.o)
                0x00000000000040b4                __lesf2
                0x00000000000040b4                __nesf2
                0x00000000000040b4                __eqsf2
                0x00000000000040b4                __cmpsf2
                0x00000000000040b4                __ltsf2
 .text.avr-libc.fplib
                0x00000000000040be        0x8 /usr/lib/gcc/avr/5.4.0/../../../avr/lib/avr6/libm.a(divsf3.o)
                0x00000000000040be                __divsf3
 .text.avr-libc.fplib
                0x00000000000040c6       0xdc /usr/lib/gcc/avr/5.4.0/../../../avr/lib/avr6/libm.a(divsf3x.o)
                0x00000000000040e6                __divsf3x
                0x00000000000040ec                __divsf3_pse
 .text.avr-libc.fplib
                0x00000000000041a2        0xe /usr/lib/gcc/avr/5.4.0/../../../avr/lib/avr6/libm.a(fixsfsi.o)
                0x00000000000041a2                __fixsfsi
 .text.avr-libc.fplib
                0x00000000000041b0       0x5e /usr/lib/gcc/avr/5.4.0/../../../avr/lib/avr6/libm.a(fixunssfsi.o)
                0x00000000000041b0                __fixunssfsi
 .text.avr-libc.fplib
                0x000000000000420e       0x7a /usr/lib/gcc/avr/5.4.0/../../../avr/lib/avr6/libm.a(floatsisf.o)
                0x000000000000420e                __floatunsisf
                0x0000000000004212                __floatsisf
 .text.avr-libc.fplib
                0x0000000000004288       0x7c /usr/lib/gcc/avr/5.4.0/../../../avr/lib/avr6/libm.a(floatundisf.o)
                0x0000000000004288                __floatundisf
                0x000000000000428a                __fp_di2sf
 .text.avr-libc.fplib
                0x0000000000004304       0x48 /usr/lib/gcc/avr/5.4.0/../../../avr/lib/avr6/libm.a(fp_cmp.o)
                0x0000000000004304                __fp_cmp
 .text.avr-libc.fplib
                0x000000000000434c        0xc /usr/lib/gcc/avr/5.4.0/../../../avr/lib/avr6/libm.a(fp_inf.o)
                0x000000000000434c                __fp_inf
 .text.avr-libc.fplib
                0x0000000000004358        0x6 /usr/lib/gcc/avr/5.4.0/../../../avr/lib/avr6/libm.a(fp_nan.o)
                0x0000000000004358                __fp_nan
 .text.avr-libc.fplib
                0x000000000000435e        0xe /usr/lib/gcc/avr/5.4.0/../../../avr/lib/avr6/libm.a(fp_pscA.o)
                0x000000000000435e                __fp_pscA
 .text.avr-libc.fplib
                0x000000000000436c        0xe /usr/lib/gcc/avr/5.4.0/../../../avr/lib/avr6/libm.a(fp_pscB.o)
                0x000000000000436c                __fp_pscB
 .text.avr-libc.fplib
                0x000000000000437a       0x22 /usr/lib/gcc/avr/5.4.0/../../../avr/lib/avr6/libm.a(fp_round.o)
                0x000000000000437a                __fp_round
 .text.avr-libc.fplib
                0x000000000000439c       0x44 /usr/lib/gcc/avr/5.4.0/../../../avr/lib/avr6/libm.a(fp_split3.o)
                0x000000000000439c                __fp_split3
                0x00000000000043ac                __fp_splitA
 .text.avr-libc.fplib
                0x00000000000043e0        0xe /usr/lib/gcc/avr/5.4.0/../../../avr/lib/avr6/libm.a(fp_zero.o)
                0x00000000000043e0                __fp_zero
                0x00000000000043e2                __fp_szero
 .text.avr-libc.fplib
                0x00000000000043ee        0x8 /usr/lib/gcc/avr/5.4.0/../../../avr/lib/avr6/libm.a(mulsf3.o)
                0x00000000000043ee                __mulsf3
 .text.avr-libc.fplib
                0x00000000000043f6       0xd2 /usr/lib/gcc/avr/5.4.0/../../../avr/lib/avr6/libm.a(mulsf3x.o)
                0x0000000000004414                __mulsf3x
                0x000000000000441a                __mulsf3_pse
 .text.avr-libc
                0x00000000000044c8      0x242 /usr/lib/gcc/avr/5.4.0/../../../avr/lib/avr6/libc.a(malloc.o)
                0x00000000000044c8                malloc
                0x00000000000045f8                free
 .text.avr-libc
                0x000000000000470a      0x1ca /usr/lib/gcc/avr/5.4.0/../../../avr/lib/avr6/libc.a(realloc.o)
                0x000000000000470a                realloc
 .text.avr-libc
                0x00000000000048d4      0x1b0 /usr/lib/gcc/avr/5.4.0/../../../avr/lib/avr6/libc.a(ftoa_engine.o)
                0x00000000000048d4                __ftoa_engine
 .text.avr-libc
                0x0000000000004a84       0x12 /usr/lib/gcc/avr/5.4.0/../../../avr/lib/avr6/libc.a(isspace.o)
                0x0000000000004a84                isspace
 .text.avr-libc
                0x0000000000004a96       0x10 /usr/lib/gcc/avr/5.4.0/../../../avr/lib/avr6/libc.a(tolower.o)
                0x0000000000004a96                tolower
 .text.avr-libc
                0x0000000000004aa6       0x16 /usr/lib/gcc/avr/5.4.0/../../../avr/lib/avr6/libc.a(strchr_P.o)
                0x0000000000004aa6                strchr_P
 .text.avr-libc
                0x0000000000004abc       0x16 /usr/lib/gcc/avr/5.4.0/../../../avr/lib/avr6/libc.a(strnlen_P.o)
                0x0000000000004abc                strnlen_P
 .text.avr-libc
                0x0000000000004ad2       0x12 /usr/lib/gcc/avr/5.4.0/../../../avr/lib/avr6/libc.a(memcpy.o)
                0x0000000000004ad2                memcpy
 .text.avr-libc
                0x0000000000004ae4       0x24 /usr/lib/gcc/avr/5.4.0/../../../avr/lib/avr6/libc.a(memmove.o)
                0x0000000000004ae4                memmove
 .text.avr-libc
                0x0000000000004b08       0x16 /usr/lib/gcc/avr/5.4.0/../../../avr/lib/avr6/libc.a(strcat.o)
                0x0000000000004b08                strcat
 .text.avr-libc
                0x0000000000004b1e       0x1c /usr/lib/gcc/avr/5.4.0/../../../avr/lib/avr6/libc.a(strncmp.o)
                0x0000000000004b1e                strncmp
 .text.avr-libc
                0x0000000000004b3a       0x16 /usr/lib/gcc/avr/5.4.0/../../../avr/lib/avr6/libc.a(strnlen.o)
                0x0000000000004b3a                strnlen
 .text.avr-libc
                0x0000000000004b50       0x7c /usr/lib/gcc/avr/5.4.0/../../../avr/lib/avr6/libc.a(fgetc.o)
                0x0000000000004b50                fgetc
 .text.avr-libc
                0x0000000000004bcc       0x78 /usr/lib/gcc/avr/5.4.0/../../../avr/lib/avr6/libc.a(fputc.o)
                0x0000000000004bcc                fputc
 .text.avr-libc
                0x0000000000004c44       0x5e /usr/lib/gcc/avr/5.4.0/../../../avr/lib/avr6/libc.a(sprintf.o)
                0x0000000000004c44                sprintf
 .text.avr-libc
                0x0000000000004ca2       0x52 /usr/lib/gcc/avr/5.4.0/../../../avr/lib/avr6/libc.a(vsprintf.o)
                0x0000000000004ca2                vsprintf
 .text.avr-libc
                0x0000000000004cf4       0x32 /usr/lib/gcc/avr/5.4.0/../../../avr/lib/avr6/libc.a(ungetc.o)
                0x0000000000004cf4                ungetc
 .text.avr-libc
                0x0000000000004d26       0xbc /usr/lib/gcc/avr/5.4.0/../../../avr/lib/avr6/libc.a(ultoa_invert.o)
                0x0000000000004d26                __ultoa_invert
 .text.avr-libc
                0x0000000000004de2        0x6 /usr/lib/gcc/avr/5.4.0/../../../avr/lib/avr6/libc.a(cty_isfalse.o)
                0x0000000000004de2                __ctype_isfalse
                0x0000000000004de6                __ctype_istrue
                0x0000000000004de8                . = ALIGN (0x2)
 *(.fini9)
 .fini9         0x0000000000004de8        0x0 /usr/lib/gcc/avr/5.4.0/avr6/libgcc.a(_exit.o)
                0x0000000000004de8                exit
                0x0000000000004de8                _exit
 *(.fini9)
 *(.fini8)
 *(.fini8)
 *(.fini7)
 *(.fini7)
 *(.fini6)
 *(.fini6)
 *(.fini5)
 *(.fini5)
 *(.fini4)
 *(.fini4)
 *(.fini3)
 *(.fini3)
 *(.fini2)
 *(.fini2)
 *(.fini1)
 *(.fini1)
 *(.fini0)
 .fini0         0x0000000000004de8        0x4 /usr/lib/gcc/avr/5.4.0/avr6/libgcc.a(_exit.o)
 *(.fini0)
                0x0000000000004dec                _etext = .

.data           0x0000000000800200      0x192 load address 0x0000000000004dec
                0x0000000000800200                PROVIDE (__data_start, .)
 *(.data)
 .data          0x0000000000800200        0x0 /usr/lib/gcc/avr/5.4.0/../../../avr/lib/avr6/crtatmega2560.o
 .data          0x0000000000800200        0x0 /usr/lib/gcc/avr/5.4.0/../../../avr/lib/avr6/libscanf_flt.a(vfscanf_flt.o)
 .data          0x0000000000800200        0x0 /usr/lib/gcc/avr/5.4.0/../../../avr/lib/avr6/libprintf_flt.a(vfprintf_flt.o)
 .data          0x0000000000800200        0x2 build/command.o
                0x0000000000800200                _ZN7Command12serialOutputE
 .data          0x0000000000800202        0x0 build/cppfix.o
 .data          0x0000000000800202        0x0 build/file.o
 .data          0x0000000000800202       0xd5 build/interrupt.o
                0x0000000000800202                int_vect
                0x0000000000800244                pcint_vect
 .data          0x00000000008002d7        0x0 build/main.o
 .data          0x00000000008002d7        0x0 build/portmanager.o
 .data          0x00000000008002d7        0x0 build/pwmmanager.o
 .data          0x00000000008002d7        0x0 build/serial.o
 .data          0x00000000008002d7        0x0 build/timer.o
 .data          0x00000000008002d7        0x0 /usr/lib/gcc/avr/5.4.0/avr6/libgcc.a(_udivmodhi4.o)
 .data          0x00000000008002d7        0x0 /usr/lib/gcc/avr/5.4.0/avr6/libgcc.a(_divmodhi4.o)
 .data          0x00000000008002d7        0x0 /usr/lib/gcc/avr/5.4.0/avr6/libgcc.a(_udivmodsi4.o)
 .data          0x00000000008002d7        0x0 /usr/lib/gcc/avr/5.4.0/avr6/libgcc.a(_exit.o)
 .data          0x00000000008002d7        0x0 /usr/lib/gcc/avr/5.4.0/avr6/libgcc.a(_tablejump2.o)
 .data          0x00000000008002d7        0x0 /usr/lib/gcc/avr/5.4.0/avr6/libgcc.a(_copy_data.o)
 .data          0x00000000008002d7        0x0 /usr/lib/gcc/avr/5.4.0/avr6/libgcc.a(_clear_bss.o)
 .data          0x00000000008002d7        0x0 /usr/lib/gcc/avr/5.4.0/avr6/libgcc.a(_ctors.o)
 .data          0x00000000008002d7        0x0 /usr/lib/gcc/avr/5.4.0/avr6/libgcc.a(_adddi3_s8.o)
 .data          0x00000000008002d7        0x0 /usr/lib/gcc/avr/5.4.0/../../../avr/lib/avr6/libm.a(addsf3.o)
 .data          0x00000000008002d7        0x0 /usr/lib/gcc/avr/5.4.0/../../../avr/lib/avr6/libm.a(addsf3x.o)
 .data          0x00000000008002d7        0x0 /usr/lib/gcc/avr/5.4.0/../../../avr/lib/avr6/libm.a(cmpsf2.o)
 .data          0x00000000008002d7        0x0 /usr/lib/gcc/avr/5.4.0/../../../avr/lib/avr6/libm.a(divsf3.o)
 .data          0x00000000008002d7        0x0 /usr/lib/gcc/avr/5.4.0/../../../avr/lib/avr6/libm.a(divsf3x.o)
 .data          0x00000000008002d7        0x0 /usr/lib/gcc/avr/5.4.0/../../../avr/lib/avr6/libm.a(fixsfsi.o)
 .data          0x00000000008002d7        0x0 /usr/lib/gcc/avr/5.4.0/../../../avr/lib/avr6/libm.a(fixunssfsi.o)
 .data          0x00000000008002d7        0x0 /usr/lib/gcc/avr/5.4.0/../../../avr/lib/avr6/libm.a(floatsisf.o)
 .data          0x00000000008002d7        0x0 /usr/lib/gcc/avr/5.4.0/../../../avr/lib/avr6/libm.a(floatundisf.o)
 .data          0x00000000008002d7        0x0 /usr/lib/gcc/avr/5.4.0/../../../avr/lib/avr6/libm.a(fp_cmp.o)
 .data          0x00000000008002d7        0x0 /usr/lib/gcc/avr/5.4.0/../../../avr/lib/avr6/libm.a(fp_inf.o)
 .data          0x00000000008002d7        0x0 /usr/lib/gcc/avr/5.4.0/../../../avr/lib/avr6/libm.a(fp_nan.o)
 .data          0x00000000008002d7        0x0 /usr/lib/gcc/avr/5.4.0/../../../avr/lib/avr6/libm.a(fp_pscA.o)
 .data          0x00000000008002d7        0x0 /usr/lib/gcc/avr/5.4.0/../../../avr/lib/avr6/libm.a(fp_pscB.o)
 .data          0x00000000008002d7        0x0 /usr/lib/gcc/avr/5.4.0/../../../avr/lib/avr6/libm.a(fp_round.o)
 .data          0x00000000008002d7        0x0 /usr/lib/gcc/avr/5.4.0/../../../avr/lib/avr6/libm.a(fp_split3.o)
 .data          0x00000000008002d7        0x0 /usr/lib/gcc/avr/5.4.0/../../../avr/lib/avr6/libm.a(fp_zero.o)
 .data          0x00000000008002d7        0x0 /usr/lib/gcc/avr/5.4.0/../../../avr/lib/avr6/libm.a(mulsf3.o)
 .data          0x00000000008002d7        0x0 /usr/lib/gcc/avr/5.4.0/../../../avr/lib/avr6/libm.a(mulsf3x.o)
 .data          0x00000000008002d7        0x6 /usr/lib/gcc/avr/5.4.0/../../../avr/lib/avr6/libc.a(malloc.o)
                0x00000000008002d7                __malloc_heap_end
                0x00000000008002d9                __malloc_heap_start
                0x00000000008002db                __malloc_margin
 .data          0x00000000008002dd        0x0 /usr/lib/gcc/avr/5.4.0/../../../avr/lib/avr6/libc.a(realloc.o)
 .data          0x00000000008002dd        0x0 /usr/lib/gcc/avr/5.4.0/../../../avr/lib/avr6/libc.a(ftoa_engine.o)
 .data          0x00000000008002dd        0x0 /usr/lib/gcc/avr/5.4.0/../../../avr/lib/avr6/libc.a(isspace.o)
 .data          0x00000000008002dd        0x0 /usr/lib/gcc/avr/5.4.0/../../../avr/lib/avr6/libc.a(tolower.o)
 .data          0x00000000008002dd        0x0 /usr/lib/gcc/avr/5.4.0/../../../avr/lib/avr6/libc.a(strchr_P.o)
 .data          0x00000000008002dd        0x0 /usr/lib/gcc/avr/5.4.0/../../../avr/lib/avr6/libc.a(strnlen_P.o)
 .data          0x00000000008002dd        0x0 /usr/lib/gcc/avr/5.4.0/../../../avr/lib/avr6/libc.a(memcpy.o)
 .data          0x00000000008002dd        0x0 /usr/lib/gcc/avr/5.4.0/../../../avr/lib/avr6/libc.a(memmove.o)
 .data          0x00000000008002dd        0x0 /usr/lib/gcc/avr/5.4.0/../../../avr/lib/avr6/libc.a(strcat.o)
 .data          0x00000000008002dd        0x0 /usr/lib/gcc/avr/5.4.0/../../../avr/lib/avr6/libc.a(strncmp.o)
 .data          0x00000000008002dd        0x0 /usr/lib/gcc/avr/5.4.0/../../../avr/lib/avr6/libc.a(strnlen.o)
 .data          0x00000000008002dd        0x0 /usr/lib/gcc/avr/5.4.0/../../../avr/lib/avr6/libc.a(fgetc.o)
 .data          0x00000000008002dd        0x0 /usr/lib/gcc/avr/5.4.0/../../../avr/lib/avr6/libc.a(fputc.o)
 .data          0x00000000008002dd        0x0 /usr/lib/gcc/avr/5.4.0/../../../avr/lib/avr6/libc.a(sprintf.o)
 .data          0x00000000008002dd        0x0 /usr/lib/gcc/avr/5.4.0/../../../avr/lib/avr6/libc.a(vsprintf.o)
 .data          0x00000000008002dd        0x0 /usr/lib/gcc/avr/5.4.0/../../../avr/lib/avr6/libc.a(ungetc.o)
 .data          0x00000000008002dd        0x0 /usr/lib/gcc/avr/5.4.0/../../../avr/lib/avr6/libc.a(ultoa_invert.o)
 .data          0x00000000008002dd        0x0 /usr/lib/gcc/avr/5.4.0/../../../avr/lib/avr6/libc.a(cty_isfalse.o)
 *(.data*)
 *(.rodata)
 .rodata        0x00000000008002dd       0x2c build/portmanager.o
 *(.rodata*)
 .rodata.str1.1
                0x0000000000800309       0x75 build/main.o
                                         0x78 (size before relaxing)
 .rodata.str1.1
                0x000000000080037e        0xd build/pwmmanager.o
 .rodata.str1.1
                0x000000000080038b        0x6 build/timer.o
 *(.gnu.linkonce.d*)
                0x0000000000800392                . = ALIGN (0x2)
 *fill*         0x0000000000800391        0x1 
                0x0000000000800392                _edata = .
                0x0000000000800392                PROVIDE (__data_end, .)

.bss            0x0000000000800392      0x59f
                0x0000000000800392                PROVIDE (__bss_start, .)
 *(.bss)
 .bss           0x0000000000800392        0x0 /usr/lib/gcc/avr/5.4.0/../../../avr/lib/avr6/crtatmega2560.o
 .bss           0x0000000000800392        0x0 /usr/lib/gcc/avr/5.4.0/../../../avr/lib/avr6/libscanf_flt.a(vfscanf_flt.o)
 .bss           0x0000000000800392        0x0 /usr/lib/gcc/avr/5.4.0/../../../avr/lib/avr6/libprintf_flt.a(vfprintf_flt.o)
 .bss           0x0000000000800392        0x4 build/command.o
                0x0000000000800392                _ZN7Command17fetchCommandQueueE
 .bss           0x0000000000800396        0x0 build/cppfix.o
 .bss           0x0000000000800396        0x0 build/file.o
 .bss           0x0000000000800396       0xd2 build/interrupt.o
                0x0000000000800396                port_k_history
                0x0000000000800397                port_j_history
                0x0000000000800398                port_b_history
                0x0000000000800399                vectJ
                0x00000000008003a7                vectK
                0x00000000008003df                vectB
                0x0000000000800417                _ZN9Interrupt17interruptCallbackE
 .bss           0x0000000000800468       0x93 build/main.o
                0x0000000000800468                US0_PIN_ECHO
                0x000000000080048d                US0_PIN_TRIGGER
                0x00000000008004b2                sensors
 .bss           0x00000000008004fb        0x0 build/portmanager.o
 .bss           0x00000000008004fb        0x0 build/pwmmanager.o
 .bss           0x00000000008004fb      0x422 build/serial.o
                0x00000000008004fb                _ZN7Serial312shellEnabledE
                0x00000000008004fc                _ZN7Serial314bufferReadableE
                0x00000000008004fd                _ZN7Serial310echoServerE
                0x00000000008004fe                _ZN7Serial38priorityE
                0x0000000000800500                _ZN7Serial36_writeE
                0x0000000000800502                _ZN7Serial35_readE
                0x0000000000800504                _ZN7Serial311USART3_BUFFE
                0x0000000000800604                _ZN7Serial212shellEnabledE
                0x0000000000800605                _ZN7Serial210echoServerE
                0x0000000000800606                _ZN7Serial28priorityE
                0x0000000000800608                _ZN7Serial26_writeE
                0x000000000080060a                _ZN7Serial25_readE
                0x000000000080060c                _ZN7Serial211USART2_BUFFE
                0x000000000080070c                _ZN7Serial112shellEnabledE
                0x000000000080070d                _ZN7Serial110echoServerE
                0x000000000080070e                _ZN7Serial18priorityE
                0x0000000000800710                _ZN7Serial16_writeE
                0x0000000000800712                _ZN7Serial15_readE
                0x0000000000800714                _ZN7Serial111USART1_BUFFE
                0x0000000000800814                _ZN7Serial012shellEnabledE
                0x0000000000800815                _ZN7Serial014bufferReadableE
                0x0000000000800816                _ZN7Serial010echoServerE
                0x0000000000800817                _ZN7Serial08priorityE
                0x0000000000800819                _ZN7Serial06_writeE
                0x000000000080081b                _ZN7Serial05_readE
                0x000000000080081d                _ZN7Serial011USART0_BUFFE
 .bss           0x000000000080091d       0x10 build/timer.o
                0x000000000080091d                _ZN5Timer7_isInitE
                0x000000000080091e                _ZN5Timer5_timeE
                0x0000000000800926                index
                0x0000000000800927                _ZN9Scheduler9schedulerE
 .bss           0x000000000080092d        0x0 /usr/lib/gcc/avr/5.4.0/avr6/libgcc.a(_udivmodhi4.o)
 .bss           0x000000000080092d        0x0 /usr/lib/gcc/avr/5.4.0/avr6/libgcc.a(_divmodhi4.o)
 .bss           0x000000000080092d        0x0 /usr/lib/gcc/avr/5.4.0/avr6/libgcc.a(_udivmodsi4.o)
 .bss           0x000000000080092d        0x0 /usr/lib/gcc/avr/5.4.0/avr6/libgcc.a(_exit.o)
 .bss           0x000000000080092d        0x0 /usr/lib/gcc/avr/5.4.0/avr6/libgcc.a(_tablejump2.o)
 .bss           0x000000000080092d        0x0 /usr/lib/gcc/avr/5.4.0/avr6/libgcc.a(_copy_data.o)
 .bss           0x000000000080092d        0x0 /usr/lib/gcc/avr/5.4.0/avr6/libgcc.a(_clear_bss.o)
 .bss           0x000000000080092d        0x0 /usr/lib/gcc/avr/5.4.0/avr6/libgcc.a(_ctors.o)
 .bss           0x000000000080092d        0x0 /usr/lib/gcc/avr/5.4.0/avr6/libgcc.a(_adddi3_s8.o)
 .bss           0x000000000080092d        0x0 /usr/lib/gcc/avr/5.4.0/../../../avr/lib/avr6/libm.a(addsf3.o)
 .bss           0x000000000080092d        0x0 /usr/lib/gcc/avr/5.4.0/../../../avr/lib/avr6/libm.a(addsf3x.o)
 .bss           0x000000000080092d        0x0 /usr/lib/gcc/avr/5.4.0/../../../avr/lib/avr6/libm.a(cmpsf2.o)
 .bss           0x000000000080092d        0x0 /usr/lib/gcc/avr/5.4.0/../../../avr/lib/avr6/libm.a(divsf3.o)
 .bss           0x000000000080092d        0x0 /usr/lib/gcc/avr/5.4.0/../../../avr/lib/avr6/libm.a(divsf3x.o)
 .bss           0x000000000080092d        0x0 /usr/lib/gcc/avr/5.4.0/../../../avr/lib/avr6/libm.a(fixsfsi.o)
 .bss           0x000000000080092d        0x0 /usr/lib/gcc/avr/5.4.0/../../../avr/lib/avr6/libm.a(fixunssfsi.o)
 .bss           0x000000000080092d        0x0 /usr/lib/gcc/avr/5.4.0/../../../avr/lib/avr6/libm.a(floatsisf.o)
 .bss           0x000000000080092d        0x0 /usr/lib/gcc/avr/5.4.0/../../../avr/lib/avr6/libm.a(floatundisf.o)
 .bss           0x000000000080092d        0x0 /usr/lib/gcc/avr/5.4.0/../../../avr/lib/avr6/libm.a(fp_cmp.o)
 .bss           0x000000000080092d        0x0 /usr/lib/gcc/avr/5.4.0/../../../avr/lib/avr6/libm.a(fp_inf.o)
 .bss           0x000000000080092d        0x0 /usr/lib/gcc/avr/5.4.0/../../../avr/lib/avr6/libm.a(fp_nan.o)
 .bss           0x000000000080092d        0x0 /usr/lib/gcc/avr/5.4.0/../../../avr/lib/avr6/libm.a(fp_pscA.o)
 .bss           0x000000000080092d        0x0 /usr/lib/gcc/avr/5.4.0/../../../avr/lib/avr6/libm.a(fp_pscB.o)
 .bss           0x000000000080092d        0x0 /usr/lib/gcc/avr/5.4.0/../../../avr/lib/avr6/libm.a(fp_round.o)
 .bss           0x000000000080092d        0x0 /usr/lib/gcc/avr/5.4.0/../../../avr/lib/avr6/libm.a(fp_split3.o)
 .bss           0x000000000080092d        0x0 /usr/lib/gcc/avr/5.4.0/../../../avr/lib/avr6/libm.a(fp_zero.o)
 .bss           0x000000000080092d        0x0 /usr/lib/gcc/avr/5.4.0/../../../avr/lib/avr6/libm.a(mulsf3.o)
 .bss           0x000000000080092d        0x0 /usr/lib/gcc/avr/5.4.0/../../../avr/lib/avr6/libm.a(mulsf3x.o)
 .bss           0x000000000080092d        0x0 /usr/lib/gcc/avr/5.4.0/../../../avr/lib/avr6/libc.a(malloc.o)
 .bss           0x000000000080092d        0x0 /usr/lib/gcc/avr/5.4.0/../../../avr/lib/avr6/libc.a(realloc.o)
 .bss           0x000000000080092d        0x0 /usr/lib/gcc/avr/5.4.0/../../../avr/lib/avr6/libc.a(ftoa_engine.o)
 .bss           0x000000000080092d        0x0 /usr/lib/gcc/avr/5.4.0/../../../avr/lib/avr6/libc.a(isspace.o)
 .bss           0x000000000080092d        0x0 /usr/lib/gcc/avr/5.4.0/../../../avr/lib/avr6/libc.a(tolower.o)
 .bss           0x000000000080092d        0x0 /usr/lib/gcc/avr/5.4.0/../../../avr/lib/avr6/libc.a(strchr_P.o)
 .bss           0x000000000080092d        0x0 /usr/lib/gcc/avr/5.4.0/../../../avr/lib/avr6/libc.a(strnlen_P.o)
 .bss           0x000000000080092d        0x0 /usr/lib/gcc/avr/5.4.0/../../../avr/lib/avr6/libc.a(memcpy.o)
 .bss           0x000000000080092d        0x0 /usr/lib/gcc/avr/5.4.0/../../../avr/lib/avr6/libc.a(memmove.o)
 .bss           0x000000000080092d        0x0 /usr/lib/gcc/avr/5.4.0/../../../avr/lib/avr6/libc.a(strcat.o)
 .bss           0x000000000080092d        0x0 /usr/lib/gcc/avr/5.4.0/../../../avr/lib/avr6/libc.a(strncmp.o)
 .bss           0x000000000080092d        0x0 /usr/lib/gcc/avr/5.4.0/../../../avr/lib/avr6/libc.a(strnlen.o)
 .bss           0x000000000080092d        0x0 /usr/lib/gcc/avr/5.4.0/../../../avr/lib/avr6/libc.a(fgetc.o)
 .bss           0x000000000080092d        0x0 /usr/lib/gcc/avr/5.4.0/../../../avr/lib/avr6/libc.a(fputc.o)
 .bss           0x000000000080092d        0x0 /usr/lib/gcc/avr/5.4.0/../../../avr/lib/avr6/libc.a(sprintf.o)
 .bss           0x000000000080092d        0x0 /usr/lib/gcc/avr/5.4.0/../../../avr/lib/avr6/libc.a(vsprintf.o)
 .bss           0x000000000080092d        0x0 /usr/lib/gcc/avr/5.4.0/../../../avr/lib/avr6/libc.a(ungetc.o)
 .bss           0x000000000080092d        0x0 /usr/lib/gcc/avr/5.4.0/../../../avr/lib/avr6/libc.a(ultoa_invert.o)
 .bss           0x000000000080092d        0x0 /usr/lib/gcc/avr/5.4.0/../../../avr/lib/avr6/libc.a(cty_isfalse.o)
 *(.bss*)
 *(COMMON)
 COMMON         0x000000000080092d        0x4 /usr/lib/gcc/avr/5.4.0/../../../avr/lib/avr6/libc.a(malloc.o)
                0x000000000080092d                __brkval
                0x000000000080092f                __flp
                0x0000000000800931                PROVIDE (__bss_end, .)
                0x0000000000004dec                __data_load_start = LOADADDR (.data)
                0x0000000000004f7e                __data_load_end = (__data_load_start + SIZEOF (.data))

.noinit         0x0000000000800931        0x0
                [!provide]                        PROVIDE (__noinit_start, .)
 *(.noinit*)
                [!provide]                        PROVIDE (__noinit_end, .)
                0x0000000000800931                _end = .
                0x0000000000800931                PROVIDE (__heap_start, .)

.eeprom         0x0000000000810000        0x0
 *(.eeprom*)
                0x0000000000810000                __eeprom_end = .

.fuse
 *(.fuse)
 *(.lfuse)
 *(.hfuse)
 *(.efuse)

.lock
 *(.lock*)

.signature
 *(.signature*)

.user_signatures
 *(.user_signatures*)

.stab
 *(.stab)

.stabstr
 *(.stabstr)

.stab.excl
 *(.stab.excl)

.stab.exclstr
 *(.stab.exclstr)

.stab.index
 *(.stab.index)

.stab.indexstr
 *(.stab.indexstr)

.comment        0x0000000000000000       0x11
 *(.comment)
 .comment       0x0000000000000000       0x11 /usr/lib/gcc/avr/5.4.0/../../../avr/lib/avr6/libscanf_flt.a(vfscanf_flt.o)
                                         0x12 (size before relaxing)
 .comment       0x0000000000000011       0x12 /usr/lib/gcc/avr/5.4.0/../../../avr/lib/avr6/libprintf_flt.a(vfprintf_flt.o)
 .comment       0x0000000000000011       0x12 build/command.o
 .comment       0x0000000000000011       0x12 build/cppfix.o
 .comment       0x0000000000000011       0x12 build/file.o
 .comment       0x0000000000000011       0x12 build/interrupt.o
 .comment       0x0000000000000011       0x12 build/main.o
 .comment       0x0000000000000011       0x12 build/portmanager.o
 .comment       0x0000000000000011       0x12 build/pwmmanager.o
 .comment       0x0000000000000011       0x12 build/serial.o
 .comment       0x0000000000000011       0x12 build/timer.o
 .comment       0x0000000000000011       0x12 /usr/lib/gcc/avr/5.4.0/../../../avr/lib/avr6/libc.a(malloc.o)
 .comment       0x0000000000000011       0x12 /usr/lib/gcc/avr/5.4.0/../../../avr/lib/avr6/libc.a(realloc.o)
 .comment       0x0000000000000011       0x12 /usr/lib/gcc/avr/5.4.0/../../../avr/lib/avr6/libc.a(fgetc.o)
 .comment       0x0000000000000011       0x12 /usr/lib/gcc/avr/5.4.0/../../../avr/lib/avr6/libc.a(fputc.o)
 .comment       0x0000000000000011       0x12 /usr/lib/gcc/avr/5.4.0/../../../avr/lib/avr6/libc.a(sprintf.o)
 .comment       0x0000000000000011       0x12 /usr/lib/gcc/avr/5.4.0/../../../avr/lib/avr6/libc.a(vsprintf.o)
 .comment       0x0000000000000011       0x12 /usr/lib/gcc/avr/5.4.0/../../../avr/lib/avr6/libc.a(ungetc.o)

.note.gnu.avr.deviceinfo
                0x0000000000000000       0x40
 .note.gnu.avr.deviceinfo
                0x0000000000000000       0x40 /usr/lib/gcc/avr/5.4.0/../../../avr/lib/avr6/crtatmega2560.o

.note.gnu.build-id
 *(.note.gnu.build-id)

.debug
 *(.debug)

.line
 *(.line)

.debug_srcinfo
 *(.debug_srcinfo)

.debug_sfnames
 *(.debug_sfnames)

.debug_aranges
 *(.debug_aranges)

.debug_pubnames
 *(.debug_pubnames)

.debug_info     0x0000000000000000      0xbbc
 *(.debug_info .gnu.linkonce.wi.*)
 .debug_info    0x0000000000000000      0xbbc /usr/lib/gcc/avr/5.4.0/../../../avr/lib/avr6/crtatmega2560.o

.debug_abbrev   0x0000000000000000      0xb1a
 *(.debug_abbrev)
 .debug_abbrev  0x0000000000000000      0xb1a /usr/lib/gcc/avr/5.4.0/../../../avr/lib/avr6/crtatmega2560.o

.debug_line     0x0000000000000000       0x1a
 *(.debug_line .debug_line.* .debug_line_end)
 .debug_line    0x0000000000000000       0x1a /usr/lib/gcc/avr/5.4.0/../../../avr/lib/avr6/crtatmega2560.o

.debug_frame
 *(.debug_frame)

.debug_str      0x0000000000000000      0x3e6
 *(.debug_str)
 .debug_str     0x0000000000000000      0x3e6 /usr/lib/gcc/avr/5.4.0/../../../avr/lib/avr6/crtatmega2560.o

.debug_loc
 *(.debug_loc)

.debug_macinfo
 *(.debug_macinfo)

.debug_weaknames
 *(.debug_weaknames)

.debug_funcnames
 *(.debug_funcnames)

.debug_typenames
 *(.debug_typenames)

.debug_varnames
 *(.debug_varnames)

.debug_pubtypes
 *(.debug_pubtypes)

.debug_ranges
 *(.debug_ranges)

.debug_macro
 *(.debug_macro)
OUTPUT(build/main.elf elf32-avr)
LOAD linker stubs
