Archive member included to satisfy reference by file (symbol)

/usr/lib/gcc/avr/5.4.0/../../../avr/lib/avr6/libscanf_flt.a(vfscanf_flt.o)
                              (vfscanf)
/usr/lib/gcc/avr/5.4.0/../../../avr/lib/avr6/libprintf_flt.a(vfprintf_flt.o)
                              (vfprintf)
/usr/lib/gcc/avr/5.4.0/avr6/libgcc.a(_udivmodhi4.o)
                              build/portmanager.o (__udivmodhi4)
/usr/lib/gcc/avr/5.4.0/avr6/libgcc.a(_udivmodsi4.o)
                              build/serial.o (__udivmodsi4)
/usr/lib/gcc/avr/5.4.0/avr6/libgcc.a(_exit.o)
                              /usr/lib/gcc/avr/5.4.0/../../../avr/lib/avr6/crtatmega2560.o (exit)
/usr/lib/gcc/avr/5.4.0/avr6/libgcc.a(_copy_data.o)
                              build/dht11.o (__do_copy_data)
/usr/lib/gcc/avr/5.4.0/avr6/libgcc.a(_clear_bss.o)
                              build/dht11.o (__do_clear_bss)
/usr/lib/gcc/avr/5.4.0/avr6/libgcc.a(_ctors.o)
                              build/interrupt.o (__do_global_ctors)
/usr/lib/gcc/avr/5.4.0/avr6/libgcc.a(_tablejump2.o)
                              /usr/lib/gcc/avr/5.4.0/avr6/libgcc.a(_ctors.o) (__tablejump2__)
/usr/lib/gcc/avr/5.4.0/../../../avr/lib/avr6/libm.a(addsf3.o)
                              build/portmanager.o (__subsf3)
/usr/lib/gcc/avr/5.4.0/../../../avr/lib/avr6/libm.a(addsf3x.o)
                              /usr/lib/gcc/avr/5.4.0/../../../avr/lib/avr6/libm.a(addsf3.o) (__addsf3x)
/usr/lib/gcc/avr/5.4.0/../../../avr/lib/avr6/libm.a(atan2.o)
                              build/hmc5883.o (atan2)
/usr/lib/gcc/avr/5.4.0/../../../avr/lib/avr6/libm.a(atan.o)
                              /usr/lib/gcc/avr/5.4.0/../../../avr/lib/avr6/libm.a(atan2.o) (atan)
/usr/lib/gcc/avr/5.4.0/../../../avr/lib/avr6/libm.a(divsf3.o)
                              build/hmc5883.o (__divsf3)
/usr/lib/gcc/avr/5.4.0/../../../avr/lib/avr6/libm.a(divsf3x.o)
                              /usr/lib/gcc/avr/5.4.0/../../../avr/lib/avr6/libm.a(divsf3.o) (__divsf3x)
/usr/lib/gcc/avr/5.4.0/../../../avr/lib/avr6/libm.a(fixunssfsi.o)
                              build/portmanager.o (__fixunssfsi)
/usr/lib/gcc/avr/5.4.0/../../../avr/lib/avr6/libm.a(floatsisf.o)
                              /usr/lib/gcc/avr/5.4.0/../../../avr/lib/avr6/libscanf_flt.a(vfscanf_flt.o) (__floatunsisf)
/usr/lib/gcc/avr/5.4.0/../../../avr/lib/avr6/libm.a(fp_inf.o)
                              /usr/lib/gcc/avr/5.4.0/../../../avr/lib/avr6/libm.a(addsf3x.o) (__fp_inf)
/usr/lib/gcc/avr/5.4.0/../../../avr/lib/avr6/libm.a(fp_nan.o)
                              /usr/lib/gcc/avr/5.4.0/../../../avr/lib/avr6/libm.a(addsf3x.o) (__fp_nan)
/usr/lib/gcc/avr/5.4.0/../../../avr/lib/avr6/libm.a(fp_powser.o)
                              /usr/lib/gcc/avr/5.4.0/../../../avr/lib/avr6/libm.a(atan.o) (__fp_powser)
/usr/lib/gcc/avr/5.4.0/../../../avr/lib/avr6/libm.a(fp_pscA.o)
                              /usr/lib/gcc/avr/5.4.0/../../../avr/lib/avr6/libm.a(addsf3x.o) (__fp_pscA)
/usr/lib/gcc/avr/5.4.0/../../../avr/lib/avr6/libm.a(fp_pscB.o)
                              /usr/lib/gcc/avr/5.4.0/../../../avr/lib/avr6/libm.a(addsf3x.o) (__fp_pscB)
/usr/lib/gcc/avr/5.4.0/../../../avr/lib/avr6/libm.a(fp_round.o)
                              /usr/lib/gcc/avr/5.4.0/../../../avr/lib/avr6/libm.a(addsf3.o) (__fp_round)
/usr/lib/gcc/avr/5.4.0/../../../avr/lib/avr6/libm.a(fp_split3.o)
                              /usr/lib/gcc/avr/5.4.0/../../../avr/lib/avr6/libm.a(addsf3x.o) (__fp_split3)
/usr/lib/gcc/avr/5.4.0/../../../avr/lib/avr6/libm.a(fp_zero.o)
                              /usr/lib/gcc/avr/5.4.0/../../../avr/lib/avr6/libm.a(addsf3x.o) (__fp_zero)
/usr/lib/gcc/avr/5.4.0/../../../avr/lib/avr6/libm.a(inverse.o)
                              /usr/lib/gcc/avr/5.4.0/../../../avr/lib/avr6/libm.a(atan.o) (inverse)
/usr/lib/gcc/avr/5.4.0/../../../avr/lib/avr6/libm.a(mulsf3.o)
                              /usr/lib/gcc/avr/5.4.0/../../../avr/lib/avr6/libscanf_flt.a(vfscanf_flt.o) (__mulsf3)
/usr/lib/gcc/avr/5.4.0/../../../avr/lib/avr6/libm.a(mulsf3x.o)
                              /usr/lib/gcc/avr/5.4.0/../../../avr/lib/avr6/libm.a(atan.o) (__mulsf3x)
/usr/lib/gcc/avr/5.4.0/../../../avr/lib/avr6/libm.a(square.o)
                              /usr/lib/gcc/avr/5.4.0/../../../avr/lib/avr6/libm.a(atan.o) (square)
/usr/lib/gcc/avr/5.4.0/../../../avr/lib/avr6/libc.a(malloc.o)
                              build/cppfix.o (malloc)
/usr/lib/gcc/avr/5.4.0/../../../avr/lib/avr6/libc.a(realloc.o)
                              build/i2cmaster.o (realloc)
/usr/lib/gcc/avr/5.4.0/../../../avr/lib/avr6/libc.a(ftoa_engine.o)
                              /usr/lib/gcc/avr/5.4.0/../../../avr/lib/avr6/libprintf_flt.a(vfprintf_flt.o) (__ftoa_engine)
/usr/lib/gcc/avr/5.4.0/../../../avr/lib/avr6/libc.a(isspace.o)
                              /usr/lib/gcc/avr/5.4.0/../../../avr/lib/avr6/libscanf_flt.a(vfscanf_flt.o) (isspace)
/usr/lib/gcc/avr/5.4.0/../../../avr/lib/avr6/libc.a(tolower.o)
                              /usr/lib/gcc/avr/5.4.0/../../../avr/lib/avr6/libscanf_flt.a(vfscanf_flt.o) (tolower)
/usr/lib/gcc/avr/5.4.0/../../../avr/lib/avr6/libc.a(strchr_P.o)
                              /usr/lib/gcc/avr/5.4.0/../../../avr/lib/avr6/libscanf_flt.a(vfscanf_flt.o) (strchr_P)
/usr/lib/gcc/avr/5.4.0/../../../avr/lib/avr6/libc.a(strnlen_P.o)
                              /usr/lib/gcc/avr/5.4.0/../../../avr/lib/avr6/libprintf_flt.a(vfprintf_flt.o) (strnlen_P)
/usr/lib/gcc/avr/5.4.0/../../../avr/lib/avr6/libc.a(memcpy.o)
                              /usr/lib/gcc/avr/5.4.0/../../../avr/lib/avr6/libc.a(realloc.o) (memcpy)
/usr/lib/gcc/avr/5.4.0/../../../avr/lib/avr6/libc.a(memset.o)
                              build/serial.o (memset)
/usr/lib/gcc/avr/5.4.0/../../../avr/lib/avr6/libc.a(strnlen.o)
                              /usr/lib/gcc/avr/5.4.0/../../../avr/lib/avr6/libprintf_flt.a(vfprintf_flt.o) (strnlen)
/usr/lib/gcc/avr/5.4.0/../../../avr/lib/avr6/libc.a(fgetc.o)
                              /usr/lib/gcc/avr/5.4.0/../../../avr/lib/avr6/libscanf_flt.a(vfscanf_flt.o) (fgetc)
/usr/lib/gcc/avr/5.4.0/../../../avr/lib/avr6/libc.a(fputc.o)
                              /usr/lib/gcc/avr/5.4.0/../../../avr/lib/avr6/libprintf_flt.a(vfprintf_flt.o) (fputc)
/usr/lib/gcc/avr/5.4.0/../../../avr/lib/avr6/libc.a(vsprintf.o)
                              build/serial.o (vsprintf)
/usr/lib/gcc/avr/5.4.0/../../../avr/lib/avr6/libc.a(ungetc.o)
                              /usr/lib/gcc/avr/5.4.0/../../../avr/lib/avr6/libscanf_flt.a(vfscanf_flt.o) (ungetc)
/usr/lib/gcc/avr/5.4.0/../../../avr/lib/avr6/libc.a(ultoa_invert.o)
                              /usr/lib/gcc/avr/5.4.0/../../../avr/lib/avr6/libprintf_flt.a(vfprintf_flt.o) (__ultoa_invert)
/usr/lib/gcc/avr/5.4.0/../../../avr/lib/avr6/libc.a(cty_isfalse.o)
                              /usr/lib/gcc/avr/5.4.0/../../../avr/lib/avr6/libc.a(isspace.o) (__ctype_isfalse)

Allocating common symbols
Common symbol       size              file

__brkval            0x2               /usr/lib/gcc/avr/5.4.0/../../../avr/lib/avr6/libc.a(malloc.o)
__flp               0x2               /usr/lib/gcc/avr/5.4.0/../../../avr/lib/avr6/libc.a(malloc.o)

Discarded input sections

 .group         0x0000000000000000        0x8 build/dht11.o
 .group         0x0000000000000000        0x8 build/dht11.o
 .group         0x0000000000000000        0x8 build/serial.o
 .bss._ZZN13SerialManager11getInstanceE10SerialPortE8instance
                0x0000000000000000        0x8 build/serial.o

Memory Configuration

Name             Origin             Length             Attributes
text             0x0000000000000000 0x0000000000100000 xr
data             0x0000000000800200 0x000000000000fe00 rw !x
eeprom           0x0000000000810000 0x0000000000010000 rw !x
fuse             0x0000000000820000 0x0000000000000003 rw !x
lock             0x0000000000830000 0x0000000000000400 rw !x
signature        0x0000000000840000 0x0000000000000400 rw !x
user_signatures  0x0000000000850000 0x0000000000000400 rw !x
*default*        0x0000000000000000 0xffffffffffffffff

Linker script and memory map

Address of section .data set to 0x800200
LOAD /usr/lib/gcc/avr/5.4.0/../../../avr/lib/avr6/crtatmega2560.o
LOAD /usr/lib/gcc/avr/5.4.0/../../../avr/lib/avr6/libscanf_flt.a
LOAD /usr/lib/gcc/avr/5.4.0/../../../avr/lib/avr6/libprintf_flt.a
LOAD build/cppfix.o
LOAD build/dht11.o
LOAD build/hmc5883.o
LOAD build/i2cmaster.o
LOAD build/i2cslave.o
LOAD build/interrupt.o
LOAD build/main.o
LOAD build/mpu6050.o
LOAD build/portmanager.o
LOAD build/serial.o
LOAD build/spimaster.o
LOAD build/spislave.o
LOAD build/timer.o
LOAD /usr/lib/gcc/avr/5.4.0/avr6/libgcc.a
LOAD /usr/lib/gcc/avr/5.4.0/../../../avr/lib/avr6/libm.a
START GROUP
LOAD /usr/lib/gcc/avr/5.4.0/avr6/libgcc.a
LOAD /usr/lib/gcc/avr/5.4.0/../../../avr/lib/avr6/libm.a
LOAD /usr/lib/gcc/avr/5.4.0/../../../avr/lib/avr6/libc.a
LOAD /usr/lib/gcc/avr/5.4.0/../../../avr/lib/avr6/libatmega2560.a
END GROUP
                0x0000000000100000                __TEXT_REGION_LENGTH__ = DEFINED (__TEXT_REGION_LENGTH__)?__TEXT_REGION_LENGTH__:0x100000
                0x000000000000fe00                __DATA_REGION_LENGTH__ = DEFINED (__DATA_REGION_LENGTH__)?__DATA_REGION_LENGTH__:0xfe00
                0x0000000000010000                __EEPROM_REGION_LENGTH__ = DEFINED (__EEPROM_REGION_LENGTH__)?__EEPROM_REGION_LENGTH__:0x10000
                [0x0000000000000003]                __FUSE_REGION_LENGTH__ = DEFINED (__FUSE_REGION_LENGTH__)?__FUSE_REGION_LENGTH__:0x400
                0x0000000000000400                __LOCK_REGION_LENGTH__ = DEFINED (__LOCK_REGION_LENGTH__)?__LOCK_REGION_LENGTH__:0x400
                0x0000000000000400                __SIGNATURE_REGION_LENGTH__ = DEFINED (__SIGNATURE_REGION_LENGTH__)?__SIGNATURE_REGION_LENGTH__:0x400
                0x0000000000000400                __USER_SIGNATURE_REGION_LENGTH__ = DEFINED (__USER_SIGNATURE_REGION_LENGTH__)?__USER_SIGNATURE_REGION_LENGTH__:0x400

.hash
 *(.hash)

.dynsym
 *(.dynsym)

.dynstr
 *(.dynstr)

.gnu.version
 *(.gnu.version)

.gnu.version_d
 *(.gnu.version_d)

.gnu.version_r
 *(.gnu.version_r)

.rel.init
 *(.rel.init)

.rela.init
 *(.rela.init)

.rel.text
 *(.rel.text)
 *(.rel.text.*)
 *(.rel.gnu.linkonce.t*)

.rela.text
 *(.rela.text)
 *(.rela.text.*)
 *(.rela.gnu.linkonce.t*)

.rel.fini
 *(.rel.fini)

.rela.fini
 *(.rela.fini)

.rel.rodata
 *(.rel.rodata)
 *(.rel.rodata.*)
 *(.rel.gnu.linkonce.r*)

.rela.rodata
 *(.rela.rodata)
 *(.rela.rodata.*)
 *(.rela.gnu.linkonce.r*)

.rel.data
 *(.rel.data)
 *(.rel.data.*)
 *(.rel.gnu.linkonce.d*)

.rela.data
 *(.rela.data)
 *(.rela.data.*)
 *(.rela.gnu.linkonce.d*)

.rel.ctors
 *(.rel.ctors)

.rela.ctors
 *(.rela.ctors)

.rel.dtors
 *(.rel.dtors)

.rela.dtors
 *(.rela.dtors)

.rel.got
 *(.rel.got)

.rela.got
 *(.rela.got)

.rel.bss
 *(.rel.bss)

.rela.bss
 *(.rela.bss)

.rel.plt
 *(.rel.plt)

.rela.plt
 *(.rela.plt)

.text           0x0000000000000000     0x54ce
 *(.vectors)
 .vectors       0x0000000000000000       0xe4 /usr/lib/gcc/avr/5.4.0/../../../avr/lib/avr6/crtatmega2560.o
                0x0000000000000000                __vectors
                0x0000000000000000                __vector_default
 *(.vectors)
 *(.progmem.gcc*)
 .progmem.gcc_fplib
                0x00000000000000e4       0x2d /usr/lib/gcc/avr/5.4.0/../../../avr/lib/avr6/libm.a(atan.o)
                0x0000000000000112                . = ALIGN (0x2)
 *fill*         0x0000000000000111        0x1 
                0x0000000000000112                __trampolines_start = .
 *(.trampolines)
 .trampolines   0x0000000000000112        0x8 linker stubs
 *(.trampolines*)
                0x000000000000011a                __trampolines_end = .
 *libprintf_flt.a:*(.progmem.data)
 .progmem.data  0x000000000000011a        0x8 /usr/lib/gcc/avr/5.4.0/../../../avr/lib/avr6/libprintf_flt.a(vfprintf_flt.o)
 *libc.a:*(.progmem.data)
 .progmem.data  0x0000000000000122       0xfa /usr/lib/gcc/avr/5.4.0/../../../avr/lib/avr6/libc.a(ftoa_engine.o)
 *(.progmem*)
 .progmem.data  0x000000000000021c       0x4d /usr/lib/gcc/avr/5.4.0/../../../avr/lib/avr6/libscanf_flt.a(vfscanf_flt.o)
 .progmem.data  0x0000000000000269      0x15e build/interrupt.o
 .progmem.data  0x00000000000003c7      0x15e build/portmanager.o
                0x0000000000000526                . = ALIGN (0x2)
 *fill*         0x0000000000000525        0x1 
 *(.jumptables)
 *(.jumptables*)
 *(.lowtext)
 *(.lowtext*)
                0x0000000000000526                __ctors_start = .
 *(.ctors)
 .ctors         0x0000000000000526        0x2 build/interrupt.o
 .ctors         0x0000000000000528        0x2 build/timer.o
                0x000000000000052a                __ctors_end = .
                0x000000000000052a                __dtors_start = .
 *(.dtors)
                0x000000000000052a                __dtors_end = .
 SORT(*)(.ctors)
 SORT(*)(.dtors)
 *(.init0)
 .init0         0x000000000000052a        0x0 /usr/lib/gcc/avr/5.4.0/../../../avr/lib/avr6/crtatmega2560.o
                0x000000000000052a                __init
 *(.init0)
 *(.init1)
 *(.init1)
 *(.init2)
 .init2         0x000000000000052a       0x10 /usr/lib/gcc/avr/5.4.0/../../../avr/lib/avr6/crtatmega2560.o
 *(.init2)
 *(.init3)
 *(.init3)
 *(.init4)
 .init4         0x000000000000053a       0x1a /usr/lib/gcc/avr/5.4.0/avr6/libgcc.a(_copy_data.o)
                0x000000000000053a                __do_copy_data
 .init4         0x0000000000000554       0x10 /usr/lib/gcc/avr/5.4.0/avr6/libgcc.a(_clear_bss.o)
                0x0000000000000554                __do_clear_bss
 *(.init4)
 *(.init5)
 *(.init5)
 *(.init6)
 .init6         0x0000000000000564       0x20 /usr/lib/gcc/avr/5.4.0/avr6/libgcc.a(_ctors.o)
                0x0000000000000564                __do_global_ctors
 *(.init6)
 *(.init7)
 *(.init7)
 *(.init8)
 *(.init8)
 *(.init9)
 .init9         0x0000000000000584        0x8 /usr/lib/gcc/avr/5.4.0/../../../avr/lib/avr6/crtatmega2560.o
 *(.init9)
 *(.text)
 .text          0x000000000000058c        0x4 /usr/lib/gcc/avr/5.4.0/../../../avr/lib/avr6/crtatmega2560.o
                0x000000000000058c                __vector_38
                0x000000000000058c                __vector_22
                0x000000000000058c                __vector_28
                0x000000000000058c                __vector_32
                0x000000000000058c                __vector_34
                0x000000000000058c                __vector_12
                0x000000000000058c                __vector_55
                0x000000000000058c                __vector_46
                0x000000000000058c                __bad_interrupt
                0x000000000000058c                __vector_31
                0x000000000000058c                __vector_35
                0x000000000000058c                __vector_30
                0x000000000000058c                __vector_45
                0x000000000000058c                __vector_13
                0x000000000000058c                __vector_17
                0x000000000000058c                __vector_19
                0x000000000000058c                __vector_56
                0x000000000000058c                __vector_49
                0x000000000000058c                __vector_41
                0x000000000000058c                __vector_43
                0x000000000000058c                __vector_27
                0x000000000000058c                __vector_33
                0x000000000000058c                __vector_47
                0x000000000000058c                __vector_52
                0x000000000000058c                __vector_37
                0x000000000000058c                __vector_44
                0x000000000000058c                __vector_21
                0x000000000000058c                __vector_15
                0x000000000000058c                __vector_29
                0x000000000000058c                __vector_40
                0x000000000000058c                __vector_26
                0x000000000000058c                __vector_48
                0x000000000000058c                __vector_14
                0x000000000000058c                __vector_53
                0x000000000000058c                __vector_50
                0x000000000000058c                __vector_16
                0x000000000000058c                __vector_18
                0x000000000000058c                __vector_20
                0x000000000000058c                __vector_42
 .text          0x0000000000000590        0x0 /usr/lib/gcc/avr/5.4.0/../../../avr/lib/avr6/libscanf_flt.a(vfscanf_flt.o)
 .text          0x0000000000000590        0x0 /usr/lib/gcc/avr/5.4.0/../../../avr/lib/avr6/libprintf_flt.a(vfprintf_flt.o)
 .text          0x0000000000000590       0x26 build/cppfix.o
                0x0000000000000590                __cxa_guard_acquire
                0x00000000000005a2                __cxa_guard_release
                0x00000000000005aa                __cxa_guard_abort
                0x00000000000005ac                __cxa_pure_virtual
                0x00000000000005ae                _Znwj
                0x00000000000005b2                _ZdlPv
 .text          0x00000000000005b6      0x398 build/dht11.o
                0x00000000000005b6                _ZN5Dht11C2E3Pin
                0x00000000000005b6                _ZN5Dht11C1E3Pin
                0x00000000000005de                _ZN5Dht11C1Eh
                0x00000000000005de                _ZN5Dht11C2Eh
                0x000000000000063c                _ZN5Dht11C2E7dht11_t
                0x000000000000063c                _ZN5Dht11C1E7dht11_t
                0x0000000000000664                _ZN5Dht1114getTemperatureEv
                0x000000000000066a                _ZN5Dht1111getHumidityEv
                0x0000000000000670                _ZN5Dht1114startContitionEv
                0x0000000000000706                _ZN5Dht117getDataEv
                0x0000000000000934                _ZN5Dht118checkCrcEv
 .text          0x000000000000094e      0x24e build/hmc5883.o
                0x000000000000094e                _ZN7Hmc5883C1Ehh
                0x000000000000094e                _ZN7Hmc5883C2Ehh
                0x0000000000000986                _ZN7Hmc58834initEv
                0x0000000000000a28                _ZN7Hmc58839setSampleE14SAMPLE_MEASURE
                0x0000000000000a72                _ZN7Hmc58839getSampleEv
                0x0000000000000a78                _ZN7Hmc588310setOutRateEv
                0x0000000000000a7a                _ZN7Hmc588310getOutRateEv
                0x0000000000000a80                _ZN7Hmc58837setGainEv
                0x0000000000000a82                _ZN7Hmc58837getGainEv
                0x0000000000000a88                _ZN7Hmc58839setOpModeEv
                0x0000000000000a8a                _ZN7Hmc58839getOpModeEv
                0x0000000000000a92                _ZN7Hmc588314setMeasureModeEv
                0x0000000000000a94                _ZN7Hmc588314getMeasureModeEv
                0x0000000000000a9a                _ZN7Hmc588310getHeadingEv
                0x0000000000000b6e                _ZN7Hmc58837getDataEv
 .text          0x0000000000000b9c      0x412 build/i2cmaster.o
                0x0000000000000b9c                _ZN9I2CMasterC1Ev
                0x0000000000000b9c                _ZN9I2CMasterC2Ev
                0x0000000000000b9e                _ZN9I2CMaster6enableE5F_SCL
                0x0000000000000ba4                _ZN9I2CMaster7disableEv
                0x0000000000000baa                _ZN9I2CMaster5startEh
                0x0000000000000bee                _ZN9I2CMaster4stopEv
                0x0000000000000bf6                _ZN9I2CMaster4sendEh
                0x0000000000000c18                _ZN9I2CMaster4sendEPhj
                0x0000000000000c4c                _ZN9I2CMaster4sendEhPhj
                0x0000000000000cac                _ZN9I2CMaster8writeRegEhhPhj
                0x0000000000000d16                _ZN9I2CMaster4scanEv
                0x0000000000000d8a                _ZN9I2CMaster12scanMultipleEv
                0x0000000000000e5c                _ZN9I2CMaster12read_sendAckEv
                0x0000000000000e70                _ZN9I2CMaster13read_sendNackEv
                0x0000000000000e84                _ZN9I2CMaster7receiveEh
                0x0000000000000eaa                _ZN9I2CMaster7receiveEhPhj
                0x0000000000000f24                _ZN9I2CMaster7readRegEhhPhj
 .text          0x0000000000000fae       0xbe build/i2cslave.o
                0x0000000000000fae                _Z16I2C_setCallbacksPFvhEPFvvE
                0x0000000000000fc0                _Z8I2C_inith
                0x0000000000000fd2                _Z8I2C_stopv
                0x0000000000000fe0                __vector_39
 .text          0x000000000000106c      0xa20 build/interrupt.o
                0x000000000000106c                _ZN9Interrupt9searchPinEhP9PCINT_PINP10HW_INT_PIN
                0x00000000000011a8                _ZN9Interrupt15attachInterruptEh8INT_EDGEPFvhE
                0x000000000000132c                _ZN9Interrupt15deatchInterruptEh
                0x0000000000001414                _Z17call_int_callbackPFvhE8INT_EDGEPVhhhh
                0x00000000000014e0                __vector_9
                0x00000000000015de                __vector_10
                0x00000000000016d4                __vector_11
                0x00000000000017f6                __vector_1
                0x000000000000185e                __vector_2
                0x00000000000018c6                __vector_3
                0x000000000000192e                __vector_4
                0x0000000000001996                __vector_5
                0x00000000000019fc                __vector_6
                0x0000000000001a64                __vector_8
                0x0000000000001a78                __vector_7
 .text          0x0000000000001a8c        0x8 build/main.o
 .text          0x0000000000001a94      0x3b0 build/mpu6050.o
                0x0000000000001a94                _ZN7Mpu6050C1E7slave_t
                0x0000000000001a94                _ZN7Mpu6050C2E7slave_t
                0x0000000000001ad2                _ZN7Mpu6050C1Ehh
                0x0000000000001ad2                _ZN7Mpu6050C2Ehh
                0x0000000000001b12                _ZN7Mpu60506wakeUpEv
                0x0000000000001b38                _ZN7Mpu60505sleepEv
                0x0000000000001b68                _ZN7Mpu605010getRawDataEv
                0x0000000000001c18                _ZN7Mpu605012getDataFixedE10TEMP_UNITS
                0x0000000000001ddc                _ZN7Mpu605013setAccelRangeE11ACCEL_RANGE
                0x0000000000001e0a                _ZN7Mpu605013getAccelRangeEv
                0x0000000000001e10                _ZN7Mpu605012setGyroRangeE10GYRO_RANGE
                0x0000000000001e3e                _ZN7Mpu605012getGyroRangeEv
 .text          0x0000000000001e44      0x636 build/portmanager.o
                0x0000000000001e44                _ZN3PinD1Ev
                0x0000000000001e44                _ZN3PinD2Ev
                0x0000000000001e46                _ZN3Pin2onEv
                0x0000000000001e6c                _ZN3Pin8setStateEb
                0x0000000000001e98                _ZN3Pin3offEv
                0x0000000000001ec2                _ZN3Pin6toggleEv
                0x0000000000001ee8                _ZN3Pin12setDirectionE4DDRx
                0x0000000000001f2a                _ZN3PinC1Eh4DDRx
                0x0000000000001f2a                _ZN3PinC2Eh4DDRx
                0x00000000000020d6                _ZN3Pin6setPWMEjh
                0x00000000000021f8                _ZN3Pin7setDutyEh
                0x00000000000022aa                _ZN3Pin7setFreqEj
                0x0000000000002358                _ZN3Pin11digitalReadEv
                0x000000000000237c                _ZN3Pin10analogReadE6_ADMUX17_ADCSRA_PRESCALER19_ADCSRB_AUTOTRIGGER
                0x00000000000023da                _ZN3Pin10getPinDataEv
                0x00000000000023dc                _ZN3Pin12getPinNumberEv
                0x00000000000023e2                _ZN3Pin6getPWMEv
                0x0000000000002440                _ZN3Pin14getRegisterBitEv
                0x0000000000002446                _ZN3Pin11getPINxAddrEv
                0x000000000000244e                _ZN3Pin14calculateTicksEj
 .text          0x000000000000247a      0x6f4 build/serial.o
                0x000000000000247a                _ZN6Serial4initE4UART14SerialPriority
                0x000000000000253c                _ZN6Serial5flushEv
                0x0000000000002564                _ZN6Serial16setRxISRCallBackEb
                0x0000000000002584                _ZN6Serial13setEchoServerEb
                0x000000000000258c                _ZN6Serial10insertDataEh
                0x00000000000025e4                _ZN6Serial11incReadDataEh
                0x00000000000025f8                _ZN6Serial11enableShellEb
                0x0000000000002612                _ZN6Serial16registerCallbackEPFvvE
                0x000000000000261e                _ZN6Serial10rxCallBackEv
                0x0000000000002630                _ZN6Serial14shellIsEnabledEv
                0x000000000000263a                _ZN6Serial16bufferIsReadableEv
                0x000000000000265a                _ZN6Serial11isAvailableEv
                0x000000000000266e                _ZN6Serial13echoIsEnabledEv
                0x0000000000002676                _ZN6Serial7receiveEv
                0x0000000000002698                _ZN6Serial9readUntilEPcc
                0x00000000000026f0                _ZN6Serial8readDataEv
                0x0000000000002742                _ZN6Serial11getPriorityEv
                0x000000000000274c                _ZN6Serial5printEPKc
                0x0000000000002786                _ZN6Serial6printfEPKcz
                0x00000000000027dc                _ZN6Serial5clearEv
                0x00000000000027f6                __vector_25
                0x00000000000028d4                __vector_36
                0x00000000000029b2                __vector_51
                0x0000000000002a90                __vector_54
 .text          0x0000000000002b6e      0x362 build/spimaster.o
                0x0000000000002b6e                _ZN9MasterSPI6enableEv
                0x0000000000002b76                _ZN9MasterSPI7disableEv
                0x0000000000002b7e                _ZN9MasterSPI8setClockE10SPI_CLKSEL
                0x0000000000002ba8                _ZN9MasterSPI8getClockEv
                0x0000000000002bae                _ZN9MasterSPI12setDataOrderE8SPI_DORD
                0x0000000000002bca                _ZN9MasterSPI12getDataOrderEv
                0x0000000000002bd0                _ZN9MasterSPI16setClockPolarityE8SPI_CPOL
                0x0000000000002bec                _ZN9MasterSPI16getClockPolarityEv
                0x0000000000002bf2                _ZN9MasterSPI13setClockPhaseE8SPI_CPHA
                0x0000000000002c0e                _ZN9MasterSPIC1E11masterSPI_t13mSPIsetting_t
                0x0000000000002c0e                _ZN9MasterSPIC2E11masterSPI_t13mSPIsetting_t
                0x0000000000002d58                _ZN9MasterSPI13getClockPhaseEv
                0x0000000000002d5e                _ZN9MasterSPI11enableSlaveEh
                0x0000000000002d86                _ZN9MasterSPI12disableSlaveEh
                0x0000000000002dae                _ZN9MasterSPI4sendEh
                0x0000000000002db8                _ZN9MasterSPI4sendEPhj
                0x0000000000002dfa                _ZN9MasterSPI7receiveEv
                0x0000000000002e04                _ZN9MasterSPI7receiveEPhj
                0x0000000000002e4e                _ZN9MasterSPI11sendReceiveEh
                0x0000000000002e5a                _ZN9MasterSPI11sendReceiveEPhS0_j
                0x0000000000002eb6                _ZN9MasterSPI12slaveIsValidEh
 .text          0x0000000000002ed0      0x448 build/spislave.o
                0x0000000000002ed0                _ZN8SlaveSPIC2Ev
                0x0000000000002ed0                _ZN8SlaveSPIC1Ev
                0x0000000000002ee0                _ZN8SlaveSPIC1E10slaveSPI_t8SPI_DORD10SPI_CLKSEL8SPI_CPOL8SPI_CPHA
                0x0000000000002ee0                _ZN8SlaveSPIC2E10slaveSPI_t8SPI_DORD10SPI_CLKSEL8SPI_CPOL8SPI_CPHA
                0x0000000000002fd0                _ZN8SlaveSPI11getInstanceE10slaveSPI_t
                0x000000000000308c                _ZN8SlaveSPI6setISREb
                0x00000000000030a0                _ZN8SlaveSPI4sendEh
                0x00000000000030aa                _ZN8SlaveSPI4sendEPhj
                0x00000000000030ec                _ZN8SlaveSPI7receiveEv
                0x00000000000030f6                _ZN8SlaveSPI7receiveEPhj
                0x0000000000003140                _ZN8SlaveSPI13busIsWritableEv
                0x000000000000317e                _ZN8SlaveSPI16registerCallbackEPFvhE
                0x0000000000003192                _ZN8SlaveSPI8callbackEh
                0x00000000000031a6                _ZN8SlaveSPI10insertDataEh
                0x00000000000031fe                _ZN8SlaveSPI8readDataEv
                0x0000000000003250                _ZN8SlaveSPI16bufferIsReadableEv
                0x0000000000003270                __vector_24
 .text          0x0000000000003318       0xb0 build/timer.o
                0x0000000000003318                _ZN5Timer4initEv
                0x0000000000003330                _ZN5Timer5startEv
                0x0000000000003354                _ZN5Timer4stopEv
                0x000000000000335c                _ZN5Timer3nowEv
                0x000000000000336e                __vector_23
 .text          0x00000000000033c8        0x0 /usr/lib/gcc/avr/5.4.0/avr6/libgcc.a(_udivmodhi4.o)
 .text          0x00000000000033c8        0x0 /usr/lib/gcc/avr/5.4.0/avr6/libgcc.a(_udivmodsi4.o)
 .text          0x00000000000033c8        0x0 /usr/lib/gcc/avr/5.4.0/avr6/libgcc.a(_exit.o)
 .text          0x00000000000033c8        0x0 /usr/lib/gcc/avr/5.4.0/avr6/libgcc.a(_copy_data.o)
 .text          0x00000000000033c8        0x0 /usr/lib/gcc/avr/5.4.0/avr6/libgcc.a(_clear_bss.o)
 .text          0x00000000000033c8        0x0 /usr/lib/gcc/avr/5.4.0/avr6/libgcc.a(_ctors.o)
 .text          0x00000000000033c8        0x0 /usr/lib/gcc/avr/5.4.0/avr6/libgcc.a(_tablejump2.o)
 .text          0x00000000000033c8        0x0 /usr/lib/gcc/avr/5.4.0/../../../avr/lib/avr6/libm.a(addsf3.o)
 .text          0x00000000000033c8        0x0 /usr/lib/gcc/avr/5.4.0/../../../avr/lib/avr6/libm.a(addsf3x.o)
 .text          0x00000000000033c8        0x0 /usr/lib/gcc/avr/5.4.0/../../../avr/lib/avr6/libm.a(atan2.o)
 .text          0x00000000000033c8        0x0 /usr/lib/gcc/avr/5.4.0/../../../avr/lib/avr6/libm.a(atan.o)
 .text          0x00000000000033c8        0x0 /usr/lib/gcc/avr/5.4.0/../../../avr/lib/avr6/libm.a(divsf3.o)
 .text          0x00000000000033c8        0x0 /usr/lib/gcc/avr/5.4.0/../../../avr/lib/avr6/libm.a(divsf3x.o)
 .text          0x00000000000033c8        0x0 /usr/lib/gcc/avr/5.4.0/../../../avr/lib/avr6/libm.a(fixunssfsi.o)
 .text          0x00000000000033c8        0x0 /usr/lib/gcc/avr/5.4.0/../../../avr/lib/avr6/libm.a(floatsisf.o)
 .text          0x00000000000033c8        0x0 /usr/lib/gcc/avr/5.4.0/../../../avr/lib/avr6/libm.a(fp_inf.o)
 .text          0x00000000000033c8        0x0 /usr/lib/gcc/avr/5.4.0/../../../avr/lib/avr6/libm.a(fp_nan.o)
 .text          0x00000000000033c8        0x0 /usr/lib/gcc/avr/5.4.0/../../../avr/lib/avr6/libm.a(fp_powser.o)
 .text          0x00000000000033c8        0x0 /usr/lib/gcc/avr/5.4.0/../../../avr/lib/avr6/libm.a(fp_pscA.o)
 .text          0x00000000000033c8        0x0 /usr/lib/gcc/avr/5.4.0/../../../avr/lib/avr6/libm.a(fp_pscB.o)
 .text          0x00000000000033c8        0x0 /usr/lib/gcc/avr/5.4.0/../../../avr/lib/avr6/libm.a(fp_round.o)
 .text          0x00000000000033c8        0x0 /usr/lib/gcc/avr/5.4.0/../../../avr/lib/avr6/libm.a(fp_split3.o)
 .text          0x00000000000033c8        0x0 /usr/lib/gcc/avr/5.4.0/../../../avr/lib/avr6/libm.a(fp_zero.o)
 .text          0x00000000000033c8        0x0 /usr/lib/gcc/avr/5.4.0/../../../avr/lib/avr6/libm.a(inverse.o)
 .text          0x00000000000033c8        0x0 /usr/lib/gcc/avr/5.4.0/../../../avr/lib/avr6/libm.a(mulsf3.o)
 .text          0x00000000000033c8        0x0 /usr/lib/gcc/avr/5.4.0/../../../avr/lib/avr6/libm.a(mulsf3x.o)
 .text          0x00000000000033c8        0x0 /usr/lib/gcc/avr/5.4.0/../../../avr/lib/avr6/libm.a(square.o)
 .text          0x00000000000033c8        0x0 /usr/lib/gcc/avr/5.4.0/../../../avr/lib/avr6/libc.a(malloc.o)
 .text          0x00000000000033c8        0x0 /usr/lib/gcc/avr/5.4.0/../../../avr/lib/avr6/libc.a(realloc.o)
 .text          0x00000000000033c8        0x0 /usr/lib/gcc/avr/5.4.0/../../../avr/lib/avr6/libc.a(ftoa_engine.o)
 .text          0x00000000000033c8        0x0 /usr/lib/gcc/avr/5.4.0/../../../avr/lib/avr6/libc.a(isspace.o)
 .text          0x00000000000033c8        0x0 /usr/lib/gcc/avr/5.4.0/../../../avr/lib/avr6/libc.a(tolower.o)
 .text          0x00000000000033c8        0x0 /usr/lib/gcc/avr/5.4.0/../../../avr/lib/avr6/libc.a(strchr_P.o)
 .text          0x00000000000033c8        0x0 /usr/lib/gcc/avr/5.4.0/../../../avr/lib/avr6/libc.a(strnlen_P.o)
 .text          0x00000000000033c8        0x0 /usr/lib/gcc/avr/5.4.0/../../../avr/lib/avr6/libc.a(memcpy.o)
 .text          0x00000000000033c8        0x0 /usr/lib/gcc/avr/5.4.0/../../../avr/lib/avr6/libc.a(memset.o)
 .text          0x00000000000033c8        0x0 /usr/lib/gcc/avr/5.4.0/../../../avr/lib/avr6/libc.a(strnlen.o)
 .text          0x00000000000033c8        0x0 /usr/lib/gcc/avr/5.4.0/../../../avr/lib/avr6/libc.a(fgetc.o)
 .text          0x00000000000033c8        0x0 /usr/lib/gcc/avr/5.4.0/../../../avr/lib/avr6/libc.a(fputc.o)
 .text          0x00000000000033c8        0x0 /usr/lib/gcc/avr/5.4.0/../../../avr/lib/avr6/libc.a(vsprintf.o)
 .text          0x00000000000033c8        0x0 /usr/lib/gcc/avr/5.4.0/../../../avr/lib/avr6/libc.a(ungetc.o)
 .text          0x00000000000033c8        0x0 /usr/lib/gcc/avr/5.4.0/../../../avr/lib/avr6/libc.a(ultoa_invert.o)
 .text          0x00000000000033c8        0x0 /usr/lib/gcc/avr/5.4.0/../../../avr/lib/avr6/libc.a(cty_isfalse.o)
                0x00000000000033c8                . = ALIGN (0x2)
 *(.text.*)
 .text.avr-libc
                0x00000000000033c8      0x8a6 /usr/lib/gcc/avr/5.4.0/../../../avr/lib/avr6/libscanf_flt.a(vfscanf_flt.o)
                0x00000000000039e6                vfscanf
 .text.avr-libc
                0x0000000000003c6e      0x74c /usr/lib/gcc/avr/5.4.0/../../../avr/lib/avr6/libprintf_flt.a(vfprintf_flt.o)
                0x0000000000003c6e                vfprintf
 .text._ZN3PinC2Ev
                0x00000000000043ba       0x38 build/dht11.o
                0x00000000000043ba                _ZN3PinC1Ev
                0x00000000000043ba                _ZN3PinC2Ev
 .text.startup  0x00000000000043f2      0x1e4 build/interrupt.o
 .text.startup  0x00000000000045d6       0x90 build/main.o
                0x00000000000045d6                main
 .text.startup  0x0000000000004666       0x12 build/timer.o
 .text.libgcc.mul
                0x0000000000004678        0x0 /usr/lib/gcc/avr/5.4.0/avr6/libgcc.a(_udivmodhi4.o)
 .text.libgcc.div
                0x0000000000004678       0x28 /usr/lib/gcc/avr/5.4.0/avr6/libgcc.a(_udivmodhi4.o)
                0x0000000000004678                __udivmodhi4
 .text.libgcc   0x00000000000046a0        0x0 /usr/lib/gcc/avr/5.4.0/avr6/libgcc.a(_udivmodhi4.o)
 .text.libgcc.prologue
                0x00000000000046a0        0x0 /usr/lib/gcc/avr/5.4.0/avr6/libgcc.a(_udivmodhi4.o)
 .text.libgcc.builtins
                0x00000000000046a0        0x0 /usr/lib/gcc/avr/5.4.0/avr6/libgcc.a(_udivmodhi4.o)
 .text.libgcc.fmul
                0x00000000000046a0        0x0 /usr/lib/gcc/avr/5.4.0/avr6/libgcc.a(_udivmodhi4.o)
 .text.libgcc.fixed
                0x00000000000046a0        0x0 /usr/lib/gcc/avr/5.4.0/avr6/libgcc.a(_udivmodhi4.o)
 .text.libgcc.mul
                0x00000000000046a0        0x0 /usr/lib/gcc/avr/5.4.0/avr6/libgcc.a(_udivmodsi4.o)
 .text.libgcc.div
                0x00000000000046a0       0x44 /usr/lib/gcc/avr/5.4.0/avr6/libgcc.a(_udivmodsi4.o)
                0x00000000000046a0                __udivmodsi4
 .text.libgcc   0x00000000000046e4        0x0 /usr/lib/gcc/avr/5.4.0/avr6/libgcc.a(_udivmodsi4.o)
 .text.libgcc.prologue
                0x00000000000046e4        0x0 /usr/lib/gcc/avr/5.4.0/avr6/libgcc.a(_udivmodsi4.o)
 .text.libgcc.builtins
                0x00000000000046e4        0x0 /usr/lib/gcc/avr/5.4.0/avr6/libgcc.a(_udivmodsi4.o)
 .text.libgcc.fmul
                0x00000000000046e4        0x0 /usr/lib/gcc/avr/5.4.0/avr6/libgcc.a(_udivmodsi4.o)
 .text.libgcc.fixed
                0x00000000000046e4        0x0 /usr/lib/gcc/avr/5.4.0/avr6/libgcc.a(_udivmodsi4.o)
 .text.libgcc.mul
                0x00000000000046e4        0x0 /usr/lib/gcc/avr/5.4.0/avr6/libgcc.a(_exit.o)
 .text.libgcc.div
                0x00000000000046e4        0x0 /usr/lib/gcc/avr/5.4.0/avr6/libgcc.a(_exit.o)
 .text.libgcc   0x00000000000046e4        0x0 /usr/lib/gcc/avr/5.4.0/avr6/libgcc.a(_exit.o)
 .text.libgcc.prologue
                0x00000000000046e4        0x0 /usr/lib/gcc/avr/5.4.0/avr6/libgcc.a(_exit.o)
 .text.libgcc.builtins
                0x00000000000046e4        0x0 /usr/lib/gcc/avr/5.4.0/avr6/libgcc.a(_exit.o)
 .text.libgcc.fmul
                0x00000000000046e4        0x0 /usr/lib/gcc/avr/5.4.0/avr6/libgcc.a(_exit.o)
 .text.libgcc.fixed
                0x00000000000046e4        0x0 /usr/lib/gcc/avr/5.4.0/avr6/libgcc.a(_exit.o)
 .text.libgcc.mul
                0x00000000000046e4        0x0 /usr/lib/gcc/avr/5.4.0/avr6/libgcc.a(_copy_data.o)
 .text.libgcc.div
                0x00000000000046e4        0x0 /usr/lib/gcc/avr/5.4.0/avr6/libgcc.a(_copy_data.o)
 .text.libgcc   0x00000000000046e4        0x0 /usr/lib/gcc/avr/5.4.0/avr6/libgcc.a(_copy_data.o)
 .text.libgcc.prologue
                0x00000000000046e4        0x0 /usr/lib/gcc/avr/5.4.0/avr6/libgcc.a(_copy_data.o)
 .text.libgcc.builtins
                0x00000000000046e4        0x0 /usr/lib/gcc/avr/5.4.0/avr6/libgcc.a(_copy_data.o)
 .text.libgcc.fmul
                0x00000000000046e4        0x0 /usr/lib/gcc/avr/5.4.0/avr6/libgcc.a(_copy_data.o)
 .text.libgcc.fixed
                0x00000000000046e4        0x0 /usr/lib/gcc/avr/5.4.0/avr6/libgcc.a(_copy_data.o)
 .text.libgcc.mul
                0x00000000000046e4        0x0 /usr/lib/gcc/avr/5.4.0/avr6/libgcc.a(_clear_bss.o)
 .text.libgcc.div
                0x00000000000046e4        0x0 /usr/lib/gcc/avr/5.4.0/avr6/libgcc.a(_clear_bss.o)
 .text.libgcc   0x00000000000046e4        0x0 /usr/lib/gcc/avr/5.4.0/avr6/libgcc.a(_clear_bss.o)
 .text.libgcc.prologue
                0x00000000000046e4        0x0 /usr/lib/gcc/avr/5.4.0/avr6/libgcc.a(_clear_bss.o)
 .text.libgcc.builtins
                0x00000000000046e4        0x0 /usr/lib/gcc/avr/5.4.0/avr6/libgcc.a(_clear_bss.o)
 .text.libgcc.fmul
                0x00000000000046e4        0x0 /usr/lib/gcc/avr/5.4.0/avr6/libgcc.a(_clear_bss.o)
 .text.libgcc.fixed
                0x00000000000046e4        0x0 /usr/lib/gcc/avr/5.4.0/avr6/libgcc.a(_clear_bss.o)
 .text.libgcc.mul
                0x00000000000046e4        0x0 /usr/lib/gcc/avr/5.4.0/avr6/libgcc.a(_ctors.o)
 .text.libgcc.div
                0x00000000000046e4        0x0 /usr/lib/gcc/avr/5.4.0/avr6/libgcc.a(_ctors.o)
 .text.libgcc   0x00000000000046e4        0x0 /usr/lib/gcc/avr/5.4.0/avr6/libgcc.a(_ctors.o)
 .text.libgcc.prologue
                0x00000000000046e4        0x0 /usr/lib/gcc/avr/5.4.0/avr6/libgcc.a(_ctors.o)
 .text.libgcc.builtins
                0x00000000000046e4        0x0 /usr/lib/gcc/avr/5.4.0/avr6/libgcc.a(_ctors.o)
 .text.libgcc.fmul
                0x00000000000046e4        0x0 /usr/lib/gcc/avr/5.4.0/avr6/libgcc.a(_ctors.o)
 .text.libgcc.fixed
                0x00000000000046e4        0x0 /usr/lib/gcc/avr/5.4.0/avr6/libgcc.a(_ctors.o)
 .text.libgcc.mul
                0x00000000000046e4        0x0 /usr/lib/gcc/avr/5.4.0/avr6/libgcc.a(_tablejump2.o)
 .text.libgcc.div
                0x00000000000046e4        0x0 /usr/lib/gcc/avr/5.4.0/avr6/libgcc.a(_tablejump2.o)
 .text.libgcc   0x00000000000046e4       0x10 /usr/lib/gcc/avr/5.4.0/avr6/libgcc.a(_tablejump2.o)
                0x00000000000046e4                __tablejump2__
 .text.libgcc.prologue
                0x00000000000046f4        0x0 /usr/lib/gcc/avr/5.4.0/avr6/libgcc.a(_tablejump2.o)
 .text.libgcc.builtins
                0x00000000000046f4        0x0 /usr/lib/gcc/avr/5.4.0/avr6/libgcc.a(_tablejump2.o)
 .text.libgcc.fmul
                0x00000000000046f4        0x0 /usr/lib/gcc/avr/5.4.0/avr6/libgcc.a(_tablejump2.o)
 .text.libgcc.fixed
                0x00000000000046f4        0x0 /usr/lib/gcc/avr/5.4.0/avr6/libgcc.a(_tablejump2.o)
 .text.avr-libc.fplib
                0x00000000000046f4        0xe /usr/lib/gcc/avr/5.4.0/../../../avr/lib/avr6/libm.a(addsf3.o)
                0x00000000000046f4                __subsf3
                0x00000000000046f6                __addsf3
 .text.avr-libc.fplib
                0x0000000000004702       0xcc /usr/lib/gcc/avr/5.4.0/../../../avr/lib/avr6/libm.a(addsf3x.o)
                0x0000000000004724                __addsf3x
 .text.avr-libc.fplib
                0x00000000000047ce       0x86 /usr/lib/gcc/avr/5.4.0/../../../avr/lib/avr6/libm.a(atan2.o)
                0x00000000000047f4                atan2
 .text.avr-libc.fplib
                0x0000000000004854       0x5e /usr/lib/gcc/avr/5.4.0/../../../avr/lib/avr6/libm.a(atan.o)
                0x0000000000004854                atan
 .text.avr-libc.fplib
                0x00000000000048b2        0x8 /usr/lib/gcc/avr/5.4.0/../../../avr/lib/avr6/libm.a(divsf3.o)
                0x00000000000048b2                __divsf3
 .text.avr-libc.fplib
                0x00000000000048ba       0xdc /usr/lib/gcc/avr/5.4.0/../../../avr/lib/avr6/libm.a(divsf3x.o)
                0x00000000000048da                __divsf3x
                0x00000000000048e0                __divsf3_pse
 .text.avr-libc.fplib
                0x0000000000004996       0x5e /usr/lib/gcc/avr/5.4.0/../../../avr/lib/avr6/libm.a(fixunssfsi.o)
                0x0000000000004996                __fixunssfsi
 .text.avr-libc.fplib
                0x00000000000049f4       0x7a /usr/lib/gcc/avr/5.4.0/../../../avr/lib/avr6/libm.a(floatsisf.o)
                0x00000000000049f4                __floatunsisf
                0x00000000000049f8                __floatsisf
 .text.avr-libc.fplib
                0x0000000000004a6e        0xc /usr/lib/gcc/avr/5.4.0/../../../avr/lib/avr6/libm.a(fp_inf.o)
                0x0000000000004a6e                __fp_inf
 .text.avr-libc.fplib
                0x0000000000004a7a        0x6 /usr/lib/gcc/avr/5.4.0/../../../avr/lib/avr6/libm.a(fp_nan.o)
                0x0000000000004a7a                __fp_nan
 .text.avr-libc.fplib
                0x0000000000004a80       0x4e /usr/lib/gcc/avr/5.4.0/../../../avr/lib/avr6/libm.a(fp_powser.o)
                0x0000000000004a80                __fp_powser
 .text.avr-libc.fplib
                0x0000000000004ace        0xe /usr/lib/gcc/avr/5.4.0/../../../avr/lib/avr6/libm.a(fp_pscA.o)
                0x0000000000004ace                __fp_pscA
 .text.avr-libc.fplib
                0x0000000000004adc        0xe /usr/lib/gcc/avr/5.4.0/../../../avr/lib/avr6/libm.a(fp_pscB.o)
                0x0000000000004adc                __fp_pscB
 .text.avr-libc.fplib
                0x0000000000004aea       0x22 /usr/lib/gcc/avr/5.4.0/../../../avr/lib/avr6/libm.a(fp_round.o)
                0x0000000000004aea                __fp_round
 .text.avr-libc.fplib
                0x0000000000004b0c       0x44 /usr/lib/gcc/avr/5.4.0/../../../avr/lib/avr6/libm.a(fp_split3.o)
                0x0000000000004b0c                __fp_split3
                0x0000000000004b1c                __fp_splitA
 .text.avr-libc.fplib
                0x0000000000004b50        0xe /usr/lib/gcc/avr/5.4.0/../../../avr/lib/avr6/libm.a(fp_zero.o)
                0x0000000000004b50                __fp_zero
                0x0000000000004b52                __fp_szero
 .text.avr-libc.fplib
                0x0000000000004b5e       0x10 /usr/lib/gcc/avr/5.4.0/../../../avr/lib/avr6/libm.a(inverse.o)
                0x0000000000004b5e                inverse
 .text.avr-libc.fplib
                0x0000000000004b6e        0x8 /usr/lib/gcc/avr/5.4.0/../../../avr/lib/avr6/libm.a(mulsf3.o)
                0x0000000000004b6e                __mulsf3
 .text.avr-libc.fplib
                0x0000000000004b76       0xd2 /usr/lib/gcc/avr/5.4.0/../../../avr/lib/avr6/libm.a(mulsf3x.o)
                0x0000000000004b94                __mulsf3x
                0x0000000000004b9a                __mulsf3_pse
 .text.avr-libc.fplib
                0x0000000000004c48        0x8 /usr/lib/gcc/avr/5.4.0/../../../avr/lib/avr6/libm.a(square.o)
                0x0000000000004c48                square
 .text.avr-libc
                0x0000000000004c50      0x242 /usr/lib/gcc/avr/5.4.0/../../../avr/lib/avr6/libc.a(malloc.o)
                0x0000000000004c50                malloc
                0x0000000000004d80                free
 .text.avr-libc
                0x0000000000004e92      0x1ca /usr/lib/gcc/avr/5.4.0/../../../avr/lib/avr6/libc.a(realloc.o)
                0x0000000000004e92                realloc
 .text.avr-libc
                0x000000000000505c      0x1b0 /usr/lib/gcc/avr/5.4.0/../../../avr/lib/avr6/libc.a(ftoa_engine.o)
                0x000000000000505c                __ftoa_engine
 .text.avr-libc
                0x000000000000520c       0x12 /usr/lib/gcc/avr/5.4.0/../../../avr/lib/avr6/libc.a(isspace.o)
                0x000000000000520c                isspace
 .text.avr-libc
                0x000000000000521e       0x10 /usr/lib/gcc/avr/5.4.0/../../../avr/lib/avr6/libc.a(tolower.o)
                0x000000000000521e                tolower
 .text.avr-libc
                0x000000000000522e       0x16 /usr/lib/gcc/avr/5.4.0/../../../avr/lib/avr6/libc.a(strchr_P.o)
                0x000000000000522e                strchr_P
 .text.avr-libc
                0x0000000000005244       0x16 /usr/lib/gcc/avr/5.4.0/../../../avr/lib/avr6/libc.a(strnlen_P.o)
                0x0000000000005244                strnlen_P
 .text.avr-libc
                0x000000000000525a       0x12 /usr/lib/gcc/avr/5.4.0/../../../avr/lib/avr6/libc.a(memcpy.o)
                0x000000000000525a                memcpy
 .text.avr-libc
                0x000000000000526c        0xe /usr/lib/gcc/avr/5.4.0/../../../avr/lib/avr6/libc.a(memset.o)
                0x000000000000526c                memset
 .text.avr-libc
                0x000000000000527a       0x16 /usr/lib/gcc/avr/5.4.0/../../../avr/lib/avr6/libc.a(strnlen.o)
                0x000000000000527a                strnlen
 .text.avr-libc
                0x0000000000005290       0x7c /usr/lib/gcc/avr/5.4.0/../../../avr/lib/avr6/libc.a(fgetc.o)
                0x0000000000005290                fgetc
 .text.avr-libc
                0x000000000000530c       0x78 /usr/lib/gcc/avr/5.4.0/../../../avr/lib/avr6/libc.a(fputc.o)
                0x000000000000530c                fputc
 .text.avr-libc
                0x0000000000005384       0x52 /usr/lib/gcc/avr/5.4.0/../../../avr/lib/avr6/libc.a(vsprintf.o)
                0x0000000000005384                vsprintf
 .text.avr-libc
                0x00000000000053d6       0x32 /usr/lib/gcc/avr/5.4.0/../../../avr/lib/avr6/libc.a(ungetc.o)
                0x00000000000053d6                ungetc
 .text.avr-libc
                0x0000000000005408       0xbc /usr/lib/gcc/avr/5.4.0/../../../avr/lib/avr6/libc.a(ultoa_invert.o)
                0x0000000000005408                __ultoa_invert
 .text.avr-libc
                0x00000000000054c4        0x6 /usr/lib/gcc/avr/5.4.0/../../../avr/lib/avr6/libc.a(cty_isfalse.o)
                0x00000000000054c4                __ctype_isfalse
                0x00000000000054c8                __ctype_istrue
                0x00000000000054ca                . = ALIGN (0x2)
 *(.fini9)
 .fini9         0x00000000000054ca        0x0 /usr/lib/gcc/avr/5.4.0/avr6/libgcc.a(_exit.o)
                0x00000000000054ca                exit
                0x00000000000054ca                _exit
 *(.fini9)
 *(.fini8)
 *(.fini8)
 *(.fini7)
 *(.fini7)
 *(.fini6)
 *(.fini6)
 *(.fini5)
 *(.fini5)
 *(.fini4)
 *(.fini4)
 *(.fini3)
 *(.fini3)
 *(.fini2)
 *(.fini2)
 *(.fini1)
 *(.fini1)
 *(.fini0)
 .fini0         0x00000000000054ca        0x4 /usr/lib/gcc/avr/5.4.0/avr6/libgcc.a(_exit.o)
 *(.fini0)
                0x00000000000054ce                _etext = .

.data           0x0000000000800200      0x13c load address 0x00000000000054ce
                0x0000000000800200                PROVIDE (__data_start, .)
 *(.data)
 .data          0x0000000000800200        0x0 /usr/lib/gcc/avr/5.4.0/../../../avr/lib/avr6/crtatmega2560.o
 .data          0x0000000000800200        0x0 /usr/lib/gcc/avr/5.4.0/../../../avr/lib/avr6/libscanf_flt.a(vfscanf_flt.o)
 .data          0x0000000000800200        0x0 /usr/lib/gcc/avr/5.4.0/../../../avr/lib/avr6/libprintf_flt.a(vfprintf_flt.o)
 .data          0x0000000000800200        0x0 build/cppfix.o
 .data          0x0000000000800200        0x0 build/dht11.o
 .data          0x0000000000800200        0x0 build/hmc5883.o
 .data          0x0000000000800200        0x0 build/i2cmaster.o
 .data          0x0000000000800200        0x0 build/i2cslave.o
 .data          0x0000000000800200       0xd5 build/interrupt.o
                0x0000000000800200                int_vect
                0x0000000000800242                pcint_vect
 .data          0x00000000008002d5        0x0 build/main.o
 .data          0x00000000008002d5        0x0 build/mpu6050.o
 .data          0x00000000008002d5        0x0 build/portmanager.o
 .data          0x00000000008002d5        0x0 build/serial.o
 .data          0x00000000008002d5        0x0 build/spimaster.o
 .data          0x00000000008002d5        0x0 build/spislave.o
 .data          0x00000000008002d5        0x0 build/timer.o
 .data          0x00000000008002d5        0x0 /usr/lib/gcc/avr/5.4.0/avr6/libgcc.a(_udivmodhi4.o)
 .data          0x00000000008002d5        0x0 /usr/lib/gcc/avr/5.4.0/avr6/libgcc.a(_udivmodsi4.o)
 .data          0x00000000008002d5        0x0 /usr/lib/gcc/avr/5.4.0/avr6/libgcc.a(_exit.o)
 .data          0x00000000008002d5        0x0 /usr/lib/gcc/avr/5.4.0/avr6/libgcc.a(_copy_data.o)
 .data          0x00000000008002d5        0x0 /usr/lib/gcc/avr/5.4.0/avr6/libgcc.a(_clear_bss.o)
 .data          0x00000000008002d5        0x0 /usr/lib/gcc/avr/5.4.0/avr6/libgcc.a(_ctors.o)
 .data          0x00000000008002d5        0x0 /usr/lib/gcc/avr/5.4.0/avr6/libgcc.a(_tablejump2.o)
 .data          0x00000000008002d5        0x0 /usr/lib/gcc/avr/5.4.0/../../../avr/lib/avr6/libm.a(addsf3.o)
 .data          0x00000000008002d5        0x0 /usr/lib/gcc/avr/5.4.0/../../../avr/lib/avr6/libm.a(addsf3x.o)
 .data          0x00000000008002d5        0x0 /usr/lib/gcc/avr/5.4.0/../../../avr/lib/avr6/libm.a(atan2.o)
 .data          0x00000000008002d5        0x0 /usr/lib/gcc/avr/5.4.0/../../../avr/lib/avr6/libm.a(atan.o)
 .data          0x00000000008002d5        0x0 /usr/lib/gcc/avr/5.4.0/../../../avr/lib/avr6/libm.a(divsf3.o)
 .data          0x00000000008002d5        0x0 /usr/lib/gcc/avr/5.4.0/../../../avr/lib/avr6/libm.a(divsf3x.o)
 .data          0x00000000008002d5        0x0 /usr/lib/gcc/avr/5.4.0/../../../avr/lib/avr6/libm.a(fixunssfsi.o)
 .data          0x00000000008002d5        0x0 /usr/lib/gcc/avr/5.4.0/../../../avr/lib/avr6/libm.a(floatsisf.o)
 .data          0x00000000008002d5        0x0 /usr/lib/gcc/avr/5.4.0/../../../avr/lib/avr6/libm.a(fp_inf.o)
 .data          0x00000000008002d5        0x0 /usr/lib/gcc/avr/5.4.0/../../../avr/lib/avr6/libm.a(fp_nan.o)
 .data          0x00000000008002d5        0x0 /usr/lib/gcc/avr/5.4.0/../../../avr/lib/avr6/libm.a(fp_powser.o)
 .data          0x00000000008002d5        0x0 /usr/lib/gcc/avr/5.4.0/../../../avr/lib/avr6/libm.a(fp_pscA.o)
 .data          0x00000000008002d5        0x0 /usr/lib/gcc/avr/5.4.0/../../../avr/lib/avr6/libm.a(fp_pscB.o)
 .data          0x00000000008002d5        0x0 /usr/lib/gcc/avr/5.4.0/../../../avr/lib/avr6/libm.a(fp_round.o)
 .data          0x00000000008002d5        0x0 /usr/lib/gcc/avr/5.4.0/../../../avr/lib/avr6/libm.a(fp_split3.o)
 .data          0x00000000008002d5        0x0 /usr/lib/gcc/avr/5.4.0/../../../avr/lib/avr6/libm.a(fp_zero.o)
 .data          0x00000000008002d5        0x0 /usr/lib/gcc/avr/5.4.0/../../../avr/lib/avr6/libm.a(inverse.o)
 .data          0x00000000008002d5        0x0 /usr/lib/gcc/avr/5.4.0/../../../avr/lib/avr6/libm.a(mulsf3.o)
 .data          0x00000000008002d5        0x0 /usr/lib/gcc/avr/5.4.0/../../../avr/lib/avr6/libm.a(mulsf3x.o)
 .data          0x00000000008002d5        0x0 /usr/lib/gcc/avr/5.4.0/../../../avr/lib/avr6/libm.a(square.o)
 .data          0x00000000008002d5        0x6 /usr/lib/gcc/avr/5.4.0/../../../avr/lib/avr6/libc.a(malloc.o)
                0x00000000008002d5                __malloc_heap_end
                0x00000000008002d7                __malloc_heap_start
                0x00000000008002d9                __malloc_margin
 .data          0x00000000008002db        0x0 /usr/lib/gcc/avr/5.4.0/../../../avr/lib/avr6/libc.a(realloc.o)
 .data          0x00000000008002db        0x0 /usr/lib/gcc/avr/5.4.0/../../../avr/lib/avr6/libc.a(ftoa_engine.o)
 .data          0x00000000008002db        0x0 /usr/lib/gcc/avr/5.4.0/../../../avr/lib/avr6/libc.a(isspace.o)
 .data          0x00000000008002db        0x0 /usr/lib/gcc/avr/5.4.0/../../../avr/lib/avr6/libc.a(tolower.o)
 .data          0x00000000008002db        0x0 /usr/lib/gcc/avr/5.4.0/../../../avr/lib/avr6/libc.a(strchr_P.o)
 .data          0x00000000008002db        0x0 /usr/lib/gcc/avr/5.4.0/../../../avr/lib/avr6/libc.a(strnlen_P.o)
 .data          0x00000000008002db        0x0 /usr/lib/gcc/avr/5.4.0/../../../avr/lib/avr6/libc.a(memcpy.o)
 .data          0x00000000008002db        0x0 /usr/lib/gcc/avr/5.4.0/../../../avr/lib/avr6/libc.a(memset.o)
 .data          0x00000000008002db        0x0 /usr/lib/gcc/avr/5.4.0/../../../avr/lib/avr6/libc.a(strnlen.o)
 .data          0x00000000008002db        0x0 /usr/lib/gcc/avr/5.4.0/../../../avr/lib/avr6/libc.a(fgetc.o)
 .data          0x00000000008002db        0x0 /usr/lib/gcc/avr/5.4.0/../../../avr/lib/avr6/libc.a(fputc.o)
 .data          0x00000000008002db        0x0 /usr/lib/gcc/avr/5.4.0/../../../avr/lib/avr6/libc.a(vsprintf.o)
 .data          0x00000000008002db        0x0 /usr/lib/gcc/avr/5.4.0/../../../avr/lib/avr6/libc.a(ungetc.o)
 .data          0x00000000008002db        0x0 /usr/lib/gcc/avr/5.4.0/../../../avr/lib/avr6/libc.a(ultoa_invert.o)
 .data          0x00000000008002db        0x0 /usr/lib/gcc/avr/5.4.0/../../../avr/lib/avr6/libc.a(cty_isfalse.o)
 *(.data*)
 *(.rodata)
 .rodata        0x00000000008002db       0x2c build/portmanager.o
 *(.rodata*)
 .rodata.str1.1
                0x0000000000800307       0x2a build/dht11.o
                                         0x2f (size before relaxing)
 .rodata.str1.1
                0x0000000000800331        0xb build/serial.o
 *(.gnu.linkonce.d*)
                0x000000000080033c                . = ALIGN (0x2)
                0x000000000080033c                _edata = .
                0x000000000080033c                PROVIDE (__data_end, .)

.bss            0x000000000080033c       0xe9
                0x000000000080033c                PROVIDE (__bss_start, .)
 *(.bss)
 .bss           0x000000000080033c        0x0 /usr/lib/gcc/avr/5.4.0/../../../avr/lib/avr6/crtatmega2560.o
 .bss           0x000000000080033c        0x0 /usr/lib/gcc/avr/5.4.0/../../../avr/lib/avr6/libscanf_flt.a(vfscanf_flt.o)
 .bss           0x000000000080033c        0x0 /usr/lib/gcc/avr/5.4.0/../../../avr/lib/avr6/libprintf_flt.a(vfprintf_flt.o)
 .bss           0x000000000080033c        0x0 build/cppfix.o
 .bss           0x000000000080033c        0x0 build/dht11.o
 .bss           0x000000000080033c        0x0 build/hmc5883.o
 .bss           0x000000000080033c        0x0 build/i2cmaster.o
 .bss           0x000000000080033c        0x4 build/i2cslave.o
 .bss           0x0000000000800340       0xd2 build/interrupt.o
                0x0000000000800340                port_k_history
                0x0000000000800341                port_j_history
                0x0000000000800342                port_b_history
                0x0000000000800343                vectJ
                0x0000000000800351                vectK
                0x0000000000800389                vectB
                0x00000000008003c1                _ZN9Interrupt17interruptCallbackE
 .bss           0x0000000000800412        0x0 build/main.o
 .bss           0x0000000000800412        0x0 build/mpu6050.o
 .bss           0x0000000000800412        0x0 build/portmanager.o
 .bss           0x0000000000800412        0x0 build/serial.o
 .bss           0x0000000000800412        0x0 build/spimaster.o
 .bss           0x0000000000800412        0x2 build/spislave.o
 .bss           0x0000000000800414        0x5 build/timer.o
                0x0000000000800414                _ZN5Timer7_isInitE
                0x0000000000800415                _ZN5Timer5_timeE
 .bss           0x0000000000800419        0x0 /usr/lib/gcc/avr/5.4.0/avr6/libgcc.a(_udivmodhi4.o)
 .bss           0x0000000000800419        0x0 /usr/lib/gcc/avr/5.4.0/avr6/libgcc.a(_udivmodsi4.o)
 .bss           0x0000000000800419        0x0 /usr/lib/gcc/avr/5.4.0/avr6/libgcc.a(_exit.o)
 .bss           0x0000000000800419        0x0 /usr/lib/gcc/avr/5.4.0/avr6/libgcc.a(_copy_data.o)
 .bss           0x0000000000800419        0x0 /usr/lib/gcc/avr/5.4.0/avr6/libgcc.a(_clear_bss.o)
 .bss           0x0000000000800419        0x0 /usr/lib/gcc/avr/5.4.0/avr6/libgcc.a(_ctors.o)
 .bss           0x0000000000800419        0x0 /usr/lib/gcc/avr/5.4.0/avr6/libgcc.a(_tablejump2.o)
 .bss           0x0000000000800419        0x0 /usr/lib/gcc/avr/5.4.0/../../../avr/lib/avr6/libm.a(addsf3.o)
 .bss           0x0000000000800419        0x0 /usr/lib/gcc/avr/5.4.0/../../../avr/lib/avr6/libm.a(addsf3x.o)
 .bss           0x0000000000800419        0x0 /usr/lib/gcc/avr/5.4.0/../../../avr/lib/avr6/libm.a(atan2.o)
 .bss           0x0000000000800419        0x0 /usr/lib/gcc/avr/5.4.0/../../../avr/lib/avr6/libm.a(atan.o)
 .bss           0x0000000000800419        0x0 /usr/lib/gcc/avr/5.4.0/../../../avr/lib/avr6/libm.a(divsf3.o)
 .bss           0x0000000000800419        0x0 /usr/lib/gcc/avr/5.4.0/../../../avr/lib/avr6/libm.a(divsf3x.o)
 .bss           0x0000000000800419        0x0 /usr/lib/gcc/avr/5.4.0/../../../avr/lib/avr6/libm.a(fixunssfsi.o)
 .bss           0x0000000000800419        0x0 /usr/lib/gcc/avr/5.4.0/../../../avr/lib/avr6/libm.a(floatsisf.o)
 .bss           0x0000000000800419        0x0 /usr/lib/gcc/avr/5.4.0/../../../avr/lib/avr6/libm.a(fp_inf.o)
 .bss           0x0000000000800419        0x0 /usr/lib/gcc/avr/5.4.0/../../../avr/lib/avr6/libm.a(fp_nan.o)
 .bss           0x0000000000800419        0x0 /usr/lib/gcc/avr/5.4.0/../../../avr/lib/avr6/libm.a(fp_powser.o)
 .bss           0x0000000000800419        0x0 /usr/lib/gcc/avr/5.4.0/../../../avr/lib/avr6/libm.a(fp_pscA.o)
 .bss           0x0000000000800419        0x0 /usr/lib/gcc/avr/5.4.0/../../../avr/lib/avr6/libm.a(fp_pscB.o)
 .bss           0x0000000000800419        0x0 /usr/lib/gcc/avr/5.4.0/../../../avr/lib/avr6/libm.a(fp_round.o)
 .bss           0x0000000000800419        0x0 /usr/lib/gcc/avr/5.4.0/../../../avr/lib/avr6/libm.a(fp_split3.o)
 .bss           0x0000000000800419        0x0 /usr/lib/gcc/avr/5.4.0/../../../avr/lib/avr6/libm.a(fp_zero.o)
 .bss           0x0000000000800419        0x0 /usr/lib/gcc/avr/5.4.0/../../../avr/lib/avr6/libm.a(inverse.o)
 .bss           0x0000000000800419        0x0 /usr/lib/gcc/avr/5.4.0/../../../avr/lib/avr6/libm.a(mulsf3.o)
 .bss           0x0000000000800419        0x0 /usr/lib/gcc/avr/5.4.0/../../../avr/lib/avr6/libm.a(mulsf3x.o)
 .bss           0x0000000000800419        0x0 /usr/lib/gcc/avr/5.4.0/../../../avr/lib/avr6/libm.a(square.o)
 .bss           0x0000000000800419        0x0 /usr/lib/gcc/avr/5.4.0/../../../avr/lib/avr6/libc.a(malloc.o)
 .bss           0x0000000000800419        0x0 /usr/lib/gcc/avr/5.4.0/../../../avr/lib/avr6/libc.a(realloc.o)
 .bss           0x0000000000800419        0x0 /usr/lib/gcc/avr/5.4.0/../../../avr/lib/avr6/libc.a(ftoa_engine.o)
 .bss           0x0000000000800419        0x0 /usr/lib/gcc/avr/5.4.0/../../../avr/lib/avr6/libc.a(isspace.o)
 .bss           0x0000000000800419        0x0 /usr/lib/gcc/avr/5.4.0/../../../avr/lib/avr6/libc.a(tolower.o)
 .bss           0x0000000000800419        0x0 /usr/lib/gcc/avr/5.4.0/../../../avr/lib/avr6/libc.a(strchr_P.o)
 .bss           0x0000000000800419        0x0 /usr/lib/gcc/avr/5.4.0/../../../avr/lib/avr6/libc.a(strnlen_P.o)
 .bss           0x0000000000800419        0x0 /usr/lib/gcc/avr/5.4.0/../../../avr/lib/avr6/libc.a(memcpy.o)
 .bss           0x0000000000800419        0x0 /usr/lib/gcc/avr/5.4.0/../../../avr/lib/avr6/libc.a(memset.o)
 .bss           0x0000000000800419        0x0 /usr/lib/gcc/avr/5.4.0/../../../avr/lib/avr6/libc.a(strnlen.o)
 .bss           0x0000000000800419        0x0 /usr/lib/gcc/avr/5.4.0/../../../avr/lib/avr6/libc.a(fgetc.o)
 .bss           0x0000000000800419        0x0 /usr/lib/gcc/avr/5.4.0/../../../avr/lib/avr6/libc.a(fputc.o)
 .bss           0x0000000000800419        0x0 /usr/lib/gcc/avr/5.4.0/../../../avr/lib/avr6/libc.a(vsprintf.o)
 .bss           0x0000000000800419        0x0 /usr/lib/gcc/avr/5.4.0/../../../avr/lib/avr6/libc.a(ungetc.o)
 .bss           0x0000000000800419        0x0 /usr/lib/gcc/avr/5.4.0/../../../avr/lib/avr6/libc.a(ultoa_invert.o)
 .bss           0x0000000000800419        0x0 /usr/lib/gcc/avr/5.4.0/../../../avr/lib/avr6/libc.a(cty_isfalse.o)
 *(.bss*)
 .bss._ZZN13SerialManager11getInstanceE10SerialPortE8instance
                0x0000000000800419        0x8 build/dht11.o
                0x0000000000800419                _ZZN13SerialManager11getInstanceE10SerialPortE8instance
 *(COMMON)
 COMMON         0x0000000000800421        0x4 /usr/lib/gcc/avr/5.4.0/../../../avr/lib/avr6/libc.a(malloc.o)
                0x0000000000800421                __brkval
                0x0000000000800423                __flp
                0x0000000000800425                PROVIDE (__bss_end, .)
                0x00000000000054ce                __data_load_start = LOADADDR (.data)
                0x000000000000560a                __data_load_end = (__data_load_start + SIZEOF (.data))

.noinit         0x0000000000800425        0x0
                [!provide]                        PROVIDE (__noinit_start, .)
 *(.noinit*)
                [!provide]                        PROVIDE (__noinit_end, .)
                0x0000000000800425                _end = .
                0x0000000000800425                PROVIDE (__heap_start, .)

.eeprom         0x0000000000810000        0x0
 *(.eeprom*)
                0x0000000000810000                __eeprom_end = .

.fuse
 *(.fuse)
 *(.lfuse)
 *(.hfuse)
 *(.efuse)

.lock
 *(.lock*)

.signature
 *(.signature*)

.user_signatures
 *(.user_signatures*)

.stab
 *(.stab)

.stabstr
 *(.stabstr)

.stab.excl
 *(.stab.excl)

.stab.exclstr
 *(.stab.exclstr)

.stab.index
 *(.stab.index)

.stab.indexstr
 *(.stab.indexstr)

.comment        0x0000000000000000       0x11
 *(.comment)
 .comment       0x0000000000000000       0x11 /usr/lib/gcc/avr/5.4.0/../../../avr/lib/avr6/libscanf_flt.a(vfscanf_flt.o)
                                         0x12 (size before relaxing)
 .comment       0x0000000000000011       0x12 /usr/lib/gcc/avr/5.4.0/../../../avr/lib/avr6/libprintf_flt.a(vfprintf_flt.o)
 .comment       0x0000000000000011       0x12 build/cppfix.o
 .comment       0x0000000000000011       0x12 build/dht11.o
 .comment       0x0000000000000011       0x12 build/hmc5883.o
 .comment       0x0000000000000011       0x12 build/i2cmaster.o
 .comment       0x0000000000000011       0x12 build/i2cslave.o
 .comment       0x0000000000000011       0x12 build/interrupt.o
 .comment       0x0000000000000011       0x12 build/main.o
 .comment       0x0000000000000011       0x12 build/mpu6050.o
 .comment       0x0000000000000011       0x12 build/portmanager.o
 .comment       0x0000000000000011       0x12 build/serial.o
 .comment       0x0000000000000011       0x12 build/spimaster.o
 .comment       0x0000000000000011       0x12 build/spislave.o
 .comment       0x0000000000000011       0x12 build/timer.o
 .comment       0x0000000000000011       0x12 /usr/lib/gcc/avr/5.4.0/../../../avr/lib/avr6/libc.a(malloc.o)
 .comment       0x0000000000000011       0x12 /usr/lib/gcc/avr/5.4.0/../../../avr/lib/avr6/libc.a(realloc.o)
 .comment       0x0000000000000011       0x12 /usr/lib/gcc/avr/5.4.0/../../../avr/lib/avr6/libc.a(fgetc.o)
 .comment       0x0000000000000011       0x12 /usr/lib/gcc/avr/5.4.0/../../../avr/lib/avr6/libc.a(fputc.o)
 .comment       0x0000000000000011       0x12 /usr/lib/gcc/avr/5.4.0/../../../avr/lib/avr6/libc.a(vsprintf.o)
 .comment       0x0000000000000011       0x12 /usr/lib/gcc/avr/5.4.0/../../../avr/lib/avr6/libc.a(ungetc.o)

.note.gnu.avr.deviceinfo
                0x0000000000000000       0x40
 .note.gnu.avr.deviceinfo
                0x0000000000000000       0x40 /usr/lib/gcc/avr/5.4.0/../../../avr/lib/avr6/crtatmega2560.o

.note.gnu.build-id
 *(.note.gnu.build-id)

.debug
 *(.debug)

.line
 *(.line)

.debug_srcinfo
 *(.debug_srcinfo)

.debug_sfnames
 *(.debug_sfnames)

.debug_aranges
 *(.debug_aranges)

.debug_pubnames
 *(.debug_pubnames)

.debug_info     0x0000000000000000      0xbbc
 *(.debug_info .gnu.linkonce.wi.*)
 .debug_info    0x0000000000000000      0xbbc /usr/lib/gcc/avr/5.4.0/../../../avr/lib/avr6/crtatmega2560.o

.debug_abbrev   0x0000000000000000      0xb1a
 *(.debug_abbrev)
 .debug_abbrev  0x0000000000000000      0xb1a /usr/lib/gcc/avr/5.4.0/../../../avr/lib/avr6/crtatmega2560.o

.debug_line     0x0000000000000000       0x1a
 *(.debug_line .debug_line.* .debug_line_end)
 .debug_line    0x0000000000000000       0x1a /usr/lib/gcc/avr/5.4.0/../../../avr/lib/avr6/crtatmega2560.o

.debug_frame
 *(.debug_frame)

.debug_str      0x0000000000000000      0x3e6
 *(.debug_str)
 .debug_str     0x0000000000000000      0x3e6 /usr/lib/gcc/avr/5.4.0/../../../avr/lib/avr6/crtatmega2560.o

.debug_loc
 *(.debug_loc)

.debug_macinfo
 *(.debug_macinfo)

.debug_weaknames
 *(.debug_weaknames)

.debug_funcnames
 *(.debug_funcnames)

.debug_typenames
 *(.debug_typenames)

.debug_varnames
 *(.debug_varnames)

.debug_pubtypes
 *(.debug_pubtypes)

.debug_ranges
 *(.debug_ranges)

.debug_macro
 *(.debug_macro)
OUTPUT(build/main.elf elf32-avr)
LOAD linker stubs
